Microchip MPLAB XC8 Compiler V2.50

Linker command line:

-W-3 \
  --edf=C:\Program Files\Microchip\xc8\v2.50\pic\dat\20240725155939_en.msgs \
  -cn -h+dist/default/debug\FSM-communication.debug.sym \
  --cmf=dist/default/debug\FSM-communication.debug.cmf -z -Q18F46K22 \
  -oC:\Users\HPPAVI~1\AppData\Local\Temp\xcAsfa4.\driver_tmp_3.o \
  --defsym=__MPLAB_BUILD=1 --fixupoverflow=error \
  -Mdist/default/debug/FSM-communication.debug.map \
  --md=C:\Users\HPPAVI~1\AppData\Local\Temp\xcAsfa4.\driver_tmp_0.dat -E1 \
  -ver=XC8 Compiler --acfsm=1493 -ACODE=00h-0FFFFh -ACONST=00h-0FFFFh \
  -ASMALLCONST=01000h-010FFhx240 -AMEDIUMCONST=01000h-0FFFFh \
  -ACOMRAM=01h-05Fh -AABS1=00h-0F37h -ABIGRAM=01h-0F37h \
  -ARAM=060h-0FFh,0100h-01FFhx14,0F00h-0F37h -ABANK0=060h-0FFh \
  -ABANK1=0100h-01FFh -ABANK2=0200h-02FFh -ABANK3=0300h-03FFh \
  -ABANK4=0400h-04FFh -ABANK5=0500h-05FFh -ABANK6=0600h-06FFh \
  -ABANK7=0700h-07FFh -ABANK8=0800h-08FFh -ABANK9=0900h-09FFh \
  -ABANK10=0A00h-0AFFh -ABANK11=0B00h-0BFFh -ABANK12=0C00h-0CFFh \
  -ABANK13=0D00h-0DFFh -ABANK14=0E00h-0EFFh -ABANK15=0F00h-0F37h \
  -ASFR=0F38h-0F5Fh,0F60h-0FFFh -ABIGSFR=0F38h-0FFFh \
  -ACONFIG=0300000h-030000Dh -AIDLOC=0200000h-0200007h \
  -AEEDATA=0F00000h-0F003FFh -peeprom_data=EEDATA \
  -preset_vec=00h,intcode=8h,intcodelo,powerup,init -pramtop=01000h \
  -psmallconst=SMALLCONST -pmediumconst=MEDIUMCONST -pconst=CONST \
  -AFARRAM=00h-00h \
  -prdata=COMRAM,nvrram=COMRAM,nvbit=COMRAM,rbss=COMRAM,rbit=COMRAM \
  -pfarbss=FARRAM,fardata=FARRAM,nvFARRAM=FARRAM \
  -pintsave_regs=BIGRAM,bigbss=BIGRAM,bigdata=BIGRAM -pbss=RAM \
  -pidata=CODE,irdata=CODE,ibigdata=CODE,ifardata=CODE -prparam=COMRAM \
  C:\Users\HPPAVI~1\AppData\Local\Temp\xcAsfa4.\driver_tmp_14.o \
  dist/default/debug\FSM-communication.debug.o 

Object code version is 3.11

Machine type is 18F46K22



                Name                               Link     Load   Length Selector   Space Scale
C:\Users\HPPAVI~1\AppData\Local\Temp\xcAsfa4.\driver_tmp_14.o
                idloc                            200000   200000        8        0       5
                config                           300000   300000        E        0       4
                init                                112      112        4        4       0
                reset_vec                             0        0        4        0       0
dist/default/debug\FSM-communication.debug.o
                intcode                               8        8      10A        4       0
                idloc                            200000   200000        8        0       5
                config                           300000   300000        E        0       4
                temp                                 4A       4A        1        1       1
                smallconst                         1000     1000       F2      800       0
                text109                            37E6     37E6       28      879       0
                text108                            39FE     39FE        6      879       0
                text107                            3A32     3A32        2     1D16       0
                text106                            39F8     39F8        6      879       0
                text105                            39F0     39F0        8      879       0
                text104                            3A30     3A30        2     1D16       0
                text103                            3622     3622       38      879       0
                text102                            37BE     37BE       28      879       0
                text101                            392C     392C        E      879       0
                text100                            3A24     3A24        4      879       0
                text99                             396A     396A        C      879       0
                text98                             3A2E     3A2E        2     1D16       0
                text97                             35AE     35AE       3C      879       0
                text96                             3796     3796       28      879       0
                text95                             391E     391E        E      879       0
                text94                             3A20     3A20        4      879       0
                text93                             395E     395E        C      879       0
                text92                             3A2C     3A2C        2     1D16       0
                text91                             3572     3572       3C      879       0
                text90                             376E     376E       28      879       0
                text89                             3A1C     3A1C        4      879       0
                text88                             3872     3872       1A      879       0
                text87                             327A     327A       50      879       0
                text86                             3472     3472       42      879       0
                text85                             23CA     23CA       CE      879       0
                text84                             255A     255A       BE      879       0
                text82                             3132     3132       56      879       0
                text81                             38A4     38A4       18      879       0
                text80                             3952     3952        C      879       0
                text79                             39E8     39E8        8      879       0
                text78                             2EEC     2EEC       68      879       0
                text77                             38FA     38FA       14      879       0
                text76                             39E0     39E0        8      879       0
                text75                             38E6     38E6       14      879       0
                text74                             38D2     38D2       14      879       0
                text73                             3A18     3A18        4      879       0
                text72                             3A14     3A14        4      879       0
                text71                             36C4     36C4       30      879       0
                text70                             39D8     39D8        8      879       0
                text69                             2A4A     2A4A       A2      879       0
                text68                             2B70     2B70       84      879       0
                text67                             33A2     33A2       48      879       0
                text66                             30D4     30D4       5E      879       0
                text65                             2C68     2C68       70      879       0
                text64                             3076     3076       5E      879       0
                text63                             36F4     36F4       2A      879       0
                text62                             322A     322A       50      879       0
                text61                             3430     3430       42      879       0
                text60                             2220     2220       D6      879       0
                text59                             3834     3834       20      879       0
                text58                             38BC     38BC       16      879       0
                text57                             380E     380E       26      879       0
                text56                             3A10     3A10        4      879       0
                text55                             2AEC     2AEC       84      879       0
                text54                             2498     2498       C2      879       0
                text53                             28F4     28F4       AE      879       0
                text52                             3690     3690       34      879       0
                text51                             39C6     39C6        A      879       0
                text50                             278C     278C       BA      879       0
                text49                             34F4     34F4       40      879       0
                text48                             2F54     2F54       66      879       0
                text47                             1C1C     1C1C      1B4      879       0
                text46                             29A2     29A2       A8      879       0
                text45                             2036     2036      106      879       0
                text44                             1DD0     1DD0      142      879       0
                text43                             18E0     18E0      33C      879       0
                text42                             33EA     33EA       46      879       0
                text41                             34B4     34B4       40      879       0
                text40                             2E84     2E84       68      879       0
                text39                             335A     335A       48      879       0
                text38                             3312     3312       48      879       0
                text37                             3018     3018       5E      879       0
                text36                             32CA     32CA       48      879       0
                text35                             26D2     26D2       BA      879       0
                text34                             2FBA     2FBA       5E      879       0
                text33                             2618     2618       BA      879       0
                text32                             39BC     39BC        A      879       0
                text31                             3A0C     3A0C        4      879       0
                text30                             3A08     3A08        4      879       0
                text29                             2E1A     2E1A       6A      879       0
                text28                             31DA     31DA       50      879       0
                text27                             39D0     39D0        8      879       0
                text26                             2BF4     2BF4       74      879       0
                text25                             2D44     2D44       6C      879       0
                text24                             2DB0     2DB0       6A      879       0
                text23                             10F2     10F2      472      879       0
                text22                             213C     213C       E4      879       0
                text21                             388C     388C       18      879       0
                text20                             3534     3534       3E      879       0
                text19                             22F6     22F6       D4      879       0
                text18                             1F12     1F12      124      879       0
                text17                             1564     1564      37C      879       0
                text16                             39B2     39B2        A      879       0
                text15                             39A8     39A8        A      879       0
                text14                             399E     399E        A      879       0
                text13                             3994     3994        A      879       0
                text12                             3188     3188       52      879       0
                text11                             3A04     3A04        4      879       0
                text10                             3946     3946        C      879       0
                text9                              35EA     35EA       38      879       0
                text8                              398A     398A        A      879       0
                text7                              365A     365A       36      879       0
                text6                              3980     3980        A      879       0
                text5                              3746     3746       28      879       0
                text4                              3976     3976        A      879       0
                text3                              371E     371E       28      879       0
                text2                              3854     3854       1E      879       0
                text1                              390E     390E       10      879       0
                text0                              2846     2846       AE      879       0
                cstackCOMRAM                          1        1       34        1       1
                cstackBANK0                          60       60       3A       60       1
                cstackBANK1                         190      190       47      100       1
                dataBANK1                           1D7      1D7        C      100       1
                bssBANK1                            100      100       90      100       1
                dataBANK0                            D5       D5        3       60       1
                bssBANK0                             9A       9A       2F       60       1
                bssCOMRAM                            35       35       15        1       1
                cinit                              2CD8     2CD8       6C      879       0
                nvBANK1                             1E3      1E3        2      100       1
                nvBANK0                              C9       C9        C       60       1
                idataBANK1                         393A     393A        C      879       0
                idataBANK0                         3A28     3A28        3      879       0

TOTAL           Name                               Link     Load   Length     Space
        CLASS   CODE           
                intcode                               8        8      10A         0
                init                                112      112        4         0
                reset_vec                             0        0        4         0
                text109                            37E6     37E6       28         0
                text108                            39FE     39FE        6         0
                text107                            3A32     3A32        2         0
                text106                            39F8     39F8        6         0
                text105                            39F0     39F0        8         0
                text104                            3A30     3A30        2         0
                text103                            3622     3622       38         0
                text102                            37BE     37BE       28         0
                text101                            392C     392C        E         0
                text100                            3A24     3A24        4         0
                text99                             396A     396A        C         0
                text98                             3A2E     3A2E        2         0
                text97                             35AE     35AE       3C         0
                text96                             3796     3796       28         0
                text95                             391E     391E        E         0
                text94                             3A20     3A20        4         0
                text93                             395E     395E        C         0
                text92                             3A2C     3A2C        2         0
                text91                             3572     3572       3C         0
                text90                             376E     376E       28         0
                text89                             3A1C     3A1C        4         0
                text88                             3872     3872       1A         0
                text87                             327A     327A       50         0
                text86                             3472     3472       42         0
                text85                             23CA     23CA       CE         0
                text84                             255A     255A       BE         0
                text82                             3132     3132       56         0
                text81                             38A4     38A4       18         0
                text80                             3952     3952        C         0
                text79                             39E8     39E8        8         0
                text78                             2EEC     2EEC       68         0
                text77                             38FA     38FA       14         0
                text76                             39E0     39E0        8         0
                text75                             38E6     38E6       14         0
                text74                             38D2     38D2       14         0
                text73                             3A18     3A18        4         0
                text72                             3A14     3A14        4         0
                text71                             36C4     36C4       30         0
                text70                             39D8     39D8        8         0
                text69                             2A4A     2A4A       A2         0
                text68                             2B70     2B70       84         0
                text67                             33A2     33A2       48         0
                text66                             30D4     30D4       5E         0
                text65                             2C68     2C68       70         0
                text64                             3076     3076       5E         0
                text63                             36F4     36F4       2A         0
                text62                             322A     322A       50         0
                text61                             3430     3430       42         0
                text60                             2220     2220       D6         0
                text59                             3834     3834       20         0
                text58                             38BC     38BC       16         0
                text57                             380E     380E       26         0
                text56                             3A10     3A10        4         0
                text55                             2AEC     2AEC       84         0
                text54                             2498     2498       C2         0
                text53                             28F4     28F4       AE         0
                text52                             3690     3690       34         0
                text51                             39C6     39C6        A         0
                text50                             278C     278C       BA         0
                text49                             34F4     34F4       40         0
                text48                             2F54     2F54       66         0
                text47                             1C1C     1C1C      1B4         0
                text46                             29A2     29A2       A8         0
                text45                             2036     2036      106         0
                text44                             1DD0     1DD0      142         0
                text43                             18E0     18E0      33C         0
                text42                             33EA     33EA       46         0
                text41                             34B4     34B4       40         0
                text40                             2E84     2E84       68         0
                text39                             335A     335A       48         0
                text38                             3312     3312       48         0
                text37                             3018     3018       5E         0
                text36                             32CA     32CA       48         0
                text35                             26D2     26D2       BA         0
                text34                             2FBA     2FBA       5E         0
                text33                             2618     2618       BA         0
                text32                             39BC     39BC        A         0
                text31                             3A0C     3A0C        4         0
                text30                             3A08     3A08        4         0
                text29                             2E1A     2E1A       6A         0
                text28                             31DA     31DA       50         0
                text27                             39D0     39D0        8         0
                text26                             2BF4     2BF4       74         0
                text25                             2D44     2D44       6C         0
                text24                             2DB0     2DB0       6A         0
                text23                             10F2     10F2      472         0
                text22                             213C     213C       E4         0
                text21                             388C     388C       18         0
                text20                             3534     3534       3E         0
                text19                             22F6     22F6       D4         0
                text18                             1F12     1F12      124         0
                text17                             1564     1564      37C         0
                text16                             39B2     39B2        A         0
                text15                             39A8     39A8        A         0
                text14                             399E     399E        A         0
                text13                             3994     3994        A         0
                text12                             3188     3188       52         0
                text11                             3A04     3A04        4         0
                text10                             3946     3946        C         0
                text9                              35EA     35EA       38         0
                text8                              398A     398A        A         0
                text7                              365A     365A       36         0
                text6                              3980     3980        A         0
                text5                              3746     3746       28         0
                text4                              3976     3976        A         0
                text3                              371E     371E       28         0
                text2                              3854     3854       1E         0
                text1                              390E     390E       10         0
                text0                              2846     2846       AE         0
                cinit                              2CD8     2CD8       6C         0
                idataBANK1                         393A     393A        C         0
                idataBANK0                         3A28     3A28        3         0

        CLASS   CONST          

        CLASS   SMALLCONST     
                smallconst                         1000     1000       F2         0

        CLASS   MEDIUMCONST    

        CLASS   COMRAM         
                temp                                 4A       4A        1         1
                cstackCOMRAM                          1        1       34         1
                bssCOMRAM                            35       35       15         1

        CLASS   ABS1           

        CLASS   BIGRAM         

        CLASS   RAM            

        CLASS   BANK0          
                cstackBANK0                          60       60       3A         1
                dataBANK0                            D5       D5        3         1
                bssBANK0                             9A       9A       2F         1
                nvBANK0                              C9       C9        C         1

        CLASS   BANK1          
                cstackBANK1                         190      190       47         1
                dataBANK1                           1D7      1D7        C         1
                bssBANK1                            100      100       90         1
                nvBANK1                             1E3      1E3        2         1

        CLASS   BANK2          

        CLASS   BANK3          

        CLASS   BANK4          

        CLASS   BANK5          

        CLASS   BANK6          

        CLASS   BANK7          

        CLASS   BANK8          

        CLASS   BANK9          

        CLASS   BANK10         

        CLASS   BANK11         

        CLASS   BANK12         

        CLASS   BANK13         

        CLASS   BANK14         

        CLASS   BANK15         

        CLASS   SFR            

        CLASS   BIGSFR         

        CLASS   CONFIG         
                config                           300000   300000        E         4

        CLASS   IDLOC          
                idloc                            200000   200000        8         5

        CLASS   EEDATA         

        CLASS   FARRAM         

        CLASS   HEAP           

        CLASS   STACK          



SEGMENTS        Name                           Load    Length   Top    Selector   Space  Class

                reset_vec                      000000  000004  000004         0       0  CODE    
                cstackCOMRAM                   000001  00004A  00004B         1       1  COMRAM  
                intcode                        000008  00010E  000116         4       0  CODE    
                cstackBANK0                    000060  000078  0000D8        60       1  BANK0   
                bssBANK1                       000100  0000E5  0001E5       100       1  BANK1   
                smallconst                     001000  0000F2  0010F2       800       0  SMALLCON
                text23                         0010F2  002939  003A2B       879       0  CODE    
                text92                         003A2C  000008  003A34      1D16       0  CODE    


UNUSED ADDRESS RANGES

        Name                Unused          Largest block    Delta
        BANK0            0000D8-0000FF               28
        BANK1            0001E5-0001FF               1B
        BANK10           000A00-000AFF              100
        BANK11           000B00-000BFF              100
        BANK12           000C00-000CFF              100
        BANK13           000D00-000DFF              100
        BANK14           000E00-000EFF              100
        BANK15           000F00-000F37               38
        BANK2            000200-0002FF              100
        BANK3            000300-0003FF              100
        BANK4            000400-0004FF              100
        BANK5            000500-0005FF              100
        BANK6            000600-0006FF              100
        BANK7            000700-0007FF              100
        BANK8            000800-0008FF              100
        BANK9            000900-0009FF              100
        BIGRAM           00004B-00005F               15
                         0000D8-0000FF               28
                         0001E5-000F37              D53
        BIGSFR           000F38-000FFF               C8
        CODE             000004-000007                4
                         000116-000FFF              EEA
                         003A2B-003A2B                1
                         003A34-00FFFF             C5CC
        COMRAM           00004B-00005F               15
        CONST            000004-000007                4
                         000116-000FFF              EEA
                         003A2B-003A2B                1
                         003A34-00FFFF             C5CC
        EEDATA           F00000-F003FF              400
        MEDIUMCONST      003A2B-003A2B                1
                         003A34-00FFFF             C5CC
        RAM              0000D8-0000FF               28
                         0001E5-000F37              100
        SFR              000F38-000FFF               28
        SMALLCONST       003A2B-003A2B                1
                         003A34-00FFFF              100

                                  Symbol Table

?___awdiv                                       cstackCOMRAM 000016
?___awmod                                       cstackCOMRAM 000016
?___lmul                                        cstackCOMRAM 000016
?___strtoxl                                     cstackCOMRAM 000022
?_abs                                           cstackCOMRAM 00001C
?_get_ID                                        cstackCOMRAM 000016
?_parse_frameID                                 cstackCOMRAM 000016
?_read_prec_or_width                            cstackCOMRAM 000016
?_sprintf                                       cstackBANK0  000078
?_strlen                                        cstackCOMRAM 000016
?_vfprintf                                      cstackBANK0  000074
?i2_strlen                                      cstackCOMRAM 000001
ACKframeChecksum@frame                          cstackBANK0  000094
AD5593_ADC_convert@channel                      cstackCOMRAM 00001B
AD5593_get_conv_result@ch_address               cstackCOMRAM 000025
AD5593_get_conv_result@channel                  cstackCOMRAM 000020
AD5593_get_conv_result@conv_result              cstackCOMRAM 000026
ChecksumCalc@dataString                         cstackBANK0  00008F
ChecksumCalc@i                                  cstackBANK0  000092
ChecksumCalc@xorTemp                            cstackBANK0  000091
EUSART1_SetErrorHandler@interruptHandler        cstackCOMRAM 000016
EUSART1_SetFramingErrorHandler@interruptHandler cstackCOMRAM 000016
EUSART1_SetOverrunErrorHandler@interruptHandler cstackCOMRAM 000016
EUSART1_SetRxInterruptHandler@interruptHandler  cstackCOMRAM 000016
EUSART1_Write@txData                            cstackCOMRAM 000016
Execute@acknowledge_frame                       cstackBANK1  0001B8
Execute@data_ch1                                cstackBANK1  000190
Execute@data_ch2                                cstackBANK1  00019A
Execute@data_ch3                                cstackBANK1  0001A4
Execute@data_ch4                                cstackBANK1  0001AE
Execute@k                                       cstackBANK1  0001D6
GetChecksumValue@i                              cstackCOMRAM 00001F
GetChecksumValue@index                          cstackCOMRAM 00001E
I2C1_MasterGetRxData@ack                        cstackCOMRAM 000017
I2C1_MasterGetRxData@b                          cstackCOMRAM 000018
I2C1_MasterSendNack@ack                         cstackCOMRAM 000016
I2C1_MasterSendTxData@data                      cstackCOMRAM 000016
Parse@i                                         cstackCOMRAM 000017
ReceivedFrameChecksum@hexCRCresult              cstackBANK0  000096
ReceivedFrameChecksum@hexFrameCheckSum          cstackBANK0  000094
TMR0_SetInterruptHandler@InterruptHandler       cstackCOMRAM 000016
TMR1_SetInterruptHandler@InterruptHandler       cstackCOMRAM 000016
TMR1_WriteTimer@timerVal                        cstackCOMRAM 000001
TMR3_SetInterruptHandler@InterruptHandler       cstackCOMRAM 000016
TMR3_WriteTimer@timerVal                        cstackCOMRAM 000001
TrimFrame@i                                     cstackCOMRAM 00001F
TrimFrame@index                                 cstackCOMRAM 00001E
_ACKframeChecksum                               text39       00335A
_AD5593_ADC_convert                             text38       003312
_AD5593_ADC_read                                text33       002618
_AD5593_get_conv_result                         text35       0026D2
_AD5593_init_w_EVREF                            text63       0036F4
_AD5593_reset                                   text77       0038FA
_ADC_ch_config                                  text67       0033A2
_ADC_result                                     bssBANK0     0000BC
_ADC_result0                                    dataBANK0    0000D5
_ANSELA                                         (abs)        000F38
_ANSELB                                         (abs)        000F39
_ANSELC                                         (abs)        000F3A
_ANSELD                                         (abs)        000F3B
_ANSELE                                         (abs)        000F3C
_BAUDCON1                                       (abs)        000FB8
_CRCresult                                      bssBANK0     0000C7
_ChecksumCalc                                   text40       002E84
_Decode                                         text18       001F12
_Destination_Check                              text20       003534
_EUSART1_DefaultErrorHandler                    text108      0039FE
_EUSART1_DefaultFramingErrorHandler             text107      003A32
_EUSART1_DefaultOverrunErrorHandler             text106      0039F8
_EUSART1_ErrorHandler                           nvBANK1      0001E3
_EUSART1_FramingErrorHandler                    nvBANK0      0000D1
_EUSART1_Initialize                             text12       003188
_EUSART1_OverrunErrorHandler                    nvBANK0      0000CF
_EUSART1_Read                                   text90       00376E
_EUSART1_Receive_ISR                            text84       00255A
_EUSART1_RxDataHandler                          text109      0037E6
_EUSART1_RxDefaultInterruptHandler              nvBANK0      0000D3
_EUSART1_SetErrorHandler                        text16       0039B2
_EUSART1_SetFramingErrorHandler                 text15       0039A8
_EUSART1_SetOverrunErrorHandler                 text14       00399E
_EUSART1_SetRxInterruptHandler                  text13       003994
_EUSART1_Write                                  text58       0038BC
_EUSART1_is_tx_ready                            text57       00380E
_EUSART1_is_tx_ready$688                        cstackCOMRAM 000016
_Execute                                        text17       001564
_FrameCheckSum                                  bssBANK0     0000C4
_GetChecksumValue                               text26       002BF4
_I2C1_MasterEnableRestart                       text76       0039E0
_I2C1_MasterGetRxData                           text71       0036C4
_I2C1_MasterIsNack                              text81       0038A4
_I2C1_MasterIsRxBufFull                         text75       0038E6
_I2C1_MasterSendNack                            text74       0038D2
_I2C1_MasterSendTxData                          text80       003952
_I2C1_MasterStart                               text79       0039E8
_I2C1_MasterStartRx                             text73       003A18
_I2C1_MasterStop                                text70       0039D8
_I2C1_MasterStopRx                              text72       003A14
_I2C1_WaitIdle                                  text82       003132
_INTCON2bits                                    (abs)        000FF1
_INTCONbits                                     (abs)        000FF2
_INTERRUPT_Initialize                           text11       003A04
_INTERRUPT_InterruptManager                     intcode      000008
_Idle                                           text21       00388C
_Initialize                                     text27       0039D0
_LATA                                           (abs)        000F89
_LATB                                           (abs)        000F8A
_LATC                                           (abs)        000F8B
_LATCbits                                       (abs)        000F8B
_LATD                                           (abs)        000F8C
_LATDbits                                       (abs)        000F8C
_LATE                                           (abs)        000F8D
_OSCCON                                         (abs)        000FD3
_OSCCON2                                        (abs)        000FD2
_OSCILLATOR_Initialize                          text10       003946
_OSCTUNE                                        (abs)        000F9B
_PIE1bits                                       (abs)        000F9D
_PIE2bits                                       (abs)        000FA0
_PIN_MANAGER_Initialize                         text9        0035EA
_PIR1bits                                       (abs)        000F9E
_PIR2bits                                       (abs)        000FA1
_PORTAbits                                      (abs)        000F80
_Parse                                          text19       0022F6
_RCONbits                                       (abs)        000FD0
_RCREG1                                         (abs)        000FAE
_RCSTA1                                         (abs)        000FAB
_RCSTA1bits                                     (abs)        000FAB
_ReceivedFrameChecksum                          text22       00213C
_SPBRG1                                         (abs)        000FAF
_SPBRGH1                                        (abs)        000FB0
_SSP2ADD                                        (abs)        000F6E
_SSP2BUF                                        (abs)        000F6F
_SSP2CON1                                       (abs)        000F6C
_SSP2CON1bits                                   (abs)        000F6C
_SSP2CON2                                       (abs)        000F6B
_SSP2CON2bits                                   (abs)        000F6B
_SSP2STAT                                       (abs)        000F6D
_SSP2STATbits                                   (abs)        000F6D
_SYSTEM_Initialize                              text2        003854
_T                                              bssBANK0     0000B1
_T0CON                                          (abs)        000FD5
_T0CONbits                                      (abs)        000FD5
_T1CON                                          (abs)        000FCD
_T1CONbits                                      (abs)        000FCD
_T1GCON                                         (abs)        000FCC
_T1GCONbits                                     (abs)        000FCC
_T3CON                                          (abs)        000FB1
_T3CONbits                                      (abs)        000FB1
_T3GCON                                         (abs)        000FB4
_T3GCONbits                                     (abs)        000FB4
_TMR0H                                          (abs)        000FD7
_TMR0L                                          (abs)        000FD6
_TMR0_DefaultInterruptHandler                   text104      003A30
_TMR0_ISR                                       text103      003622
_TMR0_Initialize                                text7        00365A
_TMR0_InterruptHandler                          nvBANK0      0000CD
_TMR0_Reload                                    text32       0039BC
_TMR0_SetInterruptHandler                       text8        00398A
_TMR0_StartTimer                                text31       003A0C
_TMR0_StopTimer                                 text30       003A08
_TMR1                                           (abs)        000FCE
_TMR1H                                          (abs)        000FCF
_TMR1L                                          (abs)        000FCE
_TMR1_DefaultInterruptHandler                   text98       003A2E
_TMR1_ISR                                       text97       0035AE
_TMR1_Initialize                                text5        003746
_TMR1_InterruptHandler                          nvBANK0      0000CB
_TMR1_Reload                                    text101      00392C
_TMR1_SetInterruptHandler                       text6        003980
_TMR1_StartTimer                                text56       003A10
_TMR1_StopTimer                                 text100      003A24
_TMR1_WriteTimer                                text102      0037BE
_TMR3                                           (abs)        000FB2
_TMR3H                                          (abs)        000FB3
_TMR3L                                          (abs)        000FB2
_TMR3_DefaultInterruptHandler                   text92       003A2C
_TMR3_ISR                                       text91       003572
_TMR3_Initialize                                text3        00371E
_TMR3_InterruptHandler                          nvBANK0      0000C9
_TMR3_Reload                                    text95       00391E
_TMR3_SetInterruptHandler                       text4        003976
_TMR3_StartTimer                                text89       003A1C
_TMR3_StopTimer                                 text94       003A20
_TMR3_WriteTimer                                text96       003796
_TRISA                                          (abs)        000F92
_TRISB                                          (abs)        000F93
_TRISC                                          (abs)        000F94
_TRISD                                          (abs)        000F95
_TRISE                                          (abs)        000F96
_TXREG1                                         (abs)        000FAD
_TXSTA1                                         (abs)        000FAC
_TXSTA1bits                                     (abs)        000FAC
_T_OFF                                          bssCOMRAM    000043
_T_ON                                           bssCOMRAM    000042
_Time                                           bssBANK1     000180
_Timer0IntHandler                               text105      0039F0
_Timer1IntHandler                               text99       00396A
_Timer3IntHandler                               text93       00395E
_TrimFrame                                      text25       002D44
_TrimmedAckFrame                                bssBANK1     000100
_TrimmedFrame                                   bssBANK1     000144
_WPUB                                           (abs)        000F61
__HRAM                                          (abs)        000000
__H__absolute__                                 __absolute__ 000000
__Habs1                                         abs1         000000
__Hbank0                                        bank0        000000
__Hbank1                                        bank1        000000
__Hbank10                                       bank10       000000
__Hbank11                                       bank11       000000
__Hbank12                                       bank12       000000
__Hbank13                                       bank13       000000
__Hbank14                                       bank14       000000
__Hbank15                                       bank15       000000
__Hbank2                                        bank2        000000
__Hbank3                                        bank3        000000
__Hbank4                                        bank4        000000
__Hbank5                                        bank5        000000
__Hbank6                                        bank6        000000
__Hbank7                                        bank7        000000
__Hbank8                                        bank8        000000
__Hbank9                                        bank9        000000
__Hbigbss                                       bigbss       000000
__Hbigdata                                      bigdata      000000
__Hbigram                                       bigram       000000
__Hbigsfr                                       bigsfr       000000
__Hbss                                          bss          000000
__HbssBANK0                                     bssBANK0     000000
__HbssBANK1                                     bssBANK1     000000
__HbssCOMRAM                                    bssCOMRAM    000000
__Hcinit                                        cinit        000000
__Hclrtext                                      clrtext      000000
__Hcomram                                       comram       000000
__Hconfig                                       config       30000E
__Hconst                                        const        000000
__HcstackBANK0                                  cstackBANK0  000000
__HcstackBANK1                                  cstackBANK1  000000
__HcstackCOMRAM                                 cstackCOMRAM 000000
__Hdata                                         data         000000
__HdataBANK0                                    dataBANK0    000000
__HdataBANK1                                    dataBANK1    000000
__Heeprom_data                                  eeprom_data  000000
__Hfarbss                                       farbss       000000
__Hfardata                                      fardata      000000
__Hheap                                         heap         000000
__Hibigdata                                     ibigdata     000000
__Hidata                                        idata        000000
__HidataBANK0                                   idataBANK0   000000
__HidataBANK1                                   idataBANK1   000000
__Hidloc                                        idloc        200008
__Hifardata                                     ifardata     000000
__Hinit                                         init         000116
__Hintcode                                      intcode      000112
__Hintcode_body                                 intcode_body 000000
__Hintcodelo                                    intcodelo    000112
__Hintentry                                     intentry     000000
__Hintret                                       intret       000000
__Hintsave_regs                                 intsave_regs 000000
__Hirdata                                       irdata       000000
__Hmediumconst                                  mediumconst  000000
__HnvBANK0                                      nvBANK0      000000
__HnvBANK1                                      nvBANK1      000000
__HnvFARRAM                                     nvFARRAM     000000
__Hnvbit                                        nvbit        000000
__Hnvrram                                       nvrram       000000
__Hparam                                        rparam       000000
__Hpowerup                                      powerup      000112
__Hram                                          ram          000000
__Hramtop                                       ramtop       001000
__Hrbit                                         rbit         000000
__Hrbss                                         rbss         000000
__Hrdata                                        rdata        000000
__Hreset_vec                                    reset_vec    000004
__Hrparam                                       rparam       000000
__Hsfr                                          sfr          000000
__Hsivt_hi                                      sivt_hi      000000
__Hsivt_lo                                      sivt_lo      000000
__Hsmallconst                                   smallconst   0010F2
__Hspace_0                                      (abs)        003A34
__Hspace_1                                      (abs)        0001E5
__Hspace_2                                      (abs)        000000
__Hspace_4                                      (abs)        60000E
__Hstack                                        stack        000000
__Hstruct                                       struct       000000
__Htemp                                         temp         00004B
__Htext                                         text         000000
__Htext0                                        text0        000000
__Htext1                                        text1        000000
__Htext10                                       text10       000000
__Htext100                                      text100      000000
__Htext101                                      text101      000000
__Htext102                                      text102      000000
__Htext103                                      text103      000000
__Htext104                                      text104      000000
__Htext105                                      text105      000000
__Htext106                                      text106      000000
__Htext107                                      text107      000000
__Htext108                                      text108      000000
__Htext109                                      text109      000000
__Htext11                                       text11       000000
__Htext12                                       text12       000000
__Htext13                                       text13       000000
__Htext14                                       text14       000000
__Htext15                                       text15       000000
__Htext16                                       text16       000000
__Htext17                                       text17       000000
__Htext18                                       text18       000000
__Htext19                                       text19       000000
__Htext2                                        text2        000000
__Htext20                                       text20       000000
__Htext21                                       text21       000000
__Htext22                                       text22       000000
__Htext23                                       text23       000000
__Htext24                                       text24       000000
__Htext25                                       text25       000000
__Htext26                                       text26       000000
__Htext27                                       text27       000000
__Htext28                                       text28       000000
__Htext29                                       text29       000000
__Htext3                                        text3        000000
__Htext30                                       text30       000000
__Htext31                                       text31       000000
__Htext32                                       text32       000000
__Htext33                                       text33       000000
__Htext34                                       text34       000000
__Htext35                                       text35       000000
__Htext36                                       text36       000000
__Htext37                                       text37       000000
__Htext38                                       text38       000000
__Htext39                                       text39       000000
__Htext4                                        text4        000000
__Htext40                                       text40       000000
__Htext41                                       text41       000000
__Htext42                                       text42       000000
__Htext43                                       text43       000000
__Htext44                                       text44       000000
__Htext45                                       text45       000000
__Htext46                                       text46       000000
__Htext47                                       text47       000000
__Htext48                                       text48       000000
__Htext49                                       text49       000000
__Htext5                                        text5        000000
__Htext50                                       text50       000000
__Htext51                                       text51       000000
__Htext52                                       text52       000000
__Htext53                                       text53       000000
__Htext54                                       text54       000000
__Htext55                                       text55       000000
__Htext56                                       text56       000000
__Htext57                                       text57       000000
__Htext58                                       text58       000000
__Htext59                                       text59       000000
__Htext6                                        text6        000000
__Htext60                                       text60       000000
__Htext61                                       text61       000000
__Htext62                                       text62       000000
__Htext63                                       text63       000000
__Htext64                                       text64       000000
__Htext65                                       text65       000000
__Htext66                                       text66       000000
__Htext67                                       text67       000000
__Htext68                                       text68       000000
__Htext69                                       text69       000000
__Htext7                                        text7        000000
__Htext70                                       text70       000000
__Htext71                                       text71       000000
__Htext72                                       text72       000000
__Htext73                                       text73       000000
__Htext74                                       text74       000000
__Htext75                                       text75       000000
__Htext76                                       text76       000000
__Htext77                                       text77       000000
__Htext78                                       text78       000000
__Htext79                                       text79       000000
__Htext8                                        text8        000000
__Htext80                                       text80       000000
__Htext81                                       text81       000000
__Htext82                                       text82       000000
__Htext84                                       text84       000000
__Htext85                                       text85       000000
__Htext86                                       text86       000000
__Htext87                                       text87       000000
__Htext88                                       text88       000000
__Htext89                                       text89       000000
__Htext9                                        text9        000000
__Htext90                                       text90       000000
__Htext91                                       text91       000000
__Htext92                                       text92       000000
__Htext93                                       text93       000000
__Htext94                                       text94       000000
__Htext95                                       text95       000000
__Htext96                                       text96       000000
__Htext97                                       text97       000000
__Htext98                                       text98       000000
__Htext99                                       text99       000000
__LRAM                                          (abs)        000001
__L__absolute__                                 __absolute__ 000000
__Labs1                                         abs1         000000
__Lbank0                                        bank0        000000
__Lbank1                                        bank1        000000
__Lbank10                                       bank10       000000
__Lbank11                                       bank11       000000
__Lbank12                                       bank12       000000
__Lbank13                                       bank13       000000
__Lbank14                                       bank14       000000
__Lbank15                                       bank15       000000
__Lbank2                                        bank2        000000
__Lbank3                                        bank3        000000
__Lbank4                                        bank4        000000
__Lbank5                                        bank5        000000
__Lbank6                                        bank6        000000
__Lbank7                                        bank7        000000
__Lbank8                                        bank8        000000
__Lbank9                                        bank9        000000
__Lbigbss                                       bigbss       000000
__Lbigdata                                      bigdata      000000
__Lbigram                                       bigram       000000
__Lbigsfr                                       bigsfr       000000
__Lbss                                          bss          000000
__LbssBANK0                                     bssBANK0     000000
__LbssBANK1                                     bssBANK1     000000
__LbssCOMRAM                                    bssCOMRAM    000000
__Lcinit                                        cinit        000000
__Lclrtext                                      clrtext      000000
__Lcomram                                       comram       000000
__Lconfig                                       config       000000
__Lconst                                        const        000000
__LcstackBANK0                                  cstackBANK0  000000
__LcstackBANK1                                  cstackBANK1  000000
__LcstackCOMRAM                                 cstackCOMRAM 000000
__Ldata                                         data         000000
__LdataBANK0                                    dataBANK0    000000
__LdataBANK1                                    dataBANK1    000000
__Leeprom_data                                  eeprom_data  000000
__Lfarbss                                       farbss       000000
__Lfardata                                      fardata      000000
__Lheap                                         heap         000000
__Libigdata                                     ibigdata     000000
__Lidata                                        idata        000000
__LidataBANK0                                   idataBANK0   000000
__LidataBANK1                                   idataBANK1   000000
__Lidloc                                        idloc        000000
__Lifardata                                     ifardata     000000
__Linit                                         init         000112
__Lintcode                                      intcode      000008
__Lintcode_body                                 intcode_body 000000
__Lintcodelo                                    intcodelo    000112
__Lintentry                                     intentry     000000
__Lintret                                       intret       000000
__Lintsave_regs                                 intsave_regs 000000
__Lirdata                                       irdata       000000
__Lmediumconst                                  mediumconst  000000
__LnvBANK0                                      nvBANK0      000000
__LnvBANK1                                      nvBANK1      000000
__LnvFARRAM                                     nvFARRAM     000000
__Lnvbit                                        nvbit        000000
__Lnvrram                                       nvrram       000000
__Lparam                                        rparam       000000
__Lpowerup                                      powerup      000112
__Lram                                          ram          000000
__Lramtop                                       ramtop       001000
__Lrbit                                         rbit         000000
__Lrbss                                         rbss         000000
__Lrdata                                        rdata        000000
__Lreset_vec                                    reset_vec    000000
__Lrparam                                       rparam       000000
__Lsfr                                          sfr          000000
__Lsivt_hi                                      sivt_hi      000000
__Lsivt_lo                                      sivt_lo      000000
__Lsmallconst                                   smallconst   001000
__Lspace_0                                      (abs)        000000
__Lspace_1                                      (abs)        000000
__Lspace_2                                      (abs)        000000
__Lspace_4                                      (abs)        000000
__Lstack                                        stack        000000
__Lstruct                                       struct       000000
__Ltemp                                         temp         00004A
__Ltext                                         text         000000
__Ltext0                                        text0        000000
__Ltext1                                        text1        000000
__Ltext10                                       text10       000000
__Ltext100                                      text100      000000
__Ltext101                                      text101      000000
__Ltext102                                      text102      000000
__Ltext103                                      text103      000000
__Ltext104                                      text104      000000
__Ltext105                                      text105      000000
__Ltext106                                      text106      000000
__Ltext107                                      text107      000000
__Ltext108                                      text108      000000
__Ltext109                                      text109      000000
__Ltext11                                       text11       000000
__Ltext12                                       text12       000000
__Ltext13                                       text13       000000
__Ltext14                                       text14       000000
__Ltext15                                       text15       000000
__Ltext16                                       text16       000000
__Ltext17                                       text17       000000
__Ltext18                                       text18       000000
__Ltext19                                       text19       000000
__Ltext2                                        text2        000000
__Ltext20                                       text20       000000
__Ltext21                                       text21       000000
__Ltext22                                       text22       000000
__Ltext23                                       text23       000000
__Ltext24                                       text24       000000
__Ltext25                                       text25       000000
__Ltext26                                       text26       000000
__Ltext27                                       text27       000000
__Ltext28                                       text28       000000
__Ltext29                                       text29       000000
__Ltext3                                        text3        000000
__Ltext30                                       text30       000000
__Ltext31                                       text31       000000
__Ltext32                                       text32       000000
__Ltext33                                       text33       000000
__Ltext34                                       text34       000000
__Ltext35                                       text35       000000
__Ltext36                                       text36       000000
__Ltext37                                       text37       000000
__Ltext38                                       text38       000000
__Ltext39                                       text39       000000
__Ltext4                                        text4        000000
__Ltext40                                       text40       000000
__Ltext41                                       text41       000000
__Ltext42                                       text42       000000
__Ltext43                                       text43       000000
__Ltext44                                       text44       000000
__Ltext45                                       text45       000000
__Ltext46                                       text46       000000
__Ltext47                                       text47       000000
__Ltext48                                       text48       000000
__Ltext49                                       text49       000000
__Ltext5                                        text5        000000
__Ltext50                                       text50       000000
__Ltext51                                       text51       000000
__Ltext52                                       text52       000000
__Ltext53                                       text53       000000
__Ltext54                                       text54       000000
__Ltext55                                       text55       000000
__Ltext56                                       text56       000000
__Ltext57                                       text57       000000
__Ltext58                                       text58       000000
__Ltext59                                       text59       000000
__Ltext6                                        text6        000000
__Ltext60                                       text60       000000
__Ltext61                                       text61       000000
__Ltext62                                       text62       000000
__Ltext63                                       text63       000000
__Ltext64                                       text64       000000
__Ltext65                                       text65       000000
__Ltext66                                       text66       000000
__Ltext67                                       text67       000000
__Ltext68                                       text68       000000
__Ltext69                                       text69       000000
__Ltext7                                        text7        000000
__Ltext70                                       text70       000000
__Ltext71                                       text71       000000
__Ltext72                                       text72       000000
__Ltext73                                       text73       000000
__Ltext74                                       text74       000000
__Ltext75                                       text75       000000
__Ltext76                                       text76       000000
__Ltext77                                       text77       000000
__Ltext78                                       text78       000000
__Ltext79                                       text79       000000
__Ltext8                                        text8        000000
__Ltext80                                       text80       000000
__Ltext81                                       text81       000000
__Ltext82                                       text82       000000
__Ltext84                                       text84       000000
__Ltext85                                       text85       000000
__Ltext86                                       text86       000000
__Ltext87                                       text87       000000
__Ltext88                                       text88       000000
__Ltext89                                       text89       000000
__Ltext9                                        text9        000000
__Ltext90                                       text90       000000
__Ltext91                                       text91       000000
__Ltext92                                       text92       000000
__Ltext93                                       text93       000000
__Ltext94                                       text94       000000
__Ltext95                                       text95       000000
__Ltext96                                       text96       000000
__Ltext97                                       text97       000000
__Ltext98                                       text98       000000
__Ltext99                                       text99       000000
__S0                                            (abs)        003A34
__S1                                            (abs)        0001E5
__S4                                            (abs)        000000
__S5                                            (abs)        000000
___awdiv                                        text54       002498
___awdiv@counter                                cstackCOMRAM 00001A
___awdiv@dividend                               cstackCOMRAM 000016
___awdiv@divisor                                cstackCOMRAM 000018
___awdiv@quotient                               cstackCOMRAM 00001C
___awdiv@sign                                   cstackCOMRAM 00001B
___awmod                                        text53       0028F4
___awmod@counter                                cstackCOMRAM 00001A
___awmod@dividend                               cstackCOMRAM 000016
___awmod@divisor                                cstackCOMRAM 000018
___awmod@sign                                   cstackCOMRAM 00001B
___heap_hi                                      (abs)        000000
___heap_lo                                      (abs)        000000
___inthi_sp                                     stack        000000
___inthi_stack_hi                               stack        000000
___inthi_stack_lo                               stack        000000
___intlo_sp                                     stack        000000
___intlo_stack_hi                               stack        000000
___intlo_stack_lo                               stack        000000
___lmul                                         text24       002DB0
___lmul@multiplicand                            cstackCOMRAM 00001A
___lmul@multiplier                              cstackCOMRAM 000016
___lmul@product                                 cstackCOMRAM 00001E
___param_bank                                   (abs)        000000
___rparam_used                                  (abs)        000001
___sp                                           stack        000000
___stack_hi                                     stack        000000
___stack_lo                                     stack        000000
___strtoxl                                      text23       0010F2
___strtoxl$2822                                 cstackBANK0  000064
___strtoxl$2823                                 cstackBANK0  000066
___strtoxl@a                                    cstackBANK0  00006D
___strtoxl@base                                 cstackCOMRAM 000025
___strtoxl@c                                    cstackBANK0  000072
___strtoxl@cp                                   cstackBANK0  000071
___strtoxl@endptr                               cstackCOMRAM 000023
___strtoxl@flags                                cstackBANK0  00006C
___strtoxl@is_signed                            cstackCOMRAM 000027
___strtoxl@limit                                cstackBANK0  000068
___strtoxl@prev_a                               cstackBANK0  000060
___strtoxl@s                                    cstackCOMRAM 000022
__accesstop                                     (abs)        000060
__activetblptr                                  (abs)        000003
__end_of_ACKframeChecksum                       text39       0033A2
__end_of_AD5593_ADC_convert                     text38       00335A
__end_of_AD5593_ADC_read                        text33       0026D2
__end_of_AD5593_get_conv_result                 text35       00278C
__end_of_AD5593_init_w_EVREF                    text63       00371E
__end_of_AD5593_reset                           text77       00390E
__end_of_ADC_ch_config                          text67       0033EA
__end_of_ChecksumCalc                           text40       002EEC
__end_of_Decode                                 text18       002036
__end_of_Destination_Check                      text20       003572
__end_of_EUSART1_DefaultErrorHandler            text108      003A04
__end_of_EUSART1_DefaultFramingErrorHandler     text107      003A34
__end_of_EUSART1_DefaultOverrunErrorHandler     text106      0039FE
__end_of_EUSART1_Initialize                     text12       0031DA
__end_of_EUSART1_Read                           text90       003796
__end_of_EUSART1_Receive_ISR                    text84       002618
__end_of_EUSART1_RxDataHandler                  text109      00380E
__end_of_EUSART1_SetErrorHandler                text16       0039BC
__end_of_EUSART1_SetFramingErrorHandler         text15       0039B2
__end_of_EUSART1_SetOverrunErrorHandler         text14       0039A8
__end_of_EUSART1_SetRxInterruptHandler          text13       00399E
__end_of_EUSART1_Write                          text58       0038D2
__end_of_EUSART1_is_tx_ready                    text57       003834
__end_of_Execute                                text17       0018E0
__end_of_GetChecksumValue                       text26       002C68
__end_of_I2C1_MasterEnableRestart               text76       0039E8
__end_of_I2C1_MasterGetRxData                   text71       0036F4
__end_of_I2C1_MasterIsNack                      text81       0038BC
__end_of_I2C1_MasterIsRxBufFull                 text75       0038FA
__end_of_I2C1_MasterSendNack                    text74       0038E6
__end_of_I2C1_MasterSendTxData                  text80       00395E
__end_of_I2C1_MasterStart                       text79       0039F0
__end_of_I2C1_MasterStartRx                     text73       003A1C
__end_of_I2C1_MasterStop                        text70       0039E0
__end_of_I2C1_MasterStopRx                      text72       003A18
__end_of_I2C1_WaitIdle                          text82       003188
__end_of_INTERRUPT_Initialize                   text11       003A08
__end_of_INTERRUPT_InterruptManager             intcode      000112
__end_of_Idle                                   text21       0038A4
__end_of_Initialize                             text27       0039D8
__end_of_OSCILLATOR_Initialize                  text10       003952
__end_of_PIN_MANAGER_Initialize                 text9        003622
__end_of_Parse                                  text19       0023CA
__end_of_ReceivedFrameChecksum                  text22       002220
__end_of_SYSTEM_Initialize                      text2        003872
__end_of_TMR0_DefaultInterruptHandler           text104      003A32
__end_of_TMR0_ISR                               text103      00365A
__end_of_TMR0_Initialize                        text7        003690
__end_of_TMR0_Reload                            text32       0039C6
__end_of_TMR0_SetInterruptHandler               text8        003994
__end_of_TMR0_StartTimer                        text31       003A10
__end_of_TMR0_StopTimer                         text30       003A0C
__end_of_TMR1_DefaultInterruptHandler           text98       003A30
__end_of_TMR1_ISR                               text97       0035EA
__end_of_TMR1_Initialize                        text5        00376E
__end_of_TMR1_Reload                            text101      00393A
__end_of_TMR1_SetInterruptHandler               text6        00398A
__end_of_TMR1_StartTimer                        text56       003A14
__end_of_TMR1_StopTimer                         text100      003A28
__end_of_TMR1_WriteTimer                        text102      0037E6
__end_of_TMR3_DefaultInterruptHandler           text92       003A2E
__end_of_TMR3_ISR                               text91       0035AE
__end_of_TMR3_Initialize                        text3        003746
__end_of_TMR3_Reload                            text95       00392C
__end_of_TMR3_SetInterruptHandler               text4        003980
__end_of_TMR3_StartTimer                        text89       003A20
__end_of_TMR3_StopTimer                         text94       003A24
__end_of_TMR3_WriteTimer                        text96       0037BE
__end_of_Timer0IntHandler                       text105      0039F8
__end_of_Timer1IntHandler                       text99       003976
__end_of_Timer3IntHandler                       text93       00396A
__end_of_TrimFrame                              text25       002DB0
__end_of__2xVREF                                smallconst   001003
__end_of__VREF                                  smallconst   001005
__end_of___awdiv                                text54       00255A
__end_of___awmod                                text53       0029A2
__end_of___lmul                                 text24       002E1A
__end_of___strtoxl                              text23       001564
__end_of__initialization                        cinit        002D3A
__end_of_abs                                    text52       0036C4
__end_of_clear_buffer                           text61       003472
__end_of_delay1                                 text29       002E84
__end_of_dtoa                                   text47       001DD0
__end_of_fill_buffer                            text88       00388C
__end_of_fputc                                  text50       002846
__end_of_fputs                                  text49       003534
__end_of_get_ID                                 text60       0022F6
__end_of_i2c_driver_init                        text1        00391E
__end_of_i2c_driver_read_2bytes                 text37       003076
__end_of_i2c_driver_read_twobytes               text69       002AEC
__end_of_i2c_driver_write_pointer_byte          text36       003312
__end_of_i2c_driver_write_twobytes              text68       002BF4
__end_of_i2c_driver_write_twobytes_noack        text78       002F54
__end_of_lock_config_reg                        text34       003018
__end_of_main                                   text0        0028F4
__end_of_memcpy                                 text28       00322A
__end_of_my_RX_ISR                              text85       002498
__end_of_pad                                    text48       002FBA
__end_of_parse_frameID                          text59       003854
__end_of_putch                                  text51       0039D0
__end_of_read_prec_or_width                     text46       002A4A
__end_of_send_string                            text55       002B70
__end_of_set_ADC_BUFF                           text66       003132
__end_of_set_ADC_range                          text65       002CD8
__end_of_set_VREF                               text64       0030D4
__end_of_sprintf                                text41       0034F4
__end_of_stoa                                   text45       00213C
__end_of_strlen                                 text62       00327A
__end_of_vfpfcnvrt                              text43       001C1C
__end_of_vfprintf                               text42       003430
__end_of_xtoa                                   text44       001F12
__end_ofi2_clear_buffer                         text86       0034B4
__end_ofi2_strlen                               text87       0032CA
__initialization                                cinit        002CD8
__mediumconst                                   mediumconst  000000
__pbssBANK0                                     bssBANK0     00009A
__pbssBANK1                                     bssBANK1     000100
[...]
_destination                                    bssBANK0     0000BA
_dtoa                                           text47       001C1C
_dtoa$2911                                      cstackBANK0  000060
_errno                                          bssBANK0     00009C
_eusart1RxBuffer                                bssBANK1     00011C
_eusart1RxCount                                 bssCOMRAM    000047
_eusart1RxHead                                  bssCOMRAM    000049
_eusart1RxLastError                             bssBANK0     0000BB
_eusart1RxStatusBuffer                          bssBANK1     000114
_eusart1RxTail                                  bssCOMRAM    000048
_fill_buffer                                    text88       003872
_flags                                          bssCOMRAM    000041
_fputc                                          text50       00278C
_fputs                                          text49       0034F4
_frameAddress                                   bssBANK0     0000AE
_frameID                                        bssCOMRAM    000044
_frame_buffer                                   bssBANK1     00016C
_frame_index                                    bssBANK0     00009E
_frame_ready_flag                               bssBANK0     0000B4
_frame_state                                    bssCOMRAM    000046
_fullAckFrame                                   bssBANK1     000158
_function_table                                 dataBANK1    0001D7
_get_ID                                         text60       002220
_get_flag                                       bssBANK0     0000B7
_hardID                                         bssBANK0     0000B0
_i2c_driver_init                                text1        00390E
_i2c_driver_read_2bytes                         text37       003018
_i2c_driver_read_twobytes                       text69       002A4A
_i2c_driver_write_pointer_byte                  text36       0032CA
_i2c_driver_write_twobytes                      text68       002B70
_i2c_driver_write_twobytes_noack                text78       002EEC
_init_buffer_flag                               bssBANK0     0000B3
_lock_config_reg                                text34       002FBA
_main                                           text0        002846
_memcpy                                         text28       0031DA
_my_RX_ISR                                      text85       0023CA
_pad                                            text48       002F54
_parse_frameID                                  text59       003834
_prec                                           bssCOMRAM    000035
_prev_destination                               dataBANK0    0000D7
_putch                                          text51       0039C6
_read_flag                                      bssBANK0     0000B8
_read_prec_or_width                             text46       0029A2
_realAdress                                     bssBANK0     0000AC
_reg                                            bssCOMRAM    000039
_send_string                                    text55       002AEC
_set_ADC_BUFF                                   text66       0030D4
_set_ADC_range                                  text65       002C68
_set_VREF                                       text64       003076
_sprintf                                        text41       0034B4
_stoa                                           text45       002036
_strlen                                         text62       00322A
_t1_OFF                                         bssBANK0     0000A6
_t1_ON                                          bssBANK0     0000A2
_t2_OFF                                         bssBANK0     0000A4
_t2_ON                                          bssBANK0     0000A0
_timer0ReloadVal                                bssCOMRAM    00003F
_timer0_flag                                    bssBANK0     0000B5
_timer1ReloadVal                                bssCOMRAM    00003D
_timer3ReloadVal                                bssCOMRAM    00003B
_vfpfcnvrt                                      text43       0018E0
_vfprintf                                       text42       0033EA
_width                                          bssBANK0     00009A
_xtoa                                           text44       001DD0
abs@a                                           cstackCOMRAM 00001C
btemp                                           temp         00004A
clear_buffer@buffer                             cstackCOMRAM 00001A
clear_buffer@i                                  cstackCOMRAM 00001C
delay1@count                                    cstackCOMRAM 00001C
delay1@x                                        cstackCOMRAM 000016
dtoa@d                                          cstackCOMRAM 00002F
dtoa@fp                                         cstackCOMRAM 00002E
dtoa@i                                          cstackBANK0  000067
dtoa@p                                          cstackBANK0  000062
dtoa@s                                          cstackBANK0  000066
dtoa@w                                          cstackBANK0  000064
end_of_initialization                           cinit        002D3A
fill_buffer@received_char                       cstackCOMRAM 000001
fputc@c                                         cstackCOMRAM 000018
fputc@fp                                        cstackCOMRAM 00001A
fputs@c                                         cstackCOMRAM 000023
fputs@fp                                        cstackCOMRAM 000022
fputs@i                                         cstackCOMRAM 000024
fputs@s                                         cstackCOMRAM 000020
i2_clear_buffer                                 text86       003472
i2_strlen                                       text87       00327A
i2c_driver_read_2bytes@data                     cstackCOMRAM 000019
i2c_driver_read_2bytes@devaddr                  cstackCOMRAM 00001D
i2c_driver_read_twobytes@data                   cstackCOMRAM 00001A
i2c_driver_read_twobytes@devaddr                cstackCOMRAM 00001F
i2c_driver_read_twobytes@reg                    cstackCOMRAM 000019
i2c_driver_write_pointer_byte@devaddr           cstackCOMRAM 000018
i2c_driver_write_pointer_byte@pointer           cstackCOMRAM 000017
i2c_driver_write_twobytes@data                  cstackCOMRAM 000018
i2c_driver_write_twobytes@devaddr               cstackCOMRAM 00001A
i2c_driver_write_twobytes@reg                   cstackCOMRAM 000017
i2c_driver_write_twobytes_noack@data            cstackCOMRAM 000018
i2c_driver_write_twobytes_noack@devaddr         cstackCOMRAM 00001A
i2c_driver_write_twobytes_noack@reg             cstackCOMRAM 000017
i2clear_buffer@buffer                           cstackCOMRAM 000005
i2clear_buffer@i                                cstackCOMRAM 000007
i2strlen@a                                      cstackCOMRAM 000003
i2strlen@s                                      cstackCOMRAM 000001
int$flags                                       temp         00004A
intlevel0                                       text         000000
intlevel1                                       text         000000
intlevel2                                       text         000000
intlevel3                                       text         000000
isa$std                                         (abs)        000001
isa$xinst                                       (abs)        000000
lock_config_reg@lock                            cstackCOMRAM 000022
memcpy@d                                        cstackCOMRAM 000021
memcpy@d1                                       cstackCOMRAM 00001A
memcpy@n                                        cstackCOMRAM 00001E
memcpy@s                                        cstackCOMRAM 000023
memcpy@s1                                       cstackCOMRAM 00001C
memcpy@tmp                                      cstackCOMRAM 000020
my_RX_ISR@frame_char                            cstackCOMRAM 00000B
pad@buf                                         cstackCOMRAM 000027
pad@fp                                          cstackCOMRAM 000026
pad@i                                           cstackCOMRAM 00002C
pad@p                                           cstackCOMRAM 000029
parse_frameID@x                                 cstackCOMRAM 000016
parse_frameID@y                                 cstackCOMRAM 000018
putch@txData                                    cstackCOMRAM 000017
read_prec_or_width@ap                           cstackCOMRAM 000017
read_prec_or_width@c                            cstackCOMRAM 00001A
read_prec_or_width@fmt                          cstackCOMRAM 000016
read_prec_or_width@n                            cstackCOMRAM 00001B
send_string@i                                   cstackCOMRAM 00001E
send_string@message                             cstackCOMRAM 00001A
set_ADC_BUFF@activate                           cstackCOMRAM 000022
set_ADC_range@range                             cstackCOMRAM 000020
set_VREF@activate                               cstackCOMRAM 000022
sprintf@ap                                      cstackBANK0  000083
sprintf@f                                       cstackBANK0  000084
sprintf@fmt                                     cstackBANK0  00007A
sprintf@s                                       cstackBANK0  000078
stackhi                                         (abs)        000000
stacklo                                         (abs)        000000
start                                           init         000112
start_initialization                            cinit        002CD8
stoa@cp                                         cstackCOMRAM 000027
stoa@fp                                         cstackCOMRAM 000020
stoa@l                                          cstackCOMRAM 000029
stoa@p                                          cstackCOMRAM 000025
stoa@s                                          cstackCOMRAM 000021
strlen@a                                        cstackCOMRAM 000018
strlen@s                                        cstackCOMRAM 000016
ttemp5                                          temp         00004B
ttemp6                                          temp         00004E
ttemp7                                          temp         000052
vfpfcnvrt@ap                                    cstackBANK0  00006B
vfpfcnvrt@c                                     cstackBANK0  00006D
vfpfcnvrt@convarg                               cstackBANK0  00006E
vfpfcnvrt@cp                                    cstackBANK0  000073
vfpfcnvrt@done                                  cstackBANK0  000072
vfpfcnvrt@fmt                                   cstackBANK0  00006A
vfpfcnvrt@fp                                    cstackBANK0  000069
vfprintf@ap                                     cstackBANK0  000076
vfprintf@cfmt                                   cstackBANK0  000077
vfprintf@fmt                                    cstackBANK0  000075
vfprintf@fp                                     cstackBANK0  000074
wtemp8                                          temp         00004B
xtoa@c                                          cstackBANK0  000064
xtoa@d                                          cstackCOMRAM 00002F
xtoa@fp                                         cstackCOMRAM 00002E
xtoa@i                                          cstackBANK0  000065
xtoa@p                                          cstackBANK0  000060
xtoa@w                                          cstackBANK0  000062


MODULE INFORMATION

Module		Function		Class		Link	Load	Size
C:\Program Files\Microchip\xc8\v2.50\pic\sources\c99\common\memcpy.c
		_memcpy        		CODE           	31DA	0000	80

C:\Program Files\Microchip\xc8\v2.50\pic\sources\c99\common\memcpy.c estimated size: 80

C:\Program Files\Microchip\xc8\v2.50\pic\sources\c99\common\nf_fputs.c
		_fputs         		CODE           	34F4	0000	64

C:\Program Files\Microchip\xc8\v2.50\pic\sources\c99\common\nf_fputs.c estimated size: 64

mcc_generated_files/interrupt_manager.c
		_INTERRUPT_Initialize		CODE           	3A04	0000	4
		_INTERRUPT_InterruptManager		CODE           	0008	0000	266

mcc_generated_files/interrupt_manager.c estimated size: 270

mcc_generated_files/tmr0.c
		_TMR0_SetInterruptHandler		CODE           	398A	0000	10
		_TMR0_StopTimer		CODE           	3A08	0000	4
		_TMR0_Reload   		CODE           	39BC	0000	10
		_TMR0_DefaultInterruptHandler		CODE           	3A30	0000	2
		_TMR0_StartTimer		CODE           	3A0C	0000	4
		_TMR0_ISR      		CODE           	3622	0000	56
		_TMR0_Initialize		CODE           	365A	0000	54

mcc_generated_files/tmr0.c estimated size: 140

mcc_generated_files/pin_manager.c
		_PIN_MANAGER_Initialize		CODE           	35EA	0000	56

mcc_generated_files/pin_manager.c estimated size: 56

C:\Program Files\Microchip\xc8\v2.50\pic\sources\c99\common\awmod.c
		___awmod       		CODE           	28F4	0000	174

C:\Program Files\Microchip\xc8\v2.50\pic\sources\c99\common\awmod.c estimated size: 174

i2c_driver.c
		_i2c_driver_read_2bytes		CODE           	3018	0000	94
		_I2C1_WaitIdle 		CODE           	3132	0000	86
		_I2C1_MasterSendTxData		CODE           	3952	0000	12
		_I2C1_MasterStop		CODE           	39D8	0000	8
		_i2c_driver_write_pointer_byte		CODE           	32CA	0000	72
		_I2C1_MasterStartRx		CODE           	3A18	0000	4
		_I2C1_MasterSendNack		CODE           	38D2	0000	20
		_i2c_driver_write_twobytes_noack		CODE           	2EEC	0000	104
		_I2C1_MasterEnableRestart		CODE           	39E0	0000	8
		_i2c_driver_read_twobytes		CODE           	2A4A	0000	162
		_I2C1_MasterIsRxBufFull		CODE           	38E6	0000	20
		_I2C1_MasterIsNack		CODE           	38A4	0000	24
		_I2C1_MasterStart		CODE           	39E8	0000	8
		_I2C1_MasterGetRxData		CODE           	36C4	0000	48
		_I2C1_MasterStopRx		CODE           	3A14	0000	4
		_i2c_driver_init		CODE           	390E	0000	16
		_i2c_driver_write_twobytes		CODE           	2B70	0000	132

i2c_driver.c estimated size: 822

C:\Program Files\Microchip\xc8\v2.50\pic\sources\c99\common\Umul32.c
		___lmul        		CODE           	2DB0	0000	106

C:\Program Files\Microchip\xc8\v2.50\pic\sources\c99\common\Umul32.c estimated size: 106

C:\Program Files\Microchip\xc8\v2.50\pic\sources\c99\common\abs.c
		_abs           		CODE           	3690	0000	52

C:\Program Files\Microchip\xc8\v2.50\pic\sources\c99\common\abs.c estimated size: 52

C:\Program Files\Microchip\xc8\v2.50\pic\sources\c99\common\strlen.c
		_strlen        		CODE           	322A	0000	80

C:\Program Files\Microchip\xc8\v2.50\pic\sources\c99\common\strlen.c estimated size: 80

C:\Program Files\Microchip\xc8\v2.50\pic\sources\c99\common\__strtoxl.c
		___strtoxl     		CODE           	10F2	0000	1138

C:\Program Files\Microchip\xc8\v2.50\pic\sources\c99\common\__strtoxl.c estimated size: 1138

C:\Program Files\Microchip\xc8\v2.50\pic\sources\c99\common\nf_sprintf.c
		_sprintf       		CODE           	34B4	0000	64

C:\Program Files\Microchip\xc8\v2.50\pic\sources\c99\common\nf_sprintf.c estimated size: 64

C:\Program Files\Microchip\xc8\v2.50\pic\sources\c99\common\nf_fputc.c
		_fputc         		CODE           	278C	0000	186

C:\Program Files\Microchip\xc8\v2.50\pic\sources\c99\common\nf_fputc.c estimated size: 186

shared
		__VREF         		SMALLCONST     	0000	0000	0
		__initialization		CODE           	2CD8	0000	98
		i2_clear_buffer		CODE           	3472	0000	66
		__2xVREF       		SMALLCONST     	0000	0000	0
		i2_strlen      		CODE           	327A	0000	80

shared estimated size: 244

mcc_generated_files/eusart1.c
		_EUSART1_SetRxInterruptHandler		CODE           	3994	0000	10
		_EUSART1_is_tx_ready		CODE           	380E	0000	38
		_EUSART1_Initialize		CODE           	3188	0000	82
		_putch         		CODE           	39C6	0000	10
		_EUSART1_DefaultErrorHandler		CODE           	39FE	0000	6
		_EUSART1_SetFramingErrorHandler		CODE           	39A8	0000	10
		_send_string   		CODE           	2AEC	0000	132
		_EUSART1_Read  		CODE           	376E	0000	40
		_EUSART1_SetOverrunErrorHandler		CODE           	399E	0000	10
		_EUSART1_SetErrorHandler		CODE           	39B2	0000	10
		_EUSART1_Write 		CODE           	38BC	0000	22
		_EUSART1_Receive_ISR		CODE           	255A	0000	190
		_EUSART1_RxDataHandler		CODE           	37E6	0000	40
		_EUSART1_DefaultOverrunErrorHandler		CODE           	39F8	0000	6
		_EUSART1_DefaultFramingErrorHandler		CODE           	3A32	0000	2

mcc_generated_files/eusart1.c estimated size: 608

mcc_generated_files/mcc.c
		_OSCILLATOR_Initialize		CODE           	3946	0000	12
		_SYSTEM_Initialize		CODE           	3854	0000	30

mcc_generated_files/mcc.c estimated size: 42

mcc_generated_files/tmr3.c
		_TMR3_ISR      		CODE           	3572	0000	60
		_TMR3_Initialize		CODE           	371E	0000	40
		_TMR3_SetInterruptHandler		CODE           	3976	0000	10
		_TMR3_StopTimer		CODE           	3A20	0000	4
		_TMR3_Reload   		CODE           	391E	0000	14
		_TMR3_DefaultInterruptHandler		CODE           	3A2C	0000	2
		_TMR3_WriteTimer		CODE           	3796	0000	40
		_TMR3_StartTimer		CODE           	3A1C	0000	4

mcc_generated_files/tmr3.c estimated size: 174

C:\Program Files\Microchip\xc8\v2.50\pic\sources\c99\common\awdiv.c
		___awdiv       		CODE           	2498	0000	194

C:\Program Files\Microchip\xc8\v2.50\pic\sources\c99\common\awdiv.c estimated size: 194

AD5593R.c
		_AD5593_init_w_EVREF		CODE           	36F4	0000	42
		_set_VREF      		CODE           	3076	0000	94
		_AD5593_ADC_read		CODE           	2618	0000	186
		_set_ADC_BUFF  		CODE           	30D4	0000	94
		_lock_config_reg		CODE           	2FBA	0000	94
		_set_ADC_range 		CODE           	2C68	0000	112
		_ADC_ch_config 		CODE           	33A2	0000	72
		_AD5593_ADC_convert		CODE           	3312	0000	72
		_AD5593_get_conv_result		CODE           	26D2	0000	186
		_AD5593_reset  		CODE           	38FA	0000	20

AD5593R.c estimated size: 972

mcc_generated_files/tmr1.c
		_TMR1_Initialize		CODE           	3746	0000	40
		_TMR1_SetInterruptHandler		CODE           	3980	0000	10
		_TMR1_StopTimer		CODE           	3A24	0000	4
		_TMR1_Reload   		CODE           	392C	0000	14
		_TMR1_DefaultInterruptHandler		CODE           	3A2E	0000	2
		_TMR1_WriteTimer		CODE           	37BE	0000	40
		_TMR1_StartTimer		CODE           	3A10	0000	4
		_TMR1_ISR      		CODE           	35AE	0000	60

mcc_generated_files/tmr1.c estimated size: 174

C:\Program Files\Microchip\xc8\v2.50\pic\sources\c99\common\doprnt.c
		_read_prec_or_width		CODE           	29A2	0000	168
		_vfpfcnvrt     		CODE           	18E0	0000	828
		_pad           		CODE           	2F54	0000	102
		_dtoa          		CODE           	1C1C	0000	436
		_vfprintf      		CODE           	33EA	0000	70
		_stoa          		CODE           	2036	0000	262
		_xtoa          		CODE           	1DD0	0000	322

C:\Program Files\Microchip\xc8\v2.50\pic\sources\c99\common\doprnt.c estimated size: 2188

main.c
		_my_RX_ISR     		CODE           	23CA	0000	206
		_Timer0IntHandler		CODE           	39F0	0000	8
		_Timer3IntHandler		CODE           	395E	0000	12
		_Parse         		CODE           	22F6	0000	212
		_main          		CODE           	2846	0000	174
		_TrimFrame     		CODE           	2D44	0000	108
		_Idle          		CODE           	388C	0000	24
		_ACKframeChecksum		CODE           	335A	0000	72
		_ReceivedFrameChecksum		CODE           	213C	0000	228
		_ChecksumCalc  		CODE           	2E84	0000	104
		_Timer1IntHandler		CODE           	396A	0000	12
		_get_ID        		CODE           	2220	0000	214
		_Initialize    		CODE           	39D0	0000	8
		_parse_frameID 		CODE           	3834	0000	32
		_GetChecksumValue		CODE           	2BF4	0000	116
		_Decode        		CODE           	1F12	0000	292
		_Destination_Check		CODE           	3534	0000	62
		_Execute       		CODE           	1564	0000	892
		_clear_buffer  		CODE           	3430	0000	66
		_fill_buffer   		CODE           	3872	0000	26
		_delay1        		CODE           	2E1A	0000	106

main.c estimated size: 2974

