Microchip MPLAB XC8 Compiler V2.40

Linker command line:

-W-3 \
  --edf=C:\Program Files\Microchip\xc8\v2.40\pic\dat\20220703182018_en.msgs \
  -cn -h+dist/default/production\FSM_com.X.production.sym \
  --cmf=dist/default/production\FSM_com.X.production.cmf -z -Q18F46K22 \
  -oC:\Users\oussama\AppData\Local\Temp\xcAs12p0.4 --defsym=__MPLAB_BUILD=1 \
  --fixupoverflow=error -Mdist/default/production/FSM_com.X.production.map \
  --md=C:\Users\oussama\AppData\Local\Temp\xcAs12p0.dat -E1 \
  -ver=XC8 Compiler --acfsm=1493 -ACODE=00h-0FFFFh -ACONST=00h-0FFFFh \
  -ASMALLCONST=01000h-010FFhx240 -AMEDIUMCONST=01000h-0FFFFh \
  -ACOMRAM=01h-05Fh -AABS1=00h-0F37h -ABIGRAM=01h-0F37h \
  -ARAM=060h-0FFh,0100h-01FFhx14,0F00h-0F37h -ABANK0=060h-0FFh \
  -ABANK1=0100h-01FFh -ABANK2=0200h-02FFh -ABANK3=0300h-03FFh \
  -ABANK4=0400h-04FFh -ABANK5=0500h-05FFh -ABANK6=0600h-06FFh \
  -ABANK7=0700h-07FFh -ABANK8=0800h-08FFh -ABANK9=0900h-09FFh \
  -ABANK10=0A00h-0AFFh -ABANK11=0B00h-0BFFh -ABANK12=0C00h-0CFFh \
  -ABANK13=0D00h-0DFFh -ABANK14=0E00h-0EFFh -ABANK15=0F00h-0F37h \
  -ASFR=0F38h-0F5Fh,0F60h-0FFFh -ABIGSFR=0F38h-0FFFh \
  -ACONFIG=0300000h-030000Dh -AIDLOC=0200000h-0200007h \
  -AEEDATA=0F00000h-0F003FFh -peeprom_data=EEDATA \
  -preset_vec=00h,intcode=08h,intcodelo,powerup,init -pramtop=01000h \
  -psmallconst=SMALLCONST -pmediumconst=MEDIUMCONST -pconst=CONST \
  -AFARRAM=00h-00h \
  -prdata=COMRAM,nvrram=COMRAM,nvbit=COMRAM,rbss=COMRAM,rbit=COMRAM \
  -pfarbss=FARRAM,fardata=FARRAM,nvFARRAM=FARRAM \
  -pintsave_regs=BIGRAM,bigbss=BIGRAM,bigdata=BIGRAM -pbss=RAM \
  -pidata=CODE,irdata=CODE,ibigdata=CODE,ifardata=CODE -prparam=COMRAM \
  C:\Users\oussama\AppData\Local\Temp\xcAs12p0.o \
  dist/default/production\FSM_com.X.production.o 

Object code version is 3.11

Machine type is 18F46K22



                Name                               Link     Load   Length Selector   Space Scale
C:\Users\oussama\AppData\Local\Temp\xcAs12p0.o
                idloc                            200000   200000        8        0       5
                config                           300000   300000        E        0       4
                init                                 A2       A2        4        4       0
                reset_vec                             0        0        4        0       0
dist/default/production\FSM_com.X.production.o
                intcode                               8        8       9A        4       0
                idloc                            200000   200000        8        0       5
                config                           300000   300000        E        0       4
                temp                                 4A       4A        1        1       1
                mediumconst                        FE3E     FE3E      1C2     7F1F       0
                text83                             2BE2     2BE2       2A        4       0
                text82                             2E08     2E08        6     169B       0
                text81                             2E1A     2E1A        2     169B       0
                text80                             2E02     2E02        6     169B       0
                text79                             2C34     2C34       28        4       0
                text78                             2CDC     2CDC       18        4       0
                text77                             28D6     28D6       50        4       0
                text76                             29F4     29F4       44        4       0
                text75                             1CFA     1CFA       C4        4       0
                text74                             1DBE     1DBE       BC        4       0
                text72                             26E8     26E8       56        4       0
                text71                             2CC4     2CC4       18        4       0
                text70                             2DA2     2DA2        C     169B       0
                text69                             2DFA     2DFA        8     169B       0
                text68                             2DF2     2DF2        8     169B       0
                text67                             2510     2510       66        4       0
                text66                             2CA6     2CA6       1E        4       0
                text65                             2D84     2D84       10     169B       0
                text64                             2886     2886       50        4       0
                text63                             29B0     29B0       44        4       0
                text62                             1A94     1A94       D6        4       0
                text61                             2C5C     2C5C       26        4       0
                text60                             2C82     2C82       24        4       0
                text59                             2D0A     2D0A       16        4       0
                text58                             2C0C     2C0C       28        4       0
                text57                             2252     2252       7E        4       0
                text56                             2BB6     2BB6       2C        4       0
                text55                             2926     2926       46        4       0
                text54                             15DC     15DC      154        4       0
                text53                             2DE0     2DE0        A     169B       0
                text52                             1B6A     1B6A       CA        4       0
                text51                             2124     2124       9A        4       0
                text50                             12F0     12F0      188        4       0
                text49                             1478     1478      164        4       0
                text48                             2A78     2A78       40        4       0
                text47                             296C     296C       44        4       0
                text46                             234C     234C       7A        4       0
                text45                              E64      E64      2BA        4       0
                text44                             187E     187E      12C        4       0
                text43                             19AA     19AA       EA        4       0
                text42                             111E     111E      1D2        4       0
                text41                               A6       A6      4F6        4       0
                text40                             273E     273E       54        4       0
                text39                             27E4     27E4       52        4       0
                text38                             2438     2438       6E        4       0
                text37                             1E7A     1E7A       B8        4       0
                text36                             2DEA     2DEA        8     169B       0
                text35                             2D5E     2D5E       14     169B       0
                text34                             2D4A     2D4A       14     169B       0
                text33                             2E16     2E16        4     169B       0
                text32                             2E12     2E12        4     169B       0
                text31                             2B5A     2B5A       30        4       0
                text30                             22D0     22D0       7C        4       0
                text29                             2082     2082       A2        4       0
                text28                             21BE     21BE       94        4       0
                text27                             2836     2836       50        4       0
                text26                             2DD6     2DD6        A     169B       0
                text25                             1FDE     1FDE       A4        4       0
                text24                             23C6     23C6       72        4       0
                text23                             24A6     24A6       6A        4       0
                text22                             2AF0     2AF0       38        4       0
                text21                             2576     2576       60        4       0
                text20                             2B8A     2B8A       2C        4       0
                text19                             2AB8     2AB8       38        4       0
                text18                              59C      59C      4A4        4       0
                text17                             2B28     2B28       32        4       0
                text16                             1C34     1C34       C6        4       0
                text15                             2CF4     2CF4       16        4       0
                text14                             2792     2792       52        4       0
                text13                             25D6     25D6       5E        4       0
                text12                             1730     1730      14E        4       0
                text11                              A40      A40      424        4       0
                text10                             2DCC     2DCC        A     169B       0
                text9                              2DC2     2DC2        A     169B       0
                text8                              2DB8     2DB8        A     169B       0
                text7                              2DAE     2DAE        A     169B       0
                text6                              268E     268E       5A        4       0
                text5                              2E0E     2E0E        4     169B       0
                text4                              2D94     2D94        E     169B       0
                text3                              2A38     2A38       40        4       0
                text2                              2D72     2D72       12     169B       0
                text1                              2D36     2D36       14     169B       0
                text0                              1F32     1F32       AC        4       0
                cstackCOMRAM                          1        1       34        1       1
                cstackBANK0                          60       60       69       60       1
                cstackBANK2                         200      200       48      200       1
                dataBANK1                           1D4      1D4       15      100       1
                bssBANK1                            100      100       D4      100       1
                dataBANK0                            CB       CB        1       60       1
                bssBANK0                             C9       C9        2       60       1
                bssCOMRAM                            35       35       15        1       1
                cinit                              2634     2634       5A        4       0
                nvBANK1                             1E9      1E9        8      100       1
                idataBANK1                         2D20     2D20       15        4       0
                idataBANK0                         2E1C     2E1C        1     169B       0

TOTAL           Name                               Link     Load   Length     Space
        CLASS   CODE           
                intcode                               8        8       9A         0
                init                                 A2       A2        4         0
                reset_vec                             0        0        4         0
                text83                             2BE2     2BE2       2A         0
                text82                             2E08     2E08        6         0
                text81                             2E1A     2E1A        2         0
                text80                             2E02     2E02        6         0
                text79                             2C34     2C34       28         0
                text78                             2CDC     2CDC       18         0
                text77                             28D6     28D6       50         0
                text76                             29F4     29F4       44         0
                text75                             1CFA     1CFA       C4         0
                text74                             1DBE     1DBE       BC         0
                text72                             26E8     26E8       56         0
                text71                             2CC4     2CC4       18         0
                text70                             2DA2     2DA2        C         0
                text69                             2DFA     2DFA        8         0
                text68                             2DF2     2DF2        8         0
                text67                             2510     2510       66         0
                text66                             2CA6     2CA6       1E         0
                text65                             2D84     2D84       10         0
                text64                             2886     2886       50         0
                text63                             29B0     29B0       44         0
                text62                             1A94     1A94       D6         0
                text61                             2C5C     2C5C       26         0
                text60                             2C82     2C82       24         0
                text59                             2D0A     2D0A       16         0
                text58                             2C0C     2C0C       28         0
                text57                             2252     2252       7E         0
                text56                             2BB6     2BB6       2C         0
                text55                             2926     2926       46         0
                text54                             15DC     15DC      154         0
                text53                             2DE0     2DE0        A         0
                text52                             1B6A     1B6A       CA         0
                text51                             2124     2124       9A         0
                text50                             12F0     12F0      188         0
                text49                             1478     1478      164         0
                text48                             2A78     2A78       40         0
                text47                             296C     296C       44         0
                text46                             234C     234C       7A         0
                text45                              E64      E64      2BA         0
                text44                             187E     187E      12C         0
                text43                             19AA     19AA       EA         0
                text42                             111E     111E      1D2         0
                text41                               A6       A6      4F6         0
                text40                             273E     273E       54         0
                text39                             27E4     27E4       52         0
                text38                             2438     2438       6E         0
                text37                             1E7A     1E7A       B8         0
                text36                             2DEA     2DEA        8         0
                text35                             2D5E     2D5E       14         0
                text34                             2D4A     2D4A       14         0
                text33                             2E16     2E16        4         0
                text32                             2E12     2E12        4         0
                text31                             2B5A     2B5A       30         0
                text30                             22D0     22D0       7C         0
                text29                             2082     2082       A2         0
                text28                             21BE     21BE       94         0
                text27                             2836     2836       50         0
                text26                             2DD6     2DD6        A         0
                text25                             1FDE     1FDE       A4         0
                text24                             23C6     23C6       72         0
                text23                             24A6     24A6       6A         0
                text22                             2AF0     2AF0       38         0
                text21                             2576     2576       60         0
                text20                             2B8A     2B8A       2C         0
                text19                             2AB8     2AB8       38         0
                text18                              59C      59C      4A4         0
                text17                             2B28     2B28       32         0
                text16                             1C34     1C34       C6         0
                text15                             2CF4     2CF4       16         0
                text14                             2792     2792       52         0
                text13                             25D6     25D6       5E         0
                text12                             1730     1730      14E         0
                text11                              A40      A40      424         0
                text10                             2DCC     2DCC        A         0
                text9                              2DC2     2DC2        A         0
                text8                              2DB8     2DB8        A         0
                text7                              2DAE     2DAE        A         0
                text6                              268E     268E       5A         0
                text5                              2E0E     2E0E        4         0
                text4                              2D94     2D94        E         0
                text3                              2A38     2A38       40         0
                text2                              2D72     2D72       12         0
                text1                              2D36     2D36       14         0
                text0                              1F32     1F32       AC         0
                cinit                              2634     2634       5A         0
                idataBANK1                         2D20     2D20       15         0
                idataBANK0                         2E1C     2E1C        1         0

        CLASS   CONST          

        CLASS   SMALLCONST     

        CLASS   MEDIUMCONST    
                mediumconst                        FE3E     FE3E      1C2         0

        CLASS   COMRAM         
                temp                                 4A       4A        1         1
                cstackCOMRAM                          1        1       34         1
                bssCOMRAM                            35       35       15         1

        CLASS   ABS1           

        CLASS   BIGRAM         

        CLASS   RAM            

        CLASS   BANK0          
                cstackBANK0                          60       60       69         1
                dataBANK0                            CB       CB        1         1
                bssBANK0                             C9       C9        2         1

        CLASS   BANK1          
                dataBANK1                           1D4      1D4       15         1
                bssBANK1                            100      100       D4         1
                nvBANK1                             1E9      1E9        8         1

        CLASS   BANK2          
                cstackBANK2                         200      200       48         1

        CLASS   BANK3          

        CLASS   BANK4          

        CLASS   BANK5          

        CLASS   BANK6          

        CLASS   BANK7          

        CLASS   BANK8          

        CLASS   BANK9          

        CLASS   BANK10         

        CLASS   BANK11         

        CLASS   BANK12         

        CLASS   BANK13         

        CLASS   BANK14         

        CLASS   BANK15         

        CLASS   SFR            

        CLASS   BIGSFR         

        CLASS   CONFIG         
                config                           300000   300000        E         4

        CLASS   IDLOC          
                idloc                            200000   200000        8         5

        CLASS   EEDATA         

        CLASS   FARRAM         

        CLASS   HEAP           

        CLASS   STACK          



SEGMENTS        Name                           Load    Length   Top    Selector   Space  Class

                reset_vec                      000000  000004  000004         0       0  CODE    
                cstackCOMRAM                   000001  00004A  00004B         1       1  COMRAM  
                intcode                        000008  002D2D  002D35         4       0  CODE    
                cstackBANK0                    000060  00006C  0000CC        60       1  BANK0   
                bssBANK1                       000100  0000F1  0001F1       100       1  BANK1   
                cstackBANK2                    000200  000048  000248       200       1  BANK2   
                text1                          002D36  0000E7  002E1D      169B       0  CODE    
                mediumconst                    00FE3E  0001C2  010000      7F1F       0  MEDIUMCO


UNUSED ADDRESS RANGES

        Name                Unused          Largest block    Delta
        BANK0            0000CC-0000FF               34
        BANK1            0001F1-0001FF                F
        BANK10           000A00-000AFF              100
        BANK11           000B00-000BFF              100
        BANK12           000C00-000CFF              100
        BANK13           000D00-000DFF              100
        BANK14           000E00-000EFF              100
        BANK15           000F00-000F37               38
        BANK2            000248-0002FF               B8
        BANK3            000300-0003FF              100
        BANK4            000400-0004FF              100
        BANK5            000500-0005FF              100
        BANK6            000600-0006FF              100
        BANK7            000700-0007FF              100
        BANK8            000800-0008FF              100
        BANK9            000900-0009FF              100
        BIGRAM           00004B-00005F               15
                         0000CC-0000FF               34
                         0001F1-0001FF                F
                         000248-000F37              CF0
        BIGSFR           000F38-000FFF               C8
        CODE             000004-000007                4
                         002D35-002D35                1
                         002E1D-00FE3D             D021
        COMRAM           00004B-00005F               15
        CONST            000004-000007                4
                         002D35-002D35                1
                         002E1D-00FE3D             D021
        EEDATA           F00000-F003FF              400
        MEDIUMCONST      002D35-002D35                1
                         002E1D-00FE3D             D021
        RAM              0000CC-0000FF               34
                         0001F1-0001FF                F
                         000248-000F37              100
        SFR              000F38-000FFF               28
        SMALLCONST       002D35-002D35                1
                         002E1D-00FE3D              100

                                  Symbol Table

?___aodiv                                       cstackCOMRAM 000016
?___aomod                                       cstackCOMRAM 000016
?___lmul                                        cstackCOMRAM 000016
?___strtoxl                                     cstackCOMRAM 000023
?___wmul                                        cstackCOMRAM 000016
?_abs                                           cstackCOMRAM 000028
?_atoi                                          cstackCOMRAM 00001C
?_get_ID                                        cstackCOMRAM 000016
?_isalnum                                       cstackCOMRAM 00001C
?_isalpha                                       cstackCOMRAM 000016
?_isdigit                                       cstackCOMRAM 000016
?_islower                                       cstackCOMRAM 000016
?_isspace                                       cstackCOMRAM 000016
?_parse_frame_ID                                cstackCOMRAM 00001C
?_sprintf                                       cstackBANK0  0000A2
?_strlen                                        cstackCOMRAM 000016
?_strncmp                                       cstackCOMRAM 000016
?_strtol                                        cstackCOMRAM 00002E
?_toupper                                       cstackCOMRAM 00001A
?_vfprintf                                      cstackBANK0  00009C
?i2_strlen                                      cstackCOMRAM 000001
ACKframeChecksum@frame                          cstackBANK0  0000C0
ADC_read@busy_status                            cstackCOMRAM 000020
ChecksumCalc@dataString                         cstackBANK0  0000BB
ChecksumCalc@i                                  cstackBANK0  0000BE
ChecksumCalc@xorTemp                            cstackBANK0  0000BD
Decode@frameID                                  cstackBANK0  0000BD
Decode@hardID                                   cstackBANK0  0000BE
EUSART1_SetErrorHandler@interruptHandler        cstackCOMRAM 000016
EUSART1_SetFramingErrorHandler@interruptHandler cstackCOMRAM 000016
EUSART1_SetOverrunErrorHandler@interruptHandler cstackCOMRAM 000016
EUSART1_SetRxInterruptHandler@interruptHandler  cstackCOMRAM 000016
EUSART1_Write@txData                            cstackCOMRAM 000016
Execute@acknowledge_frame                       cstackBANK2  000200
Execute@data_ch1                                cstackBANK2  00021E
Execute@data_ch2                                cstackBANK2  000228
Execute@data_ch3                                cstackBANK2  000232
Execute@data_ch4                                cstackBANK2  00023C
Execute@i                                       cstackBANK2  000247
Execute@k                                       cstackBANK2  000246
GetChecksumValue@i                              cstackCOMRAM 000025
GetChecksumValue@index                          cstackCOMRAM 000024
I2C1_MasterGetRxData@ack                        cstackCOMRAM 000017
I2C1_MasterGetRxData@b                          cstackCOMRAM 000018
I2C1_MasterSendNack@ack                         cstackCOMRAM 000016
I2C1_MasterSendTxData@data                      cstackCOMRAM 000016
Parse@i                                         cstackCOMRAM 000017
ReceivedFrameChecksum@hexCRCresult              cstackBANK0  0000C2
ReceivedFrameChecksum@hexFrameCheckSum          cstackBANK0  0000C0
TrimFrame@i                                     cstackCOMRAM 00001F
TrimFrame@index                                 cstackCOMRAM 00001E
_ACKframeChecksum                               text37       001E7A
_ADC_init                                       text66       002CA6
_ADC_read                                       text28       0021BE
_ADC_reset                                      text65       002D84
_ADC_result                                     bssBANK1     0001C5
_ADC_result0                                    dataBANK1    0001E7
_ANSELA                                         (abs)        000F38
_ANSELB                                         (abs)        000F39
_ANSELC                                         (abs)        000F3A
_ANSELD                                         (abs)        000F3B
_ANSELE                                         (abs)        000F3C
_BAUDCON1                                       (abs)        000FB8
_CRCresult                                      bssCOMRAM    000048
_ChecksumCalc                                   text38       002438
_Decode                                         text12       001730
_Destination_Check                              text14       002792
_DigitalBuffer                                  bssBANK1     000128
_EUSART1_DefaultErrorHandler                    text82       002E08
_EUSART1_DefaultFramingErrorHandler             text81       002E1A
_EUSART1_DefaultOverrunErrorHandler             text80       002E02
_EUSART1_ErrorHandler                           nvBANK1      0001E9
_EUSART1_FramingErrorHandler                    nvBANK1      0001ED
_EUSART1_Initialize                             text6        00268E
_EUSART1_OverrunErrorHandler                    nvBANK1      0001EB
_EUSART1_Read                                   text79       002C34
_EUSART1_Receive_ISR                            text74       001DBE
_EUSART1_RxDataHandler                          text83       002BE2
_EUSART1_RxDefaultInterruptHandler              nvBANK1      0001EF
_EUSART1_SetErrorHandler                        text10       002DCC
_EUSART1_SetFramingErrorHandler                 text9        002DC2
_EUSART1_SetOverrunErrorHandler                 text8        002DB8
_EUSART1_SetRxInterruptHandler                  text7        002DAE
_EUSART1_Write                                  text59       002D0A
_EUSART1_is_tx_ready                            text58       002C0C
_EUSART1_is_tx_ready$514                        cstackCOMRAM 000016
_Execute                                        text11       000A40
_FrameCheckSum                                  bssBANK1     0001CD
_GetChecksumValue                               text25       001FDE
_I2C1_MasterEnableRestart                       text36       002DEA
_I2C1_MasterGetRxData                           text31       002B5A
_I2C1_MasterIsNack                              text71       002CC4
_I2C1_MasterIsRxBufFull                         text35       002D5E
_I2C1_MasterSendNack                            text34       002D4A
_I2C1_MasterSendTxData                          text70       002DA2
_I2C1_MasterStart                               text69       002DFA
_I2C1_MasterStartRx                             text33       002E16
_I2C1_MasterStop                                text68       002DF2
_I2C1_MasterStopRx                              text32       002E12
_I2C1_WaitIdle                                  text72       0026E8
_INTCON2bits                                    (abs)        000FF1
_INTCONbits                                     (abs)        000FF2
_INTERRUPT_Initialize                           text5        002E0E
_INTERRUPT_InterruptManager                     intcode      000008
_Idle                                           text15       002CF4
_Initialize                                     text26       002DD6
_LATA                                           (abs)        000F89
_LATB                                           (abs)        000F8A
_LATC                                           (abs)        000F8B
_LATD                                           (abs)        000F8C
_LATE                                           (abs)        000F8D
_LATEbits                                       (abs)        000F8D
_OSCCON                                         (abs)        000FD3
_OSCCON2                                        (abs)        000FD2
_OSCILLATOR_Initialize                          text4        002D94
_OSCTUNE                                        (abs)        000F9B
_PIE1bits                                       (abs)        000F9D
_PIN_MANAGER_Initialize                         text3        002A38
_PIR1bits                                       (abs)        000F9E
_PORTAbits                                      (abs)        000F80
_PORTDbits                                      (abs)        000F83
_Parse                                          text13       0025D6
_RCONbits                                       (abs)        000FD0
_RCREG1                                         (abs)        000FAE
_RCSTA1                                         (abs)        000FAB
_RCSTA1bits                                     (abs)        000FAB
_ReceivedFrameChecksum                          text16       001C34
_ResultBuffer                                   bssBANK1     00013C
_SCBuffer                                       bssBANK1     000114
_SC_voltage                                     bssBANK1     00015F
_SPBRG1                                         (abs)        000FAF
_SPBRGH1                                        (abs)        000FB0
_SSP1ADD                                        (abs)        000FC8
_SSP1BUF                                        (abs)        000FC9
_SSP1CON1                                       (abs)        000FC6
_SSP1CON1bits                                   (abs)        000FC6
_SSP1CON2                                       (abs)        000FC5
_SSP1CON2bits                                   (abs)        000FC5
_SSP1STAT                                       (abs)        000FC7
_SSP1STATbits                                   (abs)        000FC7
_SYSTEM_Initialize                              text2        002D72
_TRISA                                          (abs)        000F92
_TRISB                                          (abs)        000F93
_TRISC                                          (abs)        000F94
_TRISD                                          (abs)        000F95
_TRISE                                          (abs)        000F96
_TXREG1                                         (abs)        000FAD
_TXSTA1                                         (abs)        000FAC
_TXSTA1bits                                     (abs)        000FAC
_TrimFrame                                      text24       0023C6
_TrimmedAckFrame                                bssBANK1     000100
_TrimmedFrame                                   bssBANK1     000189
_WPUB                                           (abs)        000F61
__HRAM                                          (abs)        000000
__Habs1                                         abs1         000000
__Hbank0                                        bank0        000000
__Hbank1                                        bank1        000000
__Hbank10                                       bank10       000000
__Hbank11                                       bank11       000000
__Hbank12                                       bank12       000000
__Hbank13                                       bank13       000000
__Hbank14                                       bank14       000000
__Hbank15                                       bank15       000000
__Hbank2                                        bank2        000000
__Hbank3                                        bank3        000000
__Hbank4                                        bank4        000000
__Hbank5                                        bank5        000000
__Hbank6                                        bank6        000000
__Hbank7                                        bank7        000000
__Hbank8                                        bank8        000000
__Hbank9                                        bank9        000000
__Hbigbss                                       bigbss       000000
__Hbigdata                                      bigdata      000000
__Hbigram                                       bigram       000000
__Hbigsfr                                       bigsfr       000000
__Hbss                                          bss          000000
__HbssBANK0                                     bssBANK0     000000
__HbssBANK1                                     bssBANK1     000000
__HbssCOMRAM                                    bssCOMRAM    000000
__Hcinit                                        cinit        000000
__Hclrtext                                      clrtext      000000
__Hcomram                                       comram       000000
__Hconfig                                       config       30000E
__Hconst                                        const        000000
__HcstackBANK0                                  cstackBANK0  000000
__HcstackBANK2                                  cstackBANK2  000000
__HcstackCOMRAM                                 cstackCOMRAM 000000
__Hdata                                         data         000000
__HdataBANK0                                    dataBANK0    000000
__HdataBANK1                                    dataBANK1    000000
__Heeprom_data                                  eeprom_data  000000
__Hfarbss                                       farbss       000000
__Hfardata                                      fardata      000000
__Hheap                                         heap         000000
__Hibigdata                                     ibigdata     000000
__Hidata                                        idata        000000
__HidataBANK0                                   idataBANK0   000000
__HidataBANK1                                   idataBANK1   000000
__Hidloc                                        idloc        200008
__Hifardata                                     ifardata     000000
__Hinit                                         init         0000A6
__Hintcode                                      intcode      0000A2
__Hintcode_body                                 intcode_body 000000
__Hintcodelo                                    intcodelo    0000A2
__Hintentry                                     intentry     000000
__Hintret                                       intret       000000
__Hintsave_regs                                 intsave_regs 000000
__Hirdata                                       irdata       000000
__Hmediumconst                                  mediumconst  010000
__HnvBANK1                                      nvBANK1      000000
__HnvFARRAM                                     nvFARRAM     000000
__Hnvbit                                        nvbit        000000
__Hnvrram                                       nvrram       000000
__Hparam                                        rparam       000000
__Hpowerup                                      powerup      0000A2
__Hram                                          ram          000000
__Hramtop                                       ramtop       001000
__Hrbit                                         rbit         000000
__Hrbss                                         rbss         000000
__Hrdata                                        rdata        000000
__Hreset_vec                                    reset_vec    000004
__Hrparam                                       rparam       000000
__Hsfr                                          sfr          000000
__Hsmallconst                                   smallconst   000000
__Hspace_0                                      (abs)        010000
__Hspace_1                                      (abs)        000248
__Hspace_2                                      (abs)        000000
__Hspace_4                                      (abs)        60000E
__Hstack                                        stack        000000
__Hstruct                                       struct       000000
__Htemp                                         temp         00004B
__Htext                                         text         000000
__Htext0                                        text0        000000
__Htext1                                        text1        000000
__Htext10                                       text10       000000
__Htext11                                       text11       000000
__Htext12                                       text12       000000
__Htext13                                       text13       000000
__Htext14                                       text14       000000
__Htext15                                       text15       000000
__Htext16                                       text16       000000
__Htext17                                       text17       000000
__Htext18                                       text18       000000
__Htext19                                       text19       000000
__Htext2                                        text2        000000
__Htext20                                       text20       000000
__Htext21                                       text21       000000
__Htext22                                       text22       000000
__Htext23                                       text23       000000
__Htext24                                       text24       000000
__Htext25                                       text25       000000
__Htext26                                       text26       000000
__Htext27                                       text27       000000
__Htext28                                       text28       000000
__Htext29                                       text29       000000
__Htext3                                        text3        000000
__Htext30                                       text30       000000
__Htext31                                       text31       000000
__Htext32                                       text32       000000
__Htext33                                       text33       000000
__Htext34                                       text34       000000
__Htext35                                       text35       000000
__Htext36                                       text36       000000
__Htext37                                       text37       000000
__Htext38                                       text38       000000
__Htext39                                       text39       000000
__Htext4                                        text4        000000
__Htext40                                       text40       000000
__Htext41                                       text41       000000
__Htext42                                       text42       000000
__Htext43                                       text43       000000
__Htext44                                       text44       000000
__Htext45                                       text45       000000
__Htext46                                       text46       000000
__Htext47                                       text47       000000
__Htext48                                       text48       000000
__Htext49                                       text49       000000
__Htext5                                        text5        000000
__Htext50                                       text50       000000
__Htext51                                       text51       000000
__Htext52                                       text52       000000
__Htext53                                       text53       000000
__Htext54                                       text54       000000
__Htext55                                       text55       000000
__Htext56                                       text56       000000
__Htext57                                       text57       000000
__Htext58                                       text58       000000
__Htext59                                       text59       000000
__Htext6                                        text6        000000
__Htext60                                       text60       000000
__Htext61                                       text61       000000
__Htext62                                       text62       000000
__Htext63                                       text63       000000
__Htext64                                       text64       000000
__Htext65                                       text65       000000
__Htext66                                       text66       000000
__Htext67                                       text67       000000
__Htext68                                       text68       000000
__Htext69                                       text69       000000
__Htext7                                        text7        000000
__Htext70                                       text70       000000
__Htext71                                       text71       000000
__Htext72                                       text72       000000
__Htext74                                       text74       000000
__Htext75                                       text75       000000
__Htext76                                       text76       000000
__Htext77                                       text77       000000
__Htext78                                       text78       000000
__Htext79                                       text79       000000
__Htext8                                        text8        000000
__Htext80                                       text80       000000
__Htext81                                       text81       000000
__Htext82                                       text82       000000
__Htext83                                       text83       000000
__Htext84                                       text84       000000
__Htext9                                        text9        000000
__LRAM                                          (abs)        000001
__Labs1                                         abs1         000000
__Lbank0                                        bank0        000000
__Lbank1                                        bank1        000000
__Lbank10                                       bank10       000000
__Lbank11                                       bank11       000000
__Lbank12                                       bank12       000000
__Lbank13                                       bank13       000000
__Lbank14                                       bank14       000000
__Lbank15                                       bank15       000000
__Lbank2                                        bank2        000000
__Lbank3                                        bank3        000000
__Lbank4                                        bank4        000000
__Lbank5                                        bank5        000000
__Lbank6                                        bank6        000000
__Lbank7                                        bank7        000000
__Lbank8                                        bank8        000000
__Lbank9                                        bank9        000000
__Lbigbss                                       bigbss       000000
__Lbigdata                                      bigdata      000000
__Lbigram                                       bigram       000000
__Lbigsfr                                       bigsfr       000000
__Lbss                                          bss          000000
__LbssBANK0                                     bssBANK0     000000
__LbssBANK1                                     bssBANK1     000000
__LbssCOMRAM                                    bssCOMRAM    000000
__Lcinit                                        cinit        000000
__Lclrtext                                      clrtext      000000
__Lcomram                                       comram       000000
__Lconfig                                       config       000000
__Lconst                                        const        000000
__LcstackBANK0                                  cstackBANK0  000000
__LcstackBANK2                                  cstackBANK2  000000
__LcstackCOMRAM                                 cstackCOMRAM 000000
__Ldata                                         data         000000
__LdataBANK0                                    dataBANK0    000000
__LdataBANK1                                    dataBANK1    000000
__Leeprom_data                                  eeprom_data  000000
__Lfarbss                                       farbss       000000
__Lfardata                                      fardata      000000
__Lheap                                         heap         000000
__Libigdata                                     ibigdata     000000
__Lidata                                        idata        000000
__LidataBANK0                                   idataBANK0   000000
__LidataBANK1                                   idataBANK1   000000
__Lidloc                                        idloc        000000
__Lifardata                                     ifardata     000000
__Linit                                         init         0000A2
__Lintcode                                      intcode      000008
__Lintcode_body                                 intcode_body 000000
__Lintcodelo                                    intcodelo    0000A2
__Lintentry                                     intentry     000000
__Lintret                                       intret       000000
__Lintsave_regs                                 intsave_regs 000000
__Lirdata                                       irdata       000000
__Lmediumconst                                  mediumconst  00FE3E
__LnvBANK1                                      nvBANK1      000000
__LnvFARRAM                                     nvFARRAM     000000
__Lnvbit                                        nvbit        000000
__Lnvrram                                       nvrram       000000
__Lparam                                        rparam       000000
__Lpowerup                                      powerup      0000A2
__Lram                                          ram          000000
__Lramtop                                       ramtop       001000
__Lrbit                                         rbit         000000
__Lrbss                                         rbss         000000
__Lrdata                                        rdata        000000
__Lreset_vec                                    reset_vec    000000
__Lrparam                                       rparam       000000
__Lsfr                                          sfr          000000
__Lsmallconst                                   smallconst   000000
__Lspace_0                                      (abs)        000000
__Lspace_1                                      (abs)        000000
__Lspace_2                                      (abs)        000000
__Lspace_4                                      (abs)        000000
__Lstack                                        stack        000000
__Lstruct                                       struct       000000
__Ltemp                                         temp         00004A
__Ltext                                         text         000000
__Ltext0                                        text0        000000
__Ltext1                                        text1        000000
__Ltext10                                       text10       000000
__Ltext11                                       text11       000000
__Ltext12                                       text12       000000
__Ltext13                                       text13       000000
__Ltext14                                       text14       000000
__Ltext15                                       text15       000000
__Ltext16                                       text16       000000
__Ltext17                                       text17       000000
__Ltext18                                       text18       000000
__Ltext19                                       text19       000000
__Ltext2                                        text2        000000
__Ltext20                                       text20       000000
__Ltext21                                       text21       000000
__Ltext22                                       text22       000000
__Ltext23                                       text23       000000
__Ltext24                                       text24       000000
__Ltext25                                       text25       000000
__Ltext26                                       text26       000000
__Ltext27                                       text27       000000
__Ltext28                                       text28       000000
__Ltext29                                       text29       000000
__Ltext3                                        text3        000000
__Ltext30                                       text30       000000
__Ltext31                                       text31       000000
__Ltext32                                       text32       000000
__Ltext33                                       text33       000000
__Ltext34                                       text34       000000
__Ltext35                                       text35       000000
__Ltext36                                       text36       000000
__Ltext37                                       text37       000000
__Ltext38                                       text38       000000
__Ltext39                                       text39       000000
__Ltext4                                        text4        000000
__Ltext40                                       text40       000000
__Ltext41                                       text41       000000
__Ltext42                                       text42       000000
__Ltext43                                       text43       000000
__Ltext44                                       text44       000000
__Ltext45                                       text45       000000
__Ltext46                                       text46       000000
__Ltext47                                       text47       000000
__Ltext48                                       text48       000000
__Ltext49                                       text49       000000
__Ltext5                                        text5        000000
__Ltext50                                       text50       000000
__Ltext51                                       text51       000000
__Ltext52                                       text52       000000
__Ltext53                                       text53       000000
__Ltext54                                       text54       000000
__Ltext55                                       text55       000000
__Ltext56                                       text56       000000
__Ltext57                                       text57       000000
__Ltext58                                       text58       000000
__Ltext59                                       text59       000000
__Ltext6                                        text6        000000
__Ltext60                                       text60       000000
__Ltext61                                       text61       000000
__Ltext62                                       text62       000000
__Ltext63                                       text63       000000
__Ltext64                                       text64       000000
__Ltext65                                       text65       000000
__Ltext66                                       text66       000000
__Ltext67                                       text67       000000
__Ltext68                                       text68       000000
__Ltext69                                       text69       000000
__Ltext7                                        text7        000000
__Ltext70                                       text70       000000
__Ltext71                                       text71       000000
__Ltext72                                       text72       000000
__Ltext74                                       text74       000000
__Ltext75                                       text75       000000
__Ltext76                                       text76       000000
__Ltext77                                       text77       000000
__Ltext78                                       text78       000000
__Ltext79                                       text79       000000
__Ltext8                                        text8        000000
__Ltext80                                       text80       000000
__Ltext81                                       text81       000000
__Ltext82                                       text82       000000
__Ltext83                                       text83       000000
__Ltext84                                       text84       000000
__Ltext9                                        text9        000000
__S0                                            (abs)        010000
__S1                                            (abs)        000248
__S4                                            (abs)        000000
__S5                                            (abs)        000000
___aodiv                                        text50       0012F0
___aodiv@counter                                cstackCOMRAM 000026
___aodiv@dividend                               cstackCOMRAM 000016
___aodiv@divisor                                cstackCOMRAM 00001E
___aodiv@quotient                               cstackCOMRAM 000028
___aodiv@sign                                   cstackCOMRAM 000027
___aomod                                        text49       001478
___aomod@counter                                cstackCOMRAM 000026
___aomod@dividend                               cstackCOMRAM 000016
___aomod@divisor                                cstackCOMRAM 00001E
___aomod@sign                                   cstackCOMRAM 000027
___heap_hi                                      (abs)        000000
___heap_lo                                      (abs)        000000
___inthi_sp                                     stack        000000
___intlo_sp                                     stack        000000
___lmul                                         text23       0024A6
___lmul@multiplicand                            cstackCOMRAM 00001A
___lmul@multiplier                              cstackCOMRAM 000016
___lmul@product                                 cstackCOMRAM 00001E
___param_bank                                   (abs)        000000
___rparam_used                                  (abs)        000001
___sp                                           stack        000000
___strtoxl                                      text18       00059C
___strtoxl@a                                    cstackBANK0  00006B
___strtoxl@base                                 cstackCOMRAM 000027
___strtoxl@c                                    cstackBANK0  000071
___strtoxl@conv_done                            cstackBANK0  000064
___strtoxl@cp                                   cstackBANK0  00006F
___strtoxl@endptr                               cstackCOMRAM 000025
___strtoxl@is_signed                            cstackCOMRAM 000029
___strtoxl@limit                                cstackBANK0  000065
___strtoxl@prev_a                               cstackBANK0  000060
___strtoxl@s                                    cstackCOMRAM 000023
___strtoxl@sign                                 cstackBANK0  000069
___strtoxl@skip                                 cstackBANK0  00006A
___wmul                                         text61       002C5C
___wmul@multiplicand                            cstackCOMRAM 000018
___wmul@multiplier                              cstackCOMRAM 000016
___wmul@product                                 cstackCOMRAM 00001A
__accesstop                                     (abs)        000060
__activetblptr                                  (abs)        000003
__end_of_ACKframeChecksum                       text37       001F32
__end_of_ADC_init                               text66       002CC4
__end_of_ADC_read                               text28       002252
__end_of_ADC_reset                              text65       002D94
__end_of_ChecksumCalc                           text38       0024A6
__end_of_Decode                                 text12       00187E
__end_of_Destination_Check                      text14       0027E4
__end_of_EUSART1_DefaultErrorHandler            text82       002E0E
__end_of_EUSART1_DefaultFramingErrorHandler     text81       002E1C
__end_of_EUSART1_DefaultOverrunErrorHandler     text80       002E08
__end_of_EUSART1_Initialize                     text6        0026E8
__end_of_EUSART1_Read                           text79       002C5C
__end_of_EUSART1_Receive_ISR                    text74       001E7A
__end_of_EUSART1_RxDataHandler                  text83       002C0C
__end_of_EUSART1_SetErrorHandler                text10       002DD6
__end_of_EUSART1_SetFramingErrorHandler         text9        002DCC
__end_of_EUSART1_SetOverrunErrorHandler         text8        002DC2
__end_of_EUSART1_SetRxInterruptHandler          text7        002DB8
__end_of_EUSART1_Write                          text59       002D20
__end_of_EUSART1_is_tx_ready                    text58       002C34
__end_of_Execute                                text11       000E64
__end_of_GetChecksumValue                       text25       002082
__end_of_I2C1_MasterEnableRestart               text36       002DF2
__end_of_I2C1_MasterGetRxData                   text31       002B8A
__end_of_I2C1_MasterIsNack                      text71       002CDC
__end_of_I2C1_MasterIsRxBufFull                 text35       002D72
__end_of_I2C1_MasterSendNack                    text34       002D5E
__end_of_I2C1_MasterSendTxData                  text70       002DAE
__end_of_I2C1_MasterStart                       text69       002E02
__end_of_I2C1_MasterStartRx                     text33       002E1A
__end_of_I2C1_MasterStop                        text68       002DFA
__end_of_I2C1_MasterStopRx                      text32       002E16
__end_of_I2C1_WaitIdle                          text72       00273E
__end_of_INTERRUPT_Initialize                   text5        002E12
__end_of_INTERRUPT_InterruptManager             intcode      0000A2
__end_of_Idle                                   text15       002D0A
__end_of_Initialize                             text26       002DE0
__end_of_OSCILLATOR_Initialize                  text4        002DA2
__end_of_PIN_MANAGER_Initialize                 text3        002A78
__end_of_Parse                                  text13       002634
__end_of_ReceivedFrameChecksum                  text16       001CFA
__end_of_SYSTEM_Initialize                      text2        002D84
__end_of_TrimFrame                              text24       002438
__end_of___aodiv                                text50       001478
__end_of___aomod                                text49       0015DC
__end_of___lmul                                 text23       002510
__end_of___strtoxl                              text18       000A40
__end_of___wmul                                 text61       002C82
__end_of__initialization                        cinit        002684
__end_of_abs                                    text48       002AB8
__end_of_atoi                                   text54       001730
__end_of_clear_buffer                           text63       0029F4
__end_of_ctoa                                   text51       0021BE
__end_of_dtoa                                   text45       00111E
__end_of_fill_buffer                            text78       002CF4
__end_of_fputc                                  text52       001C34
__end_of_fputs                                  text47       0029B0
__end_of_get_ID                                 text62       001B6A
__end_of_i2c_driver_init                        text1        002D4A
__end_of_i2c_driver_read_byte                   text30       00234C
__end_of_i2c_driver_read_twobytes               text29       002124
__end_of_i2c_driver_write_byte                  text67       002576
__end_of_isalnum                                text21       0025D6
__end_of_isalpha                                text22       002B28
__end_of_isdigit                                text56       002BE2
__end_of_islower                                text20       002BB6
__end_of_isspace                                text55       00296C
__end_of_main                                   text0        001FDE
__end_of_memcpy                                 text27       002886
__end_of_my_RX_ISR                              text75       001DBE
__end_of_pad                                    text46       0023C6
__end_of_parse_frame_ID                         text60       002CA6
__end_of_putch                                  text53       002DEA
__end_of_send_string                            text57       0022D0
__end_of_sprintf                                text39       002836
__end_of_stoa                                   text44       0019AA
__end_of_strlen                                 text64       0028D6
__end_of_strncmp                                text43       001A94
__end_of_strtol                                 text17       002B5A
__end_of_toupper                                text19       002AF0
__end_of_vfpfcnvrt                              text41       00059C
__end_of_vfprintf                               text40       002792
__end_of_xtoa                                   text42       0012F0
__end_ofi2_clear_buffer                         text76       002A38
__end_ofi2_strlen                               text77       002926
__initialization                                cinit        002634
__mediumconst                                   mediumconst  00FE3E
__pbssBANK0                                     bssBANK0     0000C9
__pbssBANK1                                     bssBANK1     000100
__pbssCOMRAM                                    bssCOMRAM    000035
__pcinit                                        cinit        002634
__pcstackBANK0                                  cstackBANK0  000060
__pcstackBANK2                                  cstackBANK2  000200
__pcstackCOMRAM                                 cstackCOMRAM 000001
__pdataBANK0                                    dataBANK0    0000CB
__pdataBANK1                                    dataBANK1    0001D4
__pidataBANK0                                   idataBANK0   002E1C
__pidataBANK1                                   idataBANK1   002D20
__pintcode                                      intcode      000008
__pmediumconst                                  mediumconst  00FE3E
__pnvBANK1                                      nvBANK1      0001E9
__ptext0                                        text0        001F32
__ptext1                                        text1        002D36
__ptext10                                       text10       002DCC
__ptext11                                       text11       000A40
__ptext12                                       text12       001730
__ptext13                                       text13       0025D6
__ptext14                                       text14       002792
__ptext15                                       text15       002CF4
__ptext16                                       text16       001C34
__ptext17                                       text17       002B28
__ptext18                                       text18       00059C
__ptext19                                       text19       002AB8
__ptext2                                        text2        002D72
__ptext20                                       text20       002B8A
__ptext21                                       text21       002576
__ptext22                                       text22       002AF0
__ptext23                                       text23       0024A6
__ptext24                                       text24       0023C6
__ptext25                                       text25       001FDE
__ptext26                                       text26       002DD6
__ptext27                                       text27       002836
__ptext28                                       text28       0021BE
__ptext29                                       text29       002082
__ptext3                                        text3        002A38
__ptext30                                       text30       0022D0
__ptext31                                       text31       002B5A
__ptext32                                       text32       002E12
__ptext33                                       text33       002E16
__ptext34                                       text34       002D4A
__ptext35                                       text35       002D5E
__ptext36                                       text36       002DEA
__ptext37                                       text37       001E7A
__ptext38                                       text38       002438
__ptext39                                       text39       0027E4
__ptext4                                        text4        002D94
__ptext40                                       text40       00273E
__ptext41                                       text41       0000A6
__ptext42                                       text42       00111E
__ptext43                                       text43       0019AA
__ptext44                                       text44       00187E
__ptext45                                       text45       000E64
__ptext46                                       text46       00234C
__ptext47                                       text47       00296C
__ptext48                                       text48       002A78
__ptext49                                       text49       001478
__ptext5                                        text5        002E0E
__ptext50                                       text50       0012F0
__ptext51                                       text51       002124
__ptext52                                       text52       001B6A
__ptext53                                       text53       002DE0
__ptext54                                       text54       0015DC
__ptext55                                       text55       002926
__ptext56                                       text56       002BB6
__ptext57                                       text57       002252
__ptext58                                       text58       002C0C
__ptext59                                       text59       002D0A
__ptext6                                        text6        00268E
__ptext60                                       text60       002C82
__ptext61                                       text61       002C5C
__ptext62                                       text62       001A94
__ptext63                                       text63       0029B0
__ptext64                                       text64       002886
__ptext65                                       text65       002D84
__ptext66                                       text66       002CA6
__ptext67                                       text67       002510
__ptext68                                       text68       002DF2
__ptext69                                       text69       002DFA
__ptext7                                        text7        002DAE
__ptext70                                       text70       002DA2
__ptext71                                       text71       002CC4
__ptext72                                       text72       0026E8
__ptext74                                       text74       001DBE
__ptext75                                       text75       001CFA
__ptext76                                       text76       0029F4
__ptext77                                       text77       0028D6
__ptext78                                       text78       002CDC
__ptext79                                       text79       002C34
__ptext8                                        text8        002DB8
__ptext80                                       text80       002E02
__ptext81                                       text81       002E1A
__ptext82                                       text82       002E08
__ptext83                                       text83       002BE2
__ptext84                                       text84       000000
__ptext9                                        text9        002DC2
__ramtop                                        ramtop       001000
__smallconst                                    smallconst   000000
_abs                                            text48       002A78
_add_digit_1                                    bssBANK1     000167
_add_digit_2                                    bssBANK1     000165
_atoi                                           text54       0015DC
_broadcast_test_flag                            bssCOMRAM    000040
_clear_buffer                                   text63       0029B0
_command                                        bssCOMRAM    00003D
_command_index                                  bssCOMRAM    00003C
_ctoa                                           text51       002124
_curr_state                                     bssCOMRAM    000041
_dbuf                                           bssBANK1     000169
_destination                                    bssCOMRAM    000042
_dtoa                                           text45       000E64
_dtoa$2210                                      cstackBANK0  000072
_errno                                          bssBANK1     000163
_eusart1RxBuffer                                bssBANK1     000153
_eusart1RxCount                                 bssCOMRAM    000045
_eusart1RxHead                                  bssCOMRAM    000047
_eusart1RxLastError                             bssCOMRAM    000044
_eusart1RxStatusBuffer                          bssBANK1     00014B
_eusart1RxTail                                  bssCOMRAM    000046
_fill_buffer                                    text78       002CDC
_flags                                          bssCOMRAM    00003B
_fputc                                          text52       001B6A
_fputs                                          text47       00296C
_frameAddress                                   bssBANK1     0001D2
_frame_buffer                                   bssBANK1     0001B1
_frame_index                                    bssCOMRAM    000039
_frame_ready_flag                               bssCOMRAM    00003F
_frame_state                                    bssCOMRAM    000043
_fullAckFrame                                   bssBANK1     00019D
_function_table                                 dataBANK1    0001D4
_get_ID                                         text62       001A94
_get_flag                                       bssBANK0     0000C9
_i2c_driver_init                                text1        002D36
_i2c_driver_read_byte                           text30       0022D0
_i2c_driver_read_twobytes                       text29       002082
_i2c_driver_write_byte                          text67       002510
_init_buffer_flag                               bssCOMRAM    00003E
_isalnum                                        text21       002576
_isalnum$2391                                   cstackCOMRAM 000022
_isalpha                                        text22       002AF0
_isdigit                                        text56       002BB6
_islower                                        text20       002B8A
_isspace                                        text55       002926
_isspace$2287                                   cstackCOMRAM 00001A
_main                                           text0        001F32
_memcpy                                         text27       002836
_my_RX_ISR                                      text75       001CFA
_pad                                            text46       00234C
_parse_frame_ID                                 text60       002C82
_prec                                           bssCOMRAM    000037
_prev_destination                               dataBANK0    0000CB
_putch                                          text53       002DE0
_read_flag                                      bssBANK0     0000CA
_realAdress                                     bssBANK1     0001D0
_send_string                                    text57       002252
_sprintf                                        text39       0027E4
_stoa                                           text44       00187E
_strlen                                         text64       002886
_strncmp                                        text43       0019AA
_strtol                                         text17       002B28
_toupper                                        text19       002AB8
_vfpfcnvrt                                      text41       0000A6
_vfpfcnvrt$2250                                 cstackBANK0  000090
_vfprintf                                       text40       00273E
_voltage                                        bssBANK1     00015B
_width                                          bssCOMRAM    000035
_xtoa                                           text42       00111E
_xtoa$2230                                      cstackBANK0  000072
abs@a                                           cstackCOMRAM 000028
atoi@n                                          cstackCOMRAM 000023
atoi@neg                                        cstackCOMRAM 000021
atoi@s                                          cstackCOMRAM 00001C
btemp                                           temp         00004A
clear_buffer@buffer                             cstackCOMRAM 00001A
clear_buffer@i                                  cstackCOMRAM 00001C
ctoa@c                                          cstackCOMRAM 000023
ctoa@fp                                         cstackCOMRAM 000021
ctoa@l                                          cstackCOMRAM 000025
ctoa@w                                          cstackCOMRAM 000027
dtoa@d                                          cstackBANK0  000062
dtoa@fp                                         cstackBANK0  000060
dtoa@i                                          cstackBANK0  000081
dtoa@n                                          cstackBANK0  000078
dtoa@p                                          cstackBANK0  000074
dtoa@s                                          cstackBANK0  000080
dtoa@w                                          cstackBANK0  000076
end_of_initialization                           cinit        002684
fill_buffer@received_char                       cstackCOMRAM 000001
fputc@c                                         cstackCOMRAM 000018
fputc@fp                                        cstackCOMRAM 00001A
fputs@c                                         cstackCOMRAM 000025
fputs@fp                                        cstackCOMRAM 000023
fputs@i                                         cstackCOMRAM 000026
fputs@s                                         cstackCOMRAM 000021
i2_clear_buffer                                 text76       0029F4
i2_strlen                                       text77       0028D6
i2c_driver_read_byte@data                       cstackCOMRAM 00001A
i2c_driver_read_byte@devaddr                    cstackCOMRAM 00001C
i2c_driver_read_byte@reg                        cstackCOMRAM 000019
i2c_driver_read_twobytes@data                   cstackCOMRAM 00001A
i2c_driver_read_twobytes@devaddr                cstackCOMRAM 00001F
i2c_driver_read_twobytes@reg                    cstackCOMRAM 000019
i2c_driver_write_byte@data                      cstackCOMRAM 000018
i2c_driver_write_byte@devaddr                   cstackCOMRAM 000019
i2c_driver_write_byte@reg                       cstackCOMRAM 000017
i2clear_buffer@buffer                           cstackCOMRAM 000005
i2clear_buffer@i                                cstackCOMRAM 000007
i2strlen@a                                      cstackCOMRAM 000003
i2strlen@s                                      cstackCOMRAM 000001
int$flags                                       temp         00004A
intlevel0                                       text         000000
intlevel1                                       text         000000
intlevel2                                       text         000000
intlevel3                                       text         000000
isa$std                                         (abs)        000001
isa$xinst                                       (abs)        000000
isalnum@c                                       cstackCOMRAM 00001C
isalpha@c                                       cstackCOMRAM 000016
isdigit@c                                       cstackCOMRAM 000016
islower@c                                       cstackCOMRAM 000016
isspace@c                                       cstackCOMRAM 000016
memcpy@d                                        cstackCOMRAM 000021
memcpy@d1                                       cstackCOMRAM 00001A
memcpy@n                                        cstackCOMRAM 00001E
memcpy@s                                        cstackCOMRAM 000023
memcpy@s1                                       cstackCOMRAM 00001C
memcpy@tmp                                      cstackCOMRAM 000020
my_RX_ISR@frame_char                            cstackCOMRAM 00000B
pad@buf                                         cstackCOMRAM 00002A
pad@fp                                          cstackCOMRAM 000028
pad@i                                           cstackCOMRAM 00002F
pad@p                                           cstackCOMRAM 00002C
pad@w                                           cstackCOMRAM 000031
putch@txData                                    cstackCOMRAM 000017
send_string@i                                   cstackCOMRAM 00001E
send_string@message                             cstackCOMRAM 00001A
sprintf@ap                                      cstackBANK0  0000AE
sprintf@f                                       cstackBANK0  0000B0
sprintf@fmt                                     cstackBANK0  0000A4
sprintf@s                                       cstackBANK0  0000A2
stackhi                                         (abs)        000000
stacklo                                         (abs)        000000
start                                           init         0000A2
start_initialization                            cinit        002634
stoa@F1157                                      dataBANK1    0001E0
stoa@cp                                         cstackBANK0  00006B
stoa@fp                                         cstackCOMRAM 000021
stoa@i                                          cstackBANK0  000069
stoa@l                                          cstackBANK0  00006D
stoa@nuls                                       cstackBANK0  000060
stoa@p                                          cstackBANK0  00006F
stoa@s                                          cstackCOMRAM 000023
stoa@w                                          cstackBANK0  000067
strlen@a                                        cstackCOMRAM 000018
strlen@s                                        cstackCOMRAM 000016
strncmp@_l                                      cstackCOMRAM 000016
strncmp@_r                                      cstackCOMRAM 000018
strncmp@l                                       cstackCOMRAM 00001D
strncmp@n                                       cstackCOMRAM 00001A
strncmp@r                                       cstackCOMRAM 00001F
strtol@base                                     cstackCOMRAM 000032
strtol@endptr                                   cstackCOMRAM 000030
strtol@s                                        cstackCOMRAM 00002E
toupper@c                                       cstackCOMRAM 00001A
ttemp5                                          temp         00004B
ttemp6                                          temp         00004E
ttemp7                                          temp         000052
vfpfcnvrt@ap                                    cstackBANK0  000087
vfpfcnvrt@c                                     cstackBANK0  00008D
vfpfcnvrt@convarg                               cstackBANK0  000092
vfpfcnvrt@cp                                    cstackBANK0  00009A
vfpfcnvrt@done                                  cstackBANK0  00008E
vfpfcnvrt@fmt                                   cstackBANK0  000085
vfpfcnvrt@fp                                    cstackBANK0  000083
vfprintf@ap                                     cstackBANK0  0000A0
vfprintf@cfmt                                   cstackCOMRAM 000033
vfprintf@fmt                                    cstackBANK0  00009E
vfprintf@fp                                     cstackBANK0  00009C
wtemp8                                          temp         00004B
xtoa@c                                          cstackBANK0  000082
xtoa@d                                          cstackBANK0  000062
xtoa@fp                                         cstackBANK0  000060
xtoa@i                                          cstackBANK0  000080
xtoa@n                                          cstackBANK0  000078
xtoa@p                                          cstackBANK0  000074
xtoa@w                                          cstackBANK0  000076


MODULE INFORMATION

Module		Function		Class		Link	Load	Size
C:\Program Files\Microchip\xc8\v2.40\pic\sources\c99\common\nf_fputc.c
		_fputc         		CODE           	1B6A	0000	202

C:\Program Files\Microchip\xc8\v2.40\pic\sources\c99\common\nf_fputc.c estimated size: 202

C:\Program Files\Microchip\xc8\v2.40\pic\sources\c99\common\toupper.c
		_toupper       		CODE           	2AB8	0000	56

C:\Program Files\Microchip\xc8\v2.40\pic\sources\c99\common\toupper.c estimated size: 56

C:\Program Files\Microchip\xc8\v2.40\pic\sources\c99\common\nf_sprintf.c
		_sprintf       		CODE           	27E4	0000	82

C:\Program Files\Microchip\xc8\v2.40\pic\sources\c99\common\nf_sprintf.c estimated size: 82

C:\Program Files\Microchip\xc8\v2.40\pic\sources\c99\common\memcpy.c
		_memcpy        		CODE           	2836	0000	80

C:\Program Files\Microchip\xc8\v2.40\pic\sources\c99\common\memcpy.c estimated size: 80

C:\Program Files\Microchip\xc8\v2.40\pic\sources\c99\common\isalpha.c
		_isalpha       		CODE           	2AF0	0000	56

C:\Program Files\Microchip\xc8\v2.40\pic\sources\c99\common\isalpha.c estimated size: 56

C:\Program Files\Microchip\xc8\v2.40\pic\sources\c99\common\isspace.c
		_isspace       		CODE           	2926	0000	70

C:\Program Files\Microchip\xc8\v2.40\pic\sources\c99\common\isspace.c estimated size: 70

C:\Program Files\Microchip\xc8\v2.40\pic\sources\c99\common\atoi.c
		_atoi          		CODE           	15DC	0000	340

C:\Program Files\Microchip\xc8\v2.40\pic\sources\c99\common\atoi.c estimated size: 340

C:\Program Files\Microchip\xc8\v2.40\pic\sources\c99\common\Umul16.c
		___wmul        		CODE           	2C5C	0000	38

C:\Program Files\Microchip\xc8\v2.40\pic\sources\c99\common\Umul16.c estimated size: 38

mcc_generated_files/interrupt_manager.c
		_INTERRUPT_Initialize		CODE           	2E0E	0000	4
		_INTERRUPT_InterruptManager		CODE           	0008	0000	154

mcc_generated_files/interrupt_manager.c estimated size: 158

C:\Program Files\Microchip\xc8\v2.40\pic\sources\c99\common\strncmp.c
		_strncmp       		CODE           	19AA	0000	234

C:\Program Files\Microchip\xc8\v2.40\pic\sources\c99\common\strncmp.c estimated size: 234

C:\Program Files\Microchip\xc8\v2.40\pic\sources\c99\common\abs.c
		_abs           		CODE           	2A78	0000	64

C:\Program Files\Microchip\xc8\v2.40\pic\sources\c99\common\abs.c estimated size: 64

mcc_generated_files/pin_manager.c
		_PIN_MANAGER_Initialize		CODE           	2A38	0000	64

mcc_generated_files/pin_manager.c estimated size: 64

i2c_driver.c
		_I2C1_WaitIdle 		CODE           	26E8	0000	86
		_I2C1_MasterSendTxData		CODE           	2DA2	0000	12
		_i2c_driver_write_byte		CODE           	2510	0000	102
		_I2C1_MasterStop		CODE           	2DF2	0000	8
		_I2C1_MasterStartRx		CODE           	2E16	0000	4
		_I2C1_MasterSendNack		CODE           	2D4A	0000	20
		_I2C1_MasterEnableRestart		CODE           	2DEA	0000	8
		_i2c_driver_read_twobytes		CODE           	2082	0000	162
		_i2c_driver_read_byte		CODE           	22D0	0000	124
		_I2C1_MasterIsRxBufFull		CODE           	2D5E	0000	20
		_I2C1_MasterIsNack		CODE           	2CC4	0000	24
		_I2C1_MasterStart		CODE           	2DFA	0000	8
		_I2C1_MasterGetRxData		CODE           	2B5A	0000	48
		_I2C1_MasterStopRx		CODE           	2E12	0000	4
		_i2c_driver_init		CODE           	2D36	0000	20

i2c_driver.c estimated size: 650

C:\Program Files\Microchip\xc8\v2.40\pic\sources\c99\common\isdigit.c
		_isdigit       		CODE           	2BB6	0000	44

C:\Program Files\Microchip\xc8\v2.40\pic\sources\c99\common\isdigit.c estimated size: 44

C:\Program Files\Microchip\xc8\v2.40\pic\sources\c99\common\Umul32.c
		___lmul        		CODE           	24A6	0000	106

C:\Program Files\Microchip\xc8\v2.40\pic\sources\c99\common\Umul32.c estimated size: 106

C:\Program Files\Microchip\xc8\v2.40\pic\sources\c99\common\nf_fputs.c
		_fputs         		CODE           	296C	0000	68

C:\Program Files\Microchip\xc8\v2.40\pic\sources\c99\common\nf_fputs.c estimated size: 68

C:\Program Files\Microchip\xc8\v2.40\pic\sources\c99\common\__strtoxl.c
		___strtoxl     		CODE           	059C	0000	1188

C:\Program Files\Microchip\xc8\v2.40\pic\sources\c99\common\__strtoxl.c estimated size: 1188

C:\Program Files\Microchip\xc8\v2.40\pic\sources\c99\common\isalnum.c
		_isalnum       		CODE           	2576	0000	96

C:\Program Files\Microchip\xc8\v2.40\pic\sources\c99\common\isalnum.c estimated size: 96

C:\Program Files\Microchip\xc8\v2.40\pic\sources\c99\common\aomod.c
		___aomod       		CODE           	1478	0000	356

C:\Program Files\Microchip\xc8\v2.40\pic\sources\c99\common\aomod.c estimated size: 356

C:\Program Files\Microchip\xc8\v2.40\pic\sources\c99\common\strlen.c
		_strlen        		CODE           	2886	0000	80

C:\Program Files\Microchip\xc8\v2.40\pic\sources\c99\common\strlen.c estimated size: 80

shared
		__initialization		CODE           	2634	0000	80
		i2_clear_buffer		CODE           	29F4	0000	68
		i2_strlen      		CODE           	28D6	0000	80

shared estimated size: 228

mcc_generated_files/eusart1.c
		_EUSART1_SetRxInterruptHandler		CODE           	2DAE	0000	10
		_EUSART1_is_tx_ready		CODE           	2C0C	0000	40
		_EUSART1_Initialize		CODE           	268E	0000	90
		_putch         		CODE           	2DE0	0000	10
		_EUSART1_DefaultErrorHandler		CODE           	2E08	0000	6
		_EUSART1_SetFramingErrorHandler		CODE           	2DC2	0000	10
		_send_string   		CODE           	2252	0000	126
		_EUSART1_Read  		CODE           	2C34	0000	40
		_EUSART1_SetOverrunErrorHandler		CODE           	2DB8	0000	10
		_EUSART1_SetErrorHandler		CODE           	2DCC	0000	10
		_EUSART1_Write 		CODE           	2D0A	0000	22
		_EUSART1_Receive_ISR		CODE           	1DBE	0000	188
		_EUSART1_RxDataHandler		CODE           	2BE2	0000	42
		_EUSART1_DefaultOverrunErrorHandler		CODE           	2E02	0000	6
		_EUSART1_DefaultFramingErrorHandler		CODE           	2E1A	0000	2

mcc_generated_files/eusart1.c estimated size: 612

mcc_generated_files/mcc.c
		_OSCILLATOR_Initialize		CODE           	2D94	0000	14
		_SYSTEM_Initialize		CODE           	2D72	0000	18

mcc_generated_files/mcc.c estimated size: 32

C:\Program Files\Microchip\xc8\v2.40\pic\sources\c99\common\strtol.c
		_strtol        		CODE           	2B28	0000	50

C:\Program Files\Microchip\xc8\v2.40\pic\sources\c99\common\strtol.c estimated size: 50

C:\Program Files\Microchip\xc8\v2.40\pic\sources\c99\common\doprnt.c
		_vfpfcnvrt     		CODE           	00A6	0000	1270
		_pad           		CODE           	234C	0000	122
		_ctoa          		CODE           	2124	0000	154
		_dtoa          		CODE           	0E64	0000	698
		_vfprintf      		CODE           	273E	0000	84
		_stoa          		CODE           	187E	0000	300
		_xtoa          		CODE           	111E	0000	466

C:\Program Files\Microchip\xc8\v2.40\pic\sources\c99\common\doprnt.c estimated size: 3094

main.c
		_my_RX_ISR     		CODE           	1CFA	0000	196
		_Parse         		CODE           	25D6	0000	94
		_main          		CODE           	1F32	0000	172
		_TrimFrame     		CODE           	23C6	0000	114
		_Idle          		CODE           	2CF4	0000	22
		_ACKframeChecksum		CODE           	1E7A	0000	184
		_ReceivedFrameChecksum		CODE           	1C34	0000	198
		_ChecksumCalc  		CODE           	2438	0000	110
		_get_ID        		CODE           	1A94	0000	214
		_Initialize    		CODE           	2DD6	0000	10
		_parse_frame_ID		CODE           	2C82	0000	36
		_GetChecksumValue		CODE           	1FDE	0000	164
		_Decode        		CODE           	1730	0000	334
		_Destination_Check		CODE           	2792	0000	82
		_Execute       		CODE           	0A40	0000	1060
		_clear_buffer  		CODE           	29B0	0000	68
		_fill_buffer   		CODE           	2CDC	0000	24

main.c estimated size: 3082

C:\Program Files\Microchip\xc8\v2.40\pic\sources\c99\common\islower.c
		_islower       		CODE           	2B8A	0000	44

C:\Program Files\Microchip\xc8\v2.40\pic\sources\c99\common\islower.c estimated size: 44

ADC_driver.c
		_ADC_read      		CODE           	21BE	0000	148
		_ADC_init      		CODE           	2CA6	0000	30
		_ADC_reset     		CODE           	2D84	0000	16

ADC_driver.c estimated size: 194

C:\Program Files\Microchip\xc8\v2.40\pic\sources\c99\common\aodiv.c
		___aodiv       		CODE           	12F0	0000	392

C:\Program Files\Microchip\xc8\v2.40\pic\sources\c99\common\aodiv.c estimated size: 392

