Microchip MPLAB XC8 Compiler V2.40

Linker command line:

-W-3 \
  --edf=C:\Program Files\Microchip\xc8\v2.40\pic\dat\20220703182018_en.msgs \
  -cn -h+dist/default/production\FSM_com.X.production.sym \
  --cmf=dist/default/production\FSM_com.X.production.cmf -z -Q18F46K22 \
  -oC:\Users\oussama\AppData\Local\Temp\xcAsa60.4 --defsym=__MPLAB_BUILD=1 \
  --fixupoverflow=error -Mdist/default/production/FSM_com.X.production.map \
  --md=C:\Users\oussama\AppData\Local\Temp\xcAsa60.dat -E1 \
  -ver=XC8 Compiler --acfsm=1493 -ACODE=00h-0FFFFh -ACONST=00h-0FFFFh \
  -ASMALLCONST=01000h-010FFhx240 -AMEDIUMCONST=01000h-0FFFFh \
  -ACOMRAM=01h-05Fh -AABS1=00h-0F37h -ABIGRAM=01h-0F37h \
  -ARAM=060h-0FFh,0100h-01FFhx14,0F00h-0F37h -ABANK0=060h-0FFh \
  -ABANK1=0100h-01FFh -ABANK2=0200h-02FFh -ABANK3=0300h-03FFh \
  -ABANK4=0400h-04FFh -ABANK5=0500h-05FFh -ABANK6=0600h-06FFh \
  -ABANK7=0700h-07FFh -ABANK8=0800h-08FFh -ABANK9=0900h-09FFh \
  -ABANK10=0A00h-0AFFh -ABANK11=0B00h-0BFFh -ABANK12=0C00h-0CFFh \
  -ABANK13=0D00h-0DFFh -ABANK14=0E00h-0EFFh -ABANK15=0F00h-0F37h \
  -ASFR=0F38h-0F5Fh,0F60h-0FFFh -ABIGSFR=0F38h-0FFFh \
  -ACONFIG=0300000h-030000Dh -AIDLOC=0200000h-0200007h \
  -AEEDATA=0F00000h-0F003FFh -peeprom_data=EEDATA \
  -preset_vec=00h,intcode=08h,intcodelo,powerup,init -pramtop=01000h \
  -psmallconst=SMALLCONST -pmediumconst=MEDIUMCONST -pconst=CONST \
  -AFARRAM=00h-00h \
  -prdata=COMRAM,nvrram=COMRAM,nvbit=COMRAM,rbss=COMRAM,rbit=COMRAM \
  -pfarbss=FARRAM,fardata=FARRAM,nvFARRAM=FARRAM \
  -pintsave_regs=BIGRAM,bigbss=BIGRAM,bigdata=BIGRAM -pbss=RAM \
  -pidata=CODE,irdata=CODE,ibigdata=CODE,ifardata=CODE -prparam=COMRAM \
  C:\Users\oussama\AppData\Local\Temp\xcAsa60.o \
  dist/default/production\FSM_com.X.production.o 

Object code version is 3.11

Machine type is 18F46K22



                Name                               Link     Load   Length Selector   Space Scale
C:\Users\oussama\AppData\Local\Temp\xcAsa60.o
                idloc                            200000   200000        8        0       5
                config                           300000   300000        E        0       4
                init                                 A2       A2        4        4       0
                reset_vec                             0        0        4        0       0
dist/default/production\FSM_com.X.production.o
                intcode                               8        8       9A        4       0
                idloc                            200000   200000        8        0       5
                config                           300000   300000        E        0       4
                temp                                 4A       4A        1        1       1
                mediumconst                        FEA6     FEA6      15A     7F53       0
                text84                             2C1E     2C1E       2A        4       0
                text83                             2E46     2E46        6     16BA       0
                text82                             2E58     2E58        2     16BA       0
                text81                             2E40     2E40        6     16BA       0
                text80                             2C70     2C70       28        4       0
                text79                             2D00     2D00       1A        4       0
                text78                             2912     2912       50        4       0
                text77                             2A30     2A30       44        4       0
                text76                             1CEC     1CEC       C8        4       0
                text75                             1DB4     1DB4       BC        4       0
                text73                             26D0     26D0       56        4       0
                text72                             2D1A     2D1A       18        4       0
                text71                             2DE0     2DE0        C     16BA       0
                text70                             2E38     2E38        8     16BA       0
                text69                             2E30     2E30        8     16BA       0
                text68                             2552     2552       66        4       0
                text67                             2CE2     2CE2       1E        4       0
                text66                             2DC2     2DC2       10     16BA       0
                text65                             28C2     28C2       50        4       0
                text64                             29EC     29EC       44        4       0
                text63                             1B4C     1B4C       D6        4       0
                text62                             2C98     2C98       26        4       0
                text61                             2CBE     2CBE       24        4       0
                text60                             2D48     2D48       16        4       0
                text59                             2C48     2C48       28        4       0
                text58                             2222     2222       7E        4       0
                text57                             2BF2     2BF2       2C        4       0
                text56                             2962     2962       46        4       0
                text55                             15BC     15BC      154        4       0
                text54                             2E1E     2E1E        A     16BA       0
                text53                             1C22     1C22       CA        4       0
                text52                             2074     2074       9A        4       0
                text51                             12D0     12D0      188        4       0
                text50                             1458     1458      164        4       0
                text49                             2AB4     2AB4       40        4       0
                text48                             29A8     29A8       44        4       0
                text47                             231C     231C       7A        4       0
                text46                              E44      E44      2BA        4       0
                text45                             1860     1860      12C        4       0
                text44                             198C     198C       EA        4       0
                text43                             10FE     10FE      1D2        4       0
                text42                               A6       A6      4F6        4       0
                text41                             277A     277A       54        4       0
                text40                             2820     2820       52        4       0
                text39                             247A     247A       6E        4       0
                text38                             2408     2408       72        4       0
                text37                             1E70     1E70       B6        4       0
                text36                             2E28     2E28        8     16BA       0
                text35                             2D9C     2D9C       14     16BA       0
                text34                             2D88     2D88       14     16BA       0
                text33                             2E54     2E54        4     16BA       0
                text32                             2E50     2E50        4     16BA       0
                text31                             2B96     2B96       30        4       0
                text30                             22A0     22A0       7C        4       0
                text29                             1FD2     1FD2       A2        4       0
                text28                             210E     210E       94        4       0
                text27                             2872     2872       50        4       0
                text26                             2E14     2E14        A     16BA       0
                text25                             21A2     21A2       80        4       0
                text24                             2396     2396       72        4       0
                text23                             24E8     24E8       6A        4       0
                text22                             2B2C     2B2C       38        4       0
                text21                             25B8     25B8       60        4       0
                text20                             2BC6     2BC6       2C        4       0
                text19                             2AF4     2AF4       38        4       0
                text18                              59C      59C      4A4        4       0
                text17                             2B64     2B64       32        4       0
                text16                             1A76     1A76       D6        4       0
                text15                             2D32     2D32       16        4       0
                text14                             27CE     27CE       52        4       0
                text13                             2618     2618       5E        4       0
                text12                             1710     1710      150        4       0
                text11                              A40      A40      404        4       0
                text10                             2E0A     2E0A        A     16BA       0
                text9                              2E00     2E00        A     16BA       0
                text8                              2DF6     2DF6        A     16BA       0
                text7                              2DEC     2DEC        A     16BA       0
                text6                              2676     2676       5A        4       0
                text5                              2E4C     2E4C        4     16BA       0
                text4                              2DD2     2DD2        E     16BA       0
                text3                              2A74     2A74       40        4       0
                text2                              2DB0     2DB0       12     16BA       0
                text1                              2D74     2D74       14     16BA       0
                text0                              1F26     1F26       AC        4       0
                cstackCOMRAM                          1        1       34        1       1
                cstackBANK0                          60       60       6B       60       1
                cstackBANK2                         200      200       4A      200       1
                dataBANK1                           1D6      1D6       15      100       1
                bssBANK1                            100      100       D6      100       1
                dataBANK0                            CB       CB        1       60       1
                bssCOMRAM                            35       35       15        1       1
                cinit                              2726     2726       54        4       0
                nvBANK1                             1EB      1EB        8      100       1
                idataBANK1                         2D5E     2D5E       15        4       0
                idataBANK0                         2E5A     2E5A        1     16BA       0

TOTAL           Name                               Link     Load   Length     Space
        CLASS   CODE           
                intcode                               8        8       9A         0
                init                                 A2       A2        4         0
                reset_vec                             0        0        4         0
                text84                             2C1E     2C1E       2A         0
                text83                             2E46     2E46        6         0
                text82                             2E58     2E58        2         0
                text81                             2E40     2E40        6         0
                text80                             2C70     2C70       28         0
                text79                             2D00     2D00       1A         0
                text78                             2912     2912       50         0
                text77                             2A30     2A30       44         0
                text76                             1CEC     1CEC       C8         0
                text75                             1DB4     1DB4       BC         0
                text73                             26D0     26D0       56         0
                text72                             2D1A     2D1A       18         0
                text71                             2DE0     2DE0        C         0
                text70                             2E38     2E38        8         0
                text69                             2E30     2E30        8         0
                text68                             2552     2552       66         0
                text67                             2CE2     2CE2       1E         0
                text66                             2DC2     2DC2       10         0
                text65                             28C2     28C2       50         0
                text64                             29EC     29EC       44         0
                text63                             1B4C     1B4C       D6         0
                text62                             2C98     2C98       26         0
                text61                             2CBE     2CBE       24         0
                text60                             2D48     2D48       16         0
                text59                             2C48     2C48       28         0
                text58                             2222     2222       7E         0
                text57                             2BF2     2BF2       2C         0
                text56                             2962     2962       46         0
                text55                             15BC     15BC      154         0
                text54                             2E1E     2E1E        A         0
                text53                             1C22     1C22       CA         0
                text52                             2074     2074       9A         0
                text51                             12D0     12D0      188         0
                text50                             1458     1458      164         0
                text49                             2AB4     2AB4       40         0
                text48                             29A8     29A8       44         0
                text47                             231C     231C       7A         0
                text46                              E44      E44      2BA         0
                text45                             1860     1860      12C         0
                text44                             198C     198C       EA         0
                text43                             10FE     10FE      1D2         0
                text42                               A6       A6      4F6         0
                text41                             277A     277A       54         0
                text40                             2820     2820       52         0
                text39                             247A     247A       6E         0
                text38                             2408     2408       72         0
                text37                             1E70     1E70       B6         0
                text36                             2E28     2E28        8         0
                text35                             2D9C     2D9C       14         0
                text34                             2D88     2D88       14         0
                text33                             2E54     2E54        4         0
                text32                             2E50     2E50        4         0
                text31                             2B96     2B96       30         0
                text30                             22A0     22A0       7C         0
                text29                             1FD2     1FD2       A2         0
                text28                             210E     210E       94         0
                text27                             2872     2872       50         0
                text26                             2E14     2E14        A         0
                text25                             21A2     21A2       80         0
                text24                             2396     2396       72         0
                text23                             24E8     24E8       6A         0
                text22                             2B2C     2B2C       38         0
                text21                             25B8     25B8       60         0
                text20                             2BC6     2BC6       2C         0
                text19                             2AF4     2AF4       38         0
                text18                              59C      59C      4A4         0
                text17                             2B64     2B64       32         0
                text16                             1A76     1A76       D6         0
                text15                             2D32     2D32       16         0
                text14                             27CE     27CE       52         0
                text13                             2618     2618       5E         0
                text12                             1710     1710      150         0
                text11                              A40      A40      404         0
                text10                             2E0A     2E0A        A         0
                text9                              2E00     2E00        A         0
                text8                              2DF6     2DF6        A         0
                text7                              2DEC     2DEC        A         0
                text6                              2676     2676       5A         0
                text5                              2E4C     2E4C        4         0
                text4                              2DD2     2DD2        E         0
                text3                              2A74     2A74       40         0
                text2                              2DB0     2DB0       12         0
                text1                              2D74     2D74       14         0
                text0                              1F26     1F26       AC         0
                cinit                              2726     2726       54         0
                idataBANK1                         2D5E     2D5E       15         0
                idataBANK0                         2E5A     2E5A        1         0

        CLASS   CONST          

        CLASS   SMALLCONST     

        CLASS   MEDIUMCONST    
                mediumconst                        FEA6     FEA6      15A         0

        CLASS   COMRAM         
                temp                                 4A       4A        1         1
                cstackCOMRAM                          1        1       34         1
                bssCOMRAM                            35       35       15         1

        CLASS   ABS1           

        CLASS   BIGRAM         

        CLASS   RAM            

        CLASS   BANK0          
                cstackBANK0                          60       60       6B         1
                dataBANK0                            CB       CB        1         1

        CLASS   BANK1          
                dataBANK1                           1D6      1D6       15         1
                bssBANK1                            100      100       D6         1
                nvBANK1                             1EB      1EB        8         1

        CLASS   BANK2          
                cstackBANK2                         200      200       4A         1

        CLASS   BANK3          

        CLASS   BANK4          

        CLASS   BANK5          

        CLASS   BANK6          

        CLASS   BANK7          

        CLASS   BANK8          

        CLASS   BANK9          

        CLASS   BANK10         

        CLASS   BANK11         

        CLASS   BANK12         

        CLASS   BANK13         

        CLASS   BANK14         

        CLASS   BANK15         

        CLASS   SFR            

        CLASS   BIGSFR         

        CLASS   CONFIG         
                config                           300000   300000        E         4

        CLASS   IDLOC          
                idloc                            200000   200000        8         5

        CLASS   EEDATA         

        CLASS   FARRAM         

        CLASS   HEAP           

        CLASS   STACK          



SEGMENTS        Name                           Load    Length   Top    Selector   Space  Class

                reset_vec                      000000  000004  000004         0       0  CODE    
                cstackCOMRAM                   000001  00004A  00004B         1       1  COMRAM  
                intcode                        000008  002D6B  002D73         4       0  CODE    
                cstackBANK0                    000060  00006C  0000CC        60       1  BANK0   
                bssBANK1                       000100  0000F3  0001F3       100       1  BANK1   
                cstackBANK2                    000200  00004A  00024A       200       1  BANK2   
                text1                          002D74  0000E7  002E5B      16BA       0  CODE    
                mediumconst                    00FEA6  00015A  010000      7F53       0  MEDIUMCO


UNUSED ADDRESS RANGES

        Name                Unused          Largest block    Delta
        BANK0            0000CC-0000FF               34
        BANK1            0001F3-0001FF                D
        BANK10           000A00-000AFF              100
        BANK11           000B00-000BFF              100
        BANK12           000C00-000CFF              100
        BANK13           000D00-000DFF              100
        BANK14           000E00-000EFF              100
        BANK15           000F00-000F37               38
        BANK2            00024A-0002FF               B6
        BANK3            000300-0003FF              100
        BANK4            000400-0004FF              100
        BANK5            000500-0005FF              100
        BANK6            000600-0006FF              100
        BANK7            000700-0007FF              100
        BANK8            000800-0008FF              100
        BANK9            000900-0009FF              100
        BIGRAM           00004B-00005F               15
                         0000CC-0000FF               34
                         0001F3-0001FF                D
                         00024A-000F37              CEE
        BIGSFR           000F38-000FFF               C8
        CODE             000004-000007                4
                         002D73-002D73                1
                         002E5B-00FEA5             D04B
        COMRAM           00004B-00005F               15
        CONST            000004-000007                4
                         002D73-002D73                1
                         002E5B-00FEA5             D04B
        EEDATA           F00000-F003FF              400
        MEDIUMCONST      002D73-002D73                1
                         002E5B-00FEA5             D04B
        RAM              0000CC-0000FF               34
                         0001F3-0001FF                D
                         00024A-000F37              100
        SFR              000F38-000FFF               28
        SMALLCONST       002D73-002D73                1
                         002E5B-00FEA5              100

                                  Symbol Table

?___aodiv                                       cstackCOMRAM 000016
?___aomod                                       cstackCOMRAM 000016
?___lmul                                        cstackCOMRAM 000016
?___strtoxl                                     cstackCOMRAM 000023
?___wmul                                        cstackCOMRAM 000016
?_abs                                           cstackCOMRAM 000028
?_atoi                                          cstackCOMRAM 00001C
?_get_ID                                        cstackCOMRAM 000016
?_isalnum                                       cstackCOMRAM 00001C
?_isalpha                                       cstackCOMRAM 000016
?_isdigit                                       cstackCOMRAM 000016
?_islower                                       cstackCOMRAM 000016
?_isspace                                       cstackCOMRAM 000016
?_parse_frame_ID                                cstackCOMRAM 00001C
?_sprintf                                       cstackBANK0  0000A2
?_strlen                                        cstackCOMRAM 000016
?_strncmp                                       cstackCOMRAM 000016
?_strtol                                        cstackCOMRAM 00002E
?_toupper                                       cstackCOMRAM 00001A
?_vfprintf                                      cstackBANK0  00009C
?i2_strlen                                      cstackCOMRAM 000001
ACKframeChecksum@frame                          cstackBANK0  0000C2
ADC_read@busy_status                            cstackCOMRAM 000020
ChecksumCalc@dataString                         cstackBANK0  0000BD
ChecksumCalc@i                                  cstackBANK0  0000C0
ChecksumCalc@xorTemp                            cstackBANK0  0000BF
Decode@frameID                                  cstackBANK0  0000BF
Decode@hardID                                   cstackBANK0  0000C0
EUSART1_SetErrorHandler@interruptHandler        cstackCOMRAM 000016
EUSART1_SetFramingErrorHandler@interruptHandler cstackCOMRAM 000016
EUSART1_SetOverrunErrorHandler@interruptHandler cstackCOMRAM 000016
EUSART1_SetRxInterruptHandler@interruptHandler  cstackCOMRAM 000016
EUSART1_Write@txData                            cstackCOMRAM 000016
Execute@acknowledge_frame                       cstackBANK2  000228
Execute@data_ch1                                cstackBANK2  000200
Execute@data_ch2                                cstackBANK2  00020A
Execute@data_ch3                                cstackBANK2  000214
Execute@data_ch4                                cstackBANK2  00021E
Execute@i                                       cstackBANK2  000249
Execute@k                                       cstackBANK2  000248
GetChecksumValue@i                              cstackCOMRAM 000021
GetChecksumValue@index                          cstackCOMRAM 000020
GetChecksumValue@receivedFrame                  cstackCOMRAM 00001A
I2C1_MasterGetRxData@ack                        cstackCOMRAM 000017
I2C1_MasterGetRxData@b                          cstackCOMRAM 000018
I2C1_MasterSendNack@ack                         cstackCOMRAM 000016
I2C1_MasterSendTxData@data                      cstackCOMRAM 000016
Parse@i                                         cstackCOMRAM 000017
ReceivedFrameChecksum@hexCRCresult              cstackBANK0  0000C4
ReceivedFrameChecksum@hexFrameCheckSum          cstackBANK0  0000C2
TrimAckFrame@AckFrame                           cstackCOMRAM 00001A
TrimAckFrame@i                                  cstackCOMRAM 000021
TrimAckFrame@index                              cstackCOMRAM 000020
TrimFrame@i                                     cstackCOMRAM 000021
TrimFrame@index                                 cstackCOMRAM 000020
TrimFrame@receivedFrame                         cstackCOMRAM 00001A
_ACKframeChecksum                               text37       001E70
_ADC_init                                       text67       002CE2
_ADC_read                                       text28       00210E
_ADC_reset                                      text66       002DC2
_ADC_result                                     bssBANK1     0001C7
_ADC_result0                                    dataBANK1    0001E9
_ANSELA                                         (abs)        000F38
_ANSELB                                         (abs)        000F39
_ANSELC                                         (abs)        000F3A
_ANSELD                                         (abs)        000F3B
_ANSELE                                         (abs)        000F3C
_BAUDCON1                                       (abs)        000FB8
_CRCresult                                      bssCOMRAM    000048
_ChecksumCalc                                   text39       00247A
_Decode                                         text12       001710
_Destination_Check                              text14       0027CE
_DigitalBuffer                                  bssBANK1     000114
_EUSART1_DefaultErrorHandler                    text83       002E46
_EUSART1_DefaultFramingErrorHandler             text82       002E58
_EUSART1_DefaultOverrunErrorHandler             text81       002E40
_EUSART1_ErrorHandler                           nvBANK1      0001EB
_EUSART1_FramingErrorHandler                    nvBANK1      0001EF
_EUSART1_Initialize                             text6        002676
_EUSART1_OverrunErrorHandler                    nvBANK1      0001ED
_EUSART1_Read                                   text80       002C70
_EUSART1_Receive_ISR                            text75       001DB4
_EUSART1_RxDataHandler                          text84       002C1E
_EUSART1_RxDefaultInterruptHandler              nvBANK1      0001F1
_EUSART1_SetErrorHandler                        text10       002E0A
_EUSART1_SetFramingErrorHandler                 text9        002E00
_EUSART1_SetOverrunErrorHandler                 text8        002DF6
_EUSART1_SetRxInterruptHandler                  text7        002DEC
_EUSART1_Write                                  text60       002D48
_EUSART1_is_tx_ready                            text59       002C48
_EUSART1_is_tx_ready$514                        cstackCOMRAM 000016
_Execute                                        text11       000A40
_Execute$2687                                   cstackBANK2  000246
_FrameCheckSum                                  bssBANK1     0001CF
_GetChecksumValue                               text25       0021A2
_I2C1_MasterEnableRestart                       text36       002E28
_I2C1_MasterGetRxData                           text31       002B96
_I2C1_MasterIsNack                              text72       002D1A
_I2C1_MasterIsRxBufFull                         text35       002D9C
_I2C1_MasterSendNack                            text34       002D88
_I2C1_MasterSendTxData                          text71       002DE0
_I2C1_MasterStart                               text70       002E38
_I2C1_MasterStartRx                             text33       002E54
_I2C1_MasterStop                                text69       002E30
_I2C1_MasterStopRx                              text32       002E50
_I2C1_WaitIdle                                  text73       0026D0
_INTCON2bits                                    (abs)        000FF1
_INTCONbits                                     (abs)        000FF2
_INTERRUPT_Initialize                           text5        002E4C
_INTERRUPT_InterruptManager                     intcode      000008
_Idle                                           text15       002D32
_Initialize                                     text26       002E14
_LATA                                           (abs)        000F89
_LATB                                           (abs)        000F8A
_LATC                                           (abs)        000F8B
_LATD                                           (abs)        000F8C
_LATE                                           (abs)        000F8D
_LATEbits                                       (abs)        000F8D
_OSCCON                                         (abs)        000FD3
_OSCCON2                                        (abs)        000FD2
_OSCILLATOR_Initialize                          text4        002DD2
_OSCTUNE                                        (abs)        000F9B
_PIE1bits                                       (abs)        000F9D
_PIN_MANAGER_Initialize                         text3        002A74
_PIR1bits                                       (abs)        000F9E
_PORTAbits                                      (abs)        000F80
_PORTDbits                                      (abs)        000F83
_Parse                                          text13       002618
_RCONbits                                       (abs)        000FD0
_RCREG1                                         (abs)        000FAE
_RCSTA1                                         (abs)        000FAB
_RCSTA1bits                                     (abs)        000FAB
_ReceivedFrameChecksum                          text16       001A76
_ResultBuffer                                   bssBANK1     000128
_SCBuffer                                       bssBANK1     000100
_SC_voltage                                     bssBANK1     00014B
_SPBRG1                                         (abs)        000FAF
_SPBRGH1                                        (abs)        000FB0
_SSP1ADD                                        (abs)        000FC8
_SSP1BUF                                        (abs)        000FC9
_SSP1CON1                                       (abs)        000FC6
_SSP1CON1bits                                   (abs)        000FC6
_SSP1CON2                                       (abs)        000FC5
_SSP1CON2bits                                   (abs)        000FC5
_SSP1STAT                                       (abs)        000FC7
_SSP1STATbits                                   (abs)        000FC7
_SYSTEM_Initialize                              text2        002DB0
_TRISA                                          (abs)        000F92
_TRISB                                          (abs)        000F93
_TRISC                                          (abs)        000F94
_TRISD                                          (abs)        000F95
_TRISE                                          (abs)        000F96
_TXREG1                                         (abs)        000FAD
_TXSTA1                                         (abs)        000FAC
_TXSTA1bits                                     (abs)        000FAC
_TrimAckFrame                                   text38       002408
_TrimFrame                                      text24       002396
_TrimmedAckFrame                                bssBANK1     000177
_TrimmedFrame                                   bssBANK1     00018B
_WPUB                                           (abs)        000F61
__HRAM                                          (abs)        000000
__Habs1                                         abs1         000000
__Hbank0                                        bank0        000000
__Hbank1                                        bank1        000000
__Hbank10                                       bank10       000000
__Hbank11                                       bank11       000000
__Hbank12                                       bank12       000000
__Hbank13                                       bank13       000000
__Hbank14                                       bank14       000000
__Hbank15                                       bank15       000000
__Hbank2                                        bank2        000000
__Hbank3                                        bank3        000000
__Hbank4                                        bank4        000000
__Hbank5                                        bank5        000000
__Hbank6                                        bank6        000000
__Hbank7                                        bank7        000000
__Hbank8                                        bank8        000000
__Hbank9                                        bank9        000000
__Hbigbss                                       bigbss       000000
__Hbigdata                                      bigdata      000000
__Hbigram                                       bigram       000000
__Hbigsfr                                       bigsfr       000000
__Hbss                                          bss          000000
__HbssBANK1                                     bssBANK1     000000
__HbssCOMRAM                                    bssCOMRAM    000000
__Hcinit                                        cinit        000000
__Hclrtext                                      clrtext      000000
__Hcomram                                       comram       000000
__Hconfig                                       config       30000E
__Hconst                                        const        000000
__HcstackBANK0                                  cstackBANK0  000000
__HcstackBANK2                                  cstackBANK2  000000
__HcstackCOMRAM                                 cstackCOMRAM 000000
__Hdata                                         data         000000
__HdataBANK0                                    dataBANK0    000000
__HdataBANK1                                    dataBANK1    000000
__Heeprom_data                                  eeprom_data  000000
__Hfarbss                                       farbss       000000
__Hfardata                                      fardata      000000
__Hheap                                         heap         000000
__Hibigdata                                     ibigdata     000000
__Hidata                                        idata        000000
__HidataBANK0                                   idataBANK0   000000
__HidataBANK1                                   idataBANK1   000000
__Hidloc                                        idloc        200008
__Hifardata                                     ifardata     000000
__Hinit                                         init         0000A6
__Hintcode                                      intcode      0000A2
__Hintcode_body                                 intcode_body 000000
__Hintcodelo                                    intcodelo    0000A2
__Hintentry                                     intentry     000000
__Hintret                                       intret       000000
__Hintsave_regs                                 intsave_regs 000000
__Hirdata                                       irdata       000000
__Hmediumconst                                  mediumconst  010000
__HnvBANK1                                      nvBANK1      000000
__HnvFARRAM                                     nvFARRAM     000000
__Hnvbit                                        nvbit        000000
__Hnvrram                                       nvrram       000000
__Hparam                                        rparam       000000
__Hpowerup                                      powerup      0000A2
__Hram                                          ram          000000
__Hramtop                                       ramtop       001000
__Hrbit                                         rbit         000000
__Hrbss                                         rbss         000000
__Hrdata                                        rdata        000000
__Hreset_vec                                    reset_vec    000004
__Hrparam                                       rparam       000000
__Hsfr                                          sfr          000000
__Hsmallconst                                   smallconst   000000
__Hspace_0                                      (abs)        010000
__Hspace_1                                      (abs)        00024A
__Hspace_2                                      (abs)        000000
__Hspace_4                                      (abs)        60000E
__Hstack                                        stack        000000
__Hstruct                                       struct       000000
__Htemp                                         temp         00004B
__Htext                                         text         000000
__Htext0                                        text0        000000
__Htext1                                        text1        000000
__Htext10                                       text10       000000
__Htext11                                       text11       000000
__Htext12                                       text12       000000
__Htext13                                       text13       000000
__Htext14                                       text14       000000
__Htext15                                       text15       000000
__Htext16                                       text16       000000
__Htext17                                       text17       000000
__Htext18                                       text18       000000
__Htext19                                       text19       000000
__Htext2                                        text2        000000
__Htext20                                       text20       000000
__Htext21                                       text21       000000
__Htext22                                       text22       000000
__Htext23                                       text23       000000
__Htext24                                       text24       000000
__Htext25                                       text25       000000
__Htext26                                       text26       000000
__Htext27                                       text27       000000
__Htext28                                       text28       000000
__Htext29                                       text29       000000
__Htext3                                        text3        000000
__Htext30                                       text30       000000
__Htext31                                       text31       000000
__Htext32                                       text32       000000
__Htext33                                       text33       000000
__Htext34                                       text34       000000
__Htext35                                       text35       000000
__Htext36                                       text36       000000
__Htext37                                       text37       000000
__Htext38                                       text38       000000
__Htext39                                       text39       000000
__Htext4                                        text4        000000
__Htext40                                       text40       000000
__Htext41                                       text41       000000
__Htext42                                       text42       000000
__Htext43                                       text43       000000
__Htext44                                       text44       000000
__Htext45                                       text45       000000
__Htext46                                       text46       000000
__Htext47                                       text47       000000
__Htext48                                       text48       000000
__Htext49                                       text49       000000
__Htext5                                        text5        000000
__Htext50                                       text50       000000
__Htext51                                       text51       000000
__Htext52                                       text52       000000
__Htext53                                       text53       000000
__Htext54                                       text54       000000
__Htext55                                       text55       000000
__Htext56                                       text56       000000
__Htext57                                       text57       000000
__Htext58                                       text58       000000
__Htext59                                       text59       000000
__Htext6                                        text6        000000
__Htext60                                       text60       000000
__Htext61                                       text61       000000
__Htext62                                       text62       000000
__Htext63                                       text63       000000
__Htext64                                       text64       000000
__Htext65                                       text65       000000
__Htext66                                       text66       000000
__Htext67                                       text67       000000
__Htext68                                       text68       000000
__Htext69                                       text69       000000
__Htext7                                        text7        000000
__Htext70                                       text70       000000
__Htext71                                       text71       000000
__Htext72                                       text72       000000
__Htext73                                       text73       000000
__Htext75                                       text75       000000
__Htext76                                       text76       000000
__Htext77                                       text77       000000
__Htext78                                       text78       000000
__Htext79                                       text79       000000
__Htext8                                        text8        000000
__Htext80                                       text80       000000
__Htext81                                       text81       000000
__Htext82                                       text82       000000
__Htext83                                       text83       000000
__Htext84                                       text84       000000
__Htext85                                       text85       000000
__Htext9                                        text9        000000
__LRAM                                          (abs)        000001
__Labs1                                         abs1         000000
__Lbank0                                        bank0        000000
__Lbank1                                        bank1        000000
__Lbank10                                       bank10       000000
__Lbank11                                       bank11       000000
__Lbank12                                       bank12       000000
__Lbank13                                       bank13       000000
__Lbank14                                       bank14       000000
__Lbank15                                       bank15       000000
__Lbank2                                        bank2        000000
__Lbank3                                        bank3        000000
__Lbank4                                        bank4        000000
__Lbank5                                        bank5        000000
__Lbank6                                        bank6        000000
__Lbank7                                        bank7        000000
__Lbank8                                        bank8        000000
__Lbank9                                        bank9        000000
__Lbigbss                                       bigbss       000000
__Lbigdata                                      bigdata      000000
__Lbigram                                       bigram       000000
__Lbigsfr                                       bigsfr       000000
__Lbss                                          bss          000000
__LbssBANK1                                     bssBANK1     000000
__LbssCOMRAM                                    bssCOMRAM    000000
__Lcinit                                        cinit        000000
__Lclrtext                                      clrtext      000000
__Lcomram                                       comram       000000
__Lconfig                                       config       000000
__Lconst                                        const        000000
__LcstackBANK0                                  cstackBANK0  000000
__LcstackBANK2                                  cstackBANK2  000000
__LcstackCOMRAM                                 cstackCOMRAM 000000
__Ldata                                         data         000000
__LdataBANK0                                    dataBANK0    000000
__LdataBANK1                                    dataBANK1    000000
__Leeprom_data                                  eeprom_data  000000
__Lfarbss                                       farbss       000000
__Lfardata                                      fardata      000000
__Lheap                                         heap         000000
__Libigdata                                     ibigdata     000000
__Lidata                                        idata        000000
__LidataBANK0                                   idataBANK0   000000
__LidataBANK1                                   idataBANK1   000000
__Lidloc                                        idloc        000000
__Lifardata                                     ifardata     000000
__Linit                                         init         0000A2
__Lintcode                                      intcode      000008
__Lintcode_body                                 intcode_body 000000
__Lintcodelo                                    intcodelo    0000A2
__Lintentry                                     intentry     000000
__Lintret                                       intret       000000
__Lintsave_regs                                 intsave_regs 000000
__Lirdata                                       irdata       000000
__Lmediumconst                                  mediumconst  00FEA6
__LnvBANK1                                      nvBANK1      000000
__LnvFARRAM                                     nvFARRAM     000000
__Lnvbit                                        nvbit        000000
__Lnvrram                                       nvrram       000000
__Lparam                                        rparam       000000
__Lpowerup                                      powerup      0000A2
__Lram                                          ram          000000
__Lramtop                                       ramtop       001000
__Lrbit                                         rbit         000000
__Lrbss                                         rbss         000000
__Lrdata                                        rdata        000000
__Lreset_vec                                    reset_vec    000000
__Lrparam                                       rparam       000000
__Lsfr                                          sfr          000000
__Lsmallconst                                   smallconst   000000
__Lspace_0                                      (abs)        000000
__Lspace_1                                      (abs)        000000
__Lspace_2                                      (abs)        000000
__Lspace_4                                      (abs)        000000
__Lstack                                        stack        000000
__Lstruct                                       struct       000000
__Ltemp                                         temp         00004A
__Ltext                                         text         000000
__Ltext0                                        text0        000000
__Ltext1                                        text1        000000
__Ltext10                                       text10       000000
__Ltext11                                       text11       000000
__Ltext12                                       text12       000000
__Ltext13                                       text13       000000
__Ltext14                                       text14       000000
__Ltext15                                       text15       000000
__Ltext16                                       text16       000000
__Ltext17                                       text17       000000
__Ltext18                                       text18       000000
__Ltext19                                       text19       000000
__Ltext2                                        text2        000000
__Ltext20                                       text20       000000
__Ltext21                                       text21       000000
__Ltext22                                       text22       000000
__Ltext23                                       text23       000000
__Ltext24                                       text24       000000
__Ltext25                                       text25       000000
__Ltext26                                       text26       000000
__Ltext27                                       text27       000000
__Ltext28                                       text28       000000
__Ltext29                                       text29       000000
__Ltext3                                        text3        000000
__Ltext30                                       text30       000000
__Ltext31                                       text31       000000
__Ltext32                                       text32       000000
__Ltext33                                       text33       000000
__Ltext34                                       text34       000000
__Ltext35                                       text35       000000
__Ltext36                                       text36       000000
__Ltext37                                       text37       000000
__Ltext38                                       text38       000000
__Ltext39                                       text39       000000
__Ltext4                                        text4        000000
__Ltext40                                       text40       000000
__Ltext41                                       text41       000000
__Ltext42                                       text42       000000
__Ltext43                                       text43       000000
__Ltext44                                       text44       000000
__Ltext45                                       text45       000000
__Ltext46                                       text46       000000
__Ltext47                                       text47       000000
__Ltext48                                       text48       000000
__Ltext49                                       text49       000000
__Ltext5                                        text5        000000
__Ltext50                                       text50       000000
__Ltext51                                       text51       000000
__Ltext52                                       text52       000000
__Ltext53                                       text53       000000
__Ltext54                                       text54       000000
__Ltext55                                       text55       000000
__Ltext56                                       text56       000000
__Ltext57                                       text57       000000
__Ltext58                                       text58       000000
__Ltext59                                       text59       000000
__Ltext6                                        text6        000000
__Ltext60                                       text60       000000
__Ltext61                                       text61       000000
__Ltext62                                       text62       000000
__Ltext63                                       text63       000000
__Ltext64                                       text64       000000
__Ltext65                                       text65       000000
__Ltext66                                       text66       000000
__Ltext67                                       text67       000000
__Ltext68                                       text68       000000
__Ltext69                                       text69       000000
__Ltext7                                        text7        000000
__Ltext70                                       text70       000000
__Ltext71                                       text71       000000
__Ltext72                                       text72       000000
__Ltext73                                       text73       000000
__Ltext75                                       text75       000000
__Ltext76                                       text76       000000
__Ltext77                                       text77       000000
__Ltext78                                       text78       000000
__Ltext79                                       text79       000000
__Ltext8                                        text8        000000
__Ltext80                                       text80       000000
__Ltext81                                       text81       000000
__Ltext82                                       text82       000000
__Ltext83                                       text83       000000
__Ltext84                                       text84       000000
__Ltext85                                       text85       000000
__Ltext9                                        text9        000000
__S0                                            (abs)        010000
__S1                                            (abs)        00024A
__S4                                            (abs)        000000
__S5                                            (abs)        000000
___aodiv                                        text51       0012D0
___aodiv@counter                                cstackCOMRAM 000026
___aodiv@dividend                               cstackCOMRAM 000016
___aodiv@divisor                                cstackCOMRAM 00001E
___aodiv@quotient                               cstackCOMRAM 000028
___aodiv@sign                                   cstackCOMRAM 000027
___aomod                                        text50       001458
___aomod@counter                                cstackCOMRAM 000026
___aomod@dividend                               cstackCOMRAM 000016
___aomod@divisor                                cstackCOMRAM 00001E
___aomod@sign                                   cstackCOMRAM 000027
___heap_hi                                      (abs)        000000
___heap_lo                                      (abs)        000000
___inthi_sp                                     stack        000000
___intlo_sp                                     stack        000000
___lmul                                         text23       0024E8
___lmul@multiplicand                            cstackCOMRAM 00001A
___lmul@multiplier                              cstackCOMRAM 000016
___lmul@product                                 cstackCOMRAM 00001E
___param_bank                                   (abs)        000000
___rparam_used                                  (abs)        000001
___sp                                           stack        000000
___strtoxl                                      text18       00059C
___strtoxl@a                                    cstackBANK0  00006B
___strtoxl@base                                 cstackCOMRAM 000027
___strtoxl@c                                    cstackBANK0  000071
___strtoxl@conv_done                            cstackBANK0  000064
___strtoxl@cp                                   cstackBANK0  00006F
___strtoxl@endptr                               cstackCOMRAM 000025
___strtoxl@is_signed                            cstackCOMRAM 000029
___strtoxl@limit                                cstackBANK0  000065
___strtoxl@prev_a                               cstackBANK0  000060
___strtoxl@s                                    cstackCOMRAM 000023
___strtoxl@sign                                 cstackBANK0  000069
___strtoxl@skip                                 cstackBANK0  00006A
___wmul                                         text62       002C98
___wmul@multiplicand                            cstackCOMRAM 000018
___wmul@multiplier                              cstackCOMRAM 000016
___wmul@product                                 cstackCOMRAM 00001A
__accesstop                                     (abs)        000060
__activetblptr                                  (abs)        000003
__end_of_ACKframeChecksum                       text37       001F26
__end_of_ADC_init                               text67       002D00
__end_of_ADC_read                               text28       0021A2
__end_of_ADC_reset                              text66       002DD2
__end_of_ChecksumCalc                           text39       0024E8
__end_of_Decode                                 text12       001860
__end_of_Destination_Check                      text14       002820
__end_of_EUSART1_DefaultErrorHandler            text83       002E4C
__end_of_EUSART1_DefaultFramingErrorHandler     text82       002E5A
__end_of_EUSART1_DefaultOverrunErrorHandler     text81       002E46
__end_of_EUSART1_Initialize                     text6        0026D0
__end_of_EUSART1_Read                           text80       002C98
__end_of_EUSART1_Receive_ISR                    text75       001E70
__end_of_EUSART1_RxDataHandler                  text84       002C48
__end_of_EUSART1_SetErrorHandler                text10       002E14
__end_of_EUSART1_SetFramingErrorHandler         text9        002E0A
__end_of_EUSART1_SetOverrunErrorHandler         text8        002E00
__end_of_EUSART1_SetRxInterruptHandler          text7        002DF6
__end_of_EUSART1_Write                          text60       002D5E
__end_of_EUSART1_is_tx_ready                    text59       002C70
__end_of_Execute                                text11       000E44
__end_of_GetChecksumValue                       text25       002222
__end_of_I2C1_MasterEnableRestart               text36       002E30
__end_of_I2C1_MasterGetRxData                   text31       002BC6
__end_of_I2C1_MasterIsNack                      text72       002D32
__end_of_I2C1_MasterIsRxBufFull                 text35       002DB0
__end_of_I2C1_MasterSendNack                    text34       002D9C
__end_of_I2C1_MasterSendTxData                  text71       002DEC
__end_of_I2C1_MasterStart                       text70       002E40
__end_of_I2C1_MasterStartRx                     text33       002E58
__end_of_I2C1_MasterStop                        text69       002E38
__end_of_I2C1_MasterStopRx                      text32       002E54
__end_of_I2C1_WaitIdle                          text73       002726
__end_of_INTERRUPT_Initialize                   text5        002E50
__end_of_INTERRUPT_InterruptManager             intcode      0000A2
__end_of_Idle                                   text15       002D48
__end_of_Initialize                             text26       002E1E
__end_of_OSCILLATOR_Initialize                  text4        002DE0
__end_of_PIN_MANAGER_Initialize                 text3        002AB4
__end_of_Parse                                  text13       002676
__end_of_ReceivedFrameChecksum                  text16       001B4C
__end_of_SYSTEM_Initialize                      text2        002DC2
__end_of_TrimAckFrame                           text38       00247A
__end_of_TrimFrame                              text24       002408
__end_of___aodiv                                text51       001458
__end_of___aomod                                text50       0015BC
__end_of___lmul                                 text23       002552
__end_of___strtoxl                              text18       000A40
__end_of___wmul                                 text62       002CBE
__end_of__initialization                        cinit        002770
__end_of_abs                                    text49       002AF4
__end_of_atoi                                   text55       001710
__end_of_clear_buffer                           text64       002A30
__end_of_ctoa                                   text52       00210E
__end_of_dtoa                                   text46       0010FE
__end_of_fill_buffer                            text79       002D1A
__end_of_fputc                                  text53       001CEC
__end_of_fputs                                  text48       0029EC
__end_of_get_ID                                 text63       001C22
__end_of_i2c_driver_init                        text1        002D88
__end_of_i2c_driver_read_byte                   text30       00231C
__end_of_i2c_driver_read_twobytes               text29       002074
__end_of_i2c_driver_write_byte                  text68       0025B8
__end_of_isalnum                                text21       002618
__end_of_isalpha                                text22       002B64
__end_of_isdigit                                text57       002C1E
__end_of_islower                                text20       002BF2
__end_of_isspace                                text56       0029A8
__end_of_main                                   text0        001FD2
__end_of_memcpy                                 text27       0028C2
__end_of_my_RX_ISR                              text76       001DB4
__end_of_pad                                    text47       002396
__end_of_parse_frame_ID                         text61       002CE2
__end_of_putch                                  text54       002E28
__end_of_send_string                            text58       0022A0
__end_of_sprintf                                text40       002872
__end_of_stoa                                   text45       00198C
__end_of_strlen                                 text65       002912
__end_of_strncmp                                text44       001A76
__end_of_strtol                                 text17       002B96
__end_of_toupper                                text19       002B2C
__end_of_vfpfcnvrt                              text42       00059C
__end_of_vfprintf                               text41       0027CE
__end_of_xtoa                                   text43       0012D0
__end_ofi2_clear_buffer                         text77       002A74
__end_ofi2_strlen                               text78       002962
__initialization                                cinit        002726
__mediumconst                                   mediumconst  00FEA6
__pbssBANK1                                     bssBANK1     000100
__pbssCOMRAM                                    bssCOMRAM    000035
__pcinit                                        cinit        002726
__pcstackBANK0                                  cstackBANK0  000060
__pcstackBANK2                                  cstackBANK2  000200
__pcstackCOMRAM                                 cstackCOMRAM 000001
__pdataBANK0                                    dataBANK0    0000CB
__pdataBANK1                                    dataBANK1    0001D6
__pidataBANK0                                   idataBANK0   002E5A
__pidataBANK1                                   idataBANK1   002D5E
__pintcode                                      intcode      000008
__pmediumconst                                  mediumconst  00FEA6
__pnvBANK1                                      nvBANK1      0001EB
__ptext0                                        text0        001F26
__ptext1                                        text1        002D74
__ptext10                                       text10       002E0A
__ptext11                                       text11       000A40
__ptext12                                       text12       001710
__ptext13                                       text13       002618
__ptext14                                       text14       0027CE
__ptext15                                       text15       002D32
__ptext16                                       text16       001A76
__ptext17                                       text17       002B64
__ptext18                                       text18       00059C
__ptext19                                       text19       002AF4
__ptext2                                        text2        002DB0
__ptext20                                       text20       002BC6
__ptext21                                       text21       0025B8
__ptext22                                       text22       002B2C
__ptext23                                       text23       0024E8
__ptext24                                       text24       002396
__ptext25                                       text25       0021A2
__ptext26                                       text26       002E14
__ptext27                                       text27       002872
__ptext28                                       text28       00210E
__ptext29                                       text29       001FD2
__ptext3                                        text3        002A74
__ptext30                                       text30       0022A0
__ptext31                                       text31       002B96
__ptext32                                       text32       002E50
__ptext33                                       text33       002E54
__ptext34                                       text34       002D88
__ptext35                                       text35       002D9C
__ptext36                                       text36       002E28
__ptext37                                       text37       001E70
__ptext38                                       text38       002408
__ptext39                                       text39       00247A
__ptext4                                        text4        002DD2
__ptext40                                       text40       002820
__ptext41                                       text41       00277A
__ptext42                                       text42       0000A6
__ptext43                                       text43       0010FE
__ptext44                                       text44       00198C
__ptext45                                       text45       001860
__ptext46                                       text46       000E44
__ptext47                                       text47       00231C
__ptext48                                       text48       0029A8
__ptext49                                       text49       002AB4
__ptext5                                        text5        002E4C
__ptext50                                       text50       001458
__ptext51                                       text51       0012D0
__ptext52                                       text52       002074
__ptext53                                       text53       001C22
__ptext54                                       text54       002E1E
__ptext55                                       text55       0015BC
__ptext56                                       text56       002962
__ptext57                                       text57       002BF2
__ptext58                                       text58       002222
__ptext59                                       text59       002C48
__ptext6                                        text6        002676
__ptext60                                       text60       002D48
__ptext61                                       text61       002CBE
__ptext62                                       text62       002C98
__ptext63                                       text63       001B4C
__ptext64                                       text64       0029EC
__ptext65                                       text65       0028C2
__ptext66                                       text66       002DC2
__ptext67                                       text67       002CE2
__ptext68                                       text68       002552
__ptext69                                       text69       002E30
__ptext7                                        text7        002DEC
__ptext70                                       text70       002E38
__ptext71                                       text71       002DE0
__ptext72                                       text72       002D1A
__ptext73                                       text73       0026D0
__ptext75                                       text75       001DB4
__ptext76                                       text76       001CEC
__ptext77                                       text77       002A30
__ptext78                                       text78       002912
__ptext79                                       text79       002D00
__ptext8                                        text8        002DF6
__ptext80                                       text80       002C70
__ptext81                                       text81       002E40
__ptext82                                       text82       002E58
__ptext83                                       text83       002E46
__ptext84                                       text84       002C1E
__ptext85                                       text85       000000
__ptext9                                        text9        002E00
__ramtop                                        ramtop       001000
__smallconst                                    smallconst   000000
_abs                                            text49       002AB4
_add_digit_1                                    bssBANK1     000155
_add_digit_2                                    bssBANK1     000153
_atoi                                           text55       0015BC
_broadcast_test_flag                            bssCOMRAM    00003E
_clear_buffer                                   text64       0029EC
_command                                        bssCOMRAM    00003B
_command_index                                  bssCOMRAM    00003A
_ctoa                                           text52       002074
_curr_state                                     bssCOMRAM    000041
_dbuf                                           bssBANK1     000157
_destination                                    bssCOMRAM    000042
_dtoa                                           text46       000E44
_dtoa$2215                                      cstackBANK0  000072
_errno                                          bssBANK1     00014F
_eusart1RxBuffer                                bssBANK1     00013F
_eusart1RxCount                                 bssCOMRAM    000045
_eusart1RxHead                                  bssCOMRAM    000047
_eusart1RxLastError                             bssCOMRAM    000044
_eusart1RxStatusBuffer                          bssBANK1     000137
_eusart1RxTail                                  bssCOMRAM    000046
_fill_buffer                                    text79       002D00
_flags                                          bssCOMRAM    000039
_fputc                                          text53       001C22
_fputs                                          text48       0029A8
_frameAddress                                   bssBANK1     0001D4
_frame_buffer                                   bssBANK1     0001B3
_frame_index                                    bssBANK1     000151
_frame_ready_flag                               bssCOMRAM    00003D
_frame_state                                    bssCOMRAM    000043
_fullAckFrame                                   bssBANK1     00019F
_function_table                                 dataBANK1    0001D6
_get_ID                                         text63       001B4C
_get_flag                                       bssCOMRAM    00003F
_i2c_driver_init                                text1        002D74
_i2c_driver_read_byte                           text30       0022A0
_i2c_driver_read_twobytes                       text29       001FD2
_i2c_driver_write_byte                          text68       002552
_init_buffer_flag                               bssCOMRAM    00003C
_isalnum                                        text21       0025B8
_isalnum$2396                                   cstackCOMRAM 000022
_isalpha                                        text22       002B2C
_isdigit                                        text57       002BF2
_islower                                        text20       002BC6
_isspace                                        text56       002962
_isspace$2292                                   cstackCOMRAM 00001A
_main                                           text0        001F26
_memcpy                                         text27       002872
_my_RX_ISR                                      text76       001CEC
_pad                                            text47       00231C
_parse_frame_ID                                 text61       002CBE
_prec                                           bssCOMRAM    000037
_prev_destination                               dataBANK0    0000CB
_putch                                          text54       002E1E
_read_flag                                      bssCOMRAM    000040
_realAdress                                     bssBANK1     0001D2
_send_string                                    text58       002222
_sprintf                                        text40       002820
_stoa                                           text45       001860
_strlen                                         text65       0028C2
_strncmp                                        text44       00198C
_strtol                                         text17       002B64
_toupper                                        text19       002AF4
_vfpfcnvrt                                      text42       0000A6
_vfpfcnvrt$2255                                 cstackBANK0  000090
_vfprintf                                       text41       00277A
_voltage                                        bssBANK1     000147
_width                                          bssCOMRAM    000035
_xtoa                                           text43       0010FE
_xtoa$2235                                      cstackBANK0  000072
abs@a                                           cstackCOMRAM 000028
atoi@n                                          cstackCOMRAM 000023
atoi@neg                                        cstackCOMRAM 000021
atoi@s                                          cstackCOMRAM 00001C
btemp                                           temp         00004A
clear_buffer@buffer                             cstackCOMRAM 00001A
clear_buffer@i_1137                             cstackCOMRAM 00001C
ctoa@c                                          cstackCOMRAM 000023
ctoa@fp                                         cstackCOMRAM 000021
ctoa@l                                          cstackCOMRAM 000025
ctoa@w                                          cstackCOMRAM 000027
dtoa@d                                          cstackBANK0  000062
dtoa@fp                                         cstackBANK0  000060
dtoa@i                                          cstackBANK0  000081
dtoa@n                                          cstackBANK0  000078
dtoa@p                                          cstackBANK0  000074
dtoa@s                                          cstackBANK0  000080
dtoa@w                                          cstackBANK0  000076
end_of_initialization                           cinit        002770
fill_buffer@received_char                       cstackCOMRAM 000001
fputc@c                                         cstackCOMRAM 000018
fputc@fp                                        cstackCOMRAM 00001A
fputs@c                                         cstackCOMRAM 000025
fputs@fp                                        cstackCOMRAM 000023
fputs@i                                         cstackCOMRAM 000026
fputs@s                                         cstackCOMRAM 000021
i2_clear_buffer                                 text77       002A30
i2_strlen                                       text78       002912
i2c_driver_read_byte@data                       cstackCOMRAM 00001A
i2c_driver_read_byte@devaddr                    cstackCOMRAM 00001C
i2c_driver_read_byte@reg                        cstackCOMRAM 000019
i2c_driver_read_twobytes@data                   cstackCOMRAM 00001A
i2c_driver_read_twobytes@devaddr                cstackCOMRAM 00001F
i2c_driver_read_twobytes@reg                    cstackCOMRAM 000019
i2c_driver_write_byte@data                      cstackCOMRAM 000018
i2c_driver_write_byte@devaddr                   cstackCOMRAM 000019
i2c_driver_write_byte@reg                       cstackCOMRAM 000017
i2clear_buffer@buffer                           cstackCOMRAM 000005
i2clear_buffer@i_1137                           cstackCOMRAM 000007
i2strlen@a                                      cstackCOMRAM 000003
i2strlen@s                                      cstackCOMRAM 000001
int$flags                                       temp         00004A
intlevel0                                       text         000000
intlevel1                                       text         000000
intlevel2                                       text         000000
intlevel3                                       text         000000
isa$std                                         (abs)        000001
isa$xinst                                       (abs)        000000
isalnum@c                                       cstackCOMRAM 00001C
isalpha@c                                       cstackCOMRAM 000016
isdigit@c                                       cstackCOMRAM 000016
islower@c                                       cstackCOMRAM 000016
isspace@c                                       cstackCOMRAM 000016
memcpy@d                                        cstackCOMRAM 000021
memcpy@d1                                       cstackCOMRAM 00001A
memcpy@n                                        cstackCOMRAM 00001E
memcpy@s                                        cstackCOMRAM 000023
memcpy@s1                                       cstackCOMRAM 00001C
memcpy@tmp                                      cstackCOMRAM 000020
my_RX_ISR@frame_char                            cstackCOMRAM 00000B
pad@buf                                         cstackCOMRAM 00002A
pad@fp                                          cstackCOMRAM 000028
pad@i                                           cstackCOMRAM 00002F
pad@p                                           cstackCOMRAM 00002C
pad@w                                           cstackCOMRAM 000031
putch@txData                                    cstackCOMRAM 000017
send_string@i                                   cstackCOMRAM 00001E
send_string@message                             cstackCOMRAM 00001A
sprintf@ap                                      cstackBANK0  0000B0
sprintf@f                                       cstackBANK0  0000B2
sprintf@fmt                                     cstackBANK0  0000A4
sprintf@s                                       cstackBANK0  0000A2
stackhi                                         (abs)        000000
stacklo                                         (abs)        000000
start                                           init         0000A2
start_initialization                            cinit        002726
stoa@F1157                                      dataBANK1    0001E2
stoa@cp                                         cstackBANK0  00006B
stoa@fp                                         cstackCOMRAM 000021
stoa@i                                          cstackBANK0  000069
stoa@l                                          cstackBANK0  00006D
stoa@nuls                                       cstackBANK0  000060
stoa@p                                          cstackBANK0  00006F
stoa@s                                          cstackCOMRAM 000023
stoa@w                                          cstackBANK0  000067
strlen@a                                        cstackCOMRAM 000018
strlen@s                                        cstackCOMRAM 000016
strncmp@_l                                      cstackCOMRAM 000016
strncmp@_r                                      cstackCOMRAM 000018
strncmp@l                                       cstackCOMRAM 00001D
strncmp@n                                       cstackCOMRAM 00001A
strncmp@r                                       cstackCOMRAM 00001F
strtol@base                                     cstackCOMRAM 000032
strtol@endptr                                   cstackCOMRAM 000030
strtol@s                                        cstackCOMRAM 00002E
toupper@c                                       cstackCOMRAM 00001A
ttemp5                                          temp         00004B
ttemp6                                          temp         00004E
ttemp7                                          temp         000052
vfpfcnvrt@ap                                    cstackBANK0  000087
vfpfcnvrt@c                                     cstackBANK0  00008D
vfpfcnvrt@convarg                               cstackBANK0  000092
vfpfcnvrt@cp                                    cstackBANK0  00009A
vfpfcnvrt@done                                  cstackBANK0  00008E
vfpfcnvrt@fmt                                   cstackBANK0  000085
vfpfcnvrt@fp                                    cstackBANK0  000083
vfprintf@ap                                     cstackBANK0  0000A0
vfprintf@cfmt                                   cstackCOMRAM 000033
vfprintf@fmt                                    cstackBANK0  00009E
vfprintf@fp                                     cstackBANK0  00009C
wtemp8                                          temp         00004B
xtoa@c                                          cstackBANK0  000082
xtoa@d                                          cstackBANK0  000062
xtoa@fp                                         cstackBANK0  000060
xtoa@i                                          cstackBANK0  000080
xtoa@n                                          cstackBANK0  000078
xtoa@p                                          cstackBANK0  000074
xtoa@w                                          cstackBANK0  000076


MODULE INFORMATION

Module		Function		Class		Link	Load	Size
C:\Program Files\Microchip\xc8\v2.40\pic\sources\c99\common\nf_fputc.c
		_fputc         		CODE           	1C22	0000	202

C:\Program Files\Microchip\xc8\v2.40\pic\sources\c99\common\nf_fputc.c estimated size: 202

C:\Program Files\Microchip\xc8\v2.40\pic\sources\c99\common\toupper.c
		_toupper       		CODE           	2AF4	0000	56

C:\Program Files\Microchip\xc8\v2.40\pic\sources\c99\common\toupper.c estimated size: 56

C:\Program Files\Microchip\xc8\v2.40\pic\sources\c99\common\nf_sprintf.c
		_sprintf       		CODE           	2820	0000	82

C:\Program Files\Microchip\xc8\v2.40\pic\sources\c99\common\nf_sprintf.c estimated size: 82

C:\Program Files\Microchip\xc8\v2.40\pic\sources\c99\common\memcpy.c
		_memcpy        		CODE           	2872	0000	80

C:\Program Files\Microchip\xc8\v2.40\pic\sources\c99\common\memcpy.c estimated size: 80

C:\Program Files\Microchip\xc8\v2.40\pic\sources\c99\common\isalpha.c
		_isalpha       		CODE           	2B2C	0000	56

C:\Program Files\Microchip\xc8\v2.40\pic\sources\c99\common\isalpha.c estimated size: 56

C:\Program Files\Microchip\xc8\v2.40\pic\sources\c99\common\isspace.c
		_isspace       		CODE           	2962	0000	70

C:\Program Files\Microchip\xc8\v2.40\pic\sources\c99\common\isspace.c estimated size: 70

C:\Program Files\Microchip\xc8\v2.40\pic\sources\c99\common\atoi.c
		_atoi          		CODE           	15BC	0000	340

C:\Program Files\Microchip\xc8\v2.40\pic\sources\c99\common\atoi.c estimated size: 340

C:\Program Files\Microchip\xc8\v2.40\pic\sources\c99\common\Umul16.c
		___wmul        		CODE           	2C98	0000	38

C:\Program Files\Microchip\xc8\v2.40\pic\sources\c99\common\Umul16.c estimated size: 38

mcc_generated_files/interrupt_manager.c
		_INTERRUPT_Initialize		CODE           	2E4C	0000	4
		_INTERRUPT_InterruptManager		CODE           	0008	0000	154

mcc_generated_files/interrupt_manager.c estimated size: 158

C:\Program Files\Microchip\xc8\v2.40\pic\sources\c99\common\strncmp.c
		_strncmp       		CODE           	198C	0000	234

C:\Program Files\Microchip\xc8\v2.40\pic\sources\c99\common\strncmp.c estimated size: 234

C:\Program Files\Microchip\xc8\v2.40\pic\sources\c99\common\abs.c
		_abs           		CODE           	2AB4	0000	64

C:\Program Files\Microchip\xc8\v2.40\pic\sources\c99\common\abs.c estimated size: 64

mcc_generated_files/pin_manager.c
		_PIN_MANAGER_Initialize		CODE           	2A74	0000	64

mcc_generated_files/pin_manager.c estimated size: 64

i2c_driver.c
		_I2C1_WaitIdle 		CODE           	26D0	0000	86
		_I2C1_MasterSendTxData		CODE           	2DE0	0000	12
		_i2c_driver_write_byte		CODE           	2552	0000	102
		_I2C1_MasterStop		CODE           	2E30	0000	8
		_I2C1_MasterStartRx		CODE           	2E54	0000	4
		_I2C1_MasterSendNack		CODE           	2D88	0000	20
		_I2C1_MasterEnableRestart		CODE           	2E28	0000	8
		_i2c_driver_read_twobytes		CODE           	1FD2	0000	162
		_i2c_driver_read_byte		CODE           	22A0	0000	124
		_I2C1_MasterIsRxBufFull		CODE           	2D9C	0000	20
		_I2C1_MasterIsNack		CODE           	2D1A	0000	24
		_I2C1_MasterStart		CODE           	2E38	0000	8
		_I2C1_MasterGetRxData		CODE           	2B96	0000	48
		_I2C1_MasterStopRx		CODE           	2E50	0000	4
		_i2c_driver_init		CODE           	2D74	0000	20

i2c_driver.c estimated size: 650

C:\Program Files\Microchip\xc8\v2.40\pic\sources\c99\common\isdigit.c
		_isdigit       		CODE           	2BF2	0000	44

C:\Program Files\Microchip\xc8\v2.40\pic\sources\c99\common\isdigit.c estimated size: 44

C:\Program Files\Microchip\xc8\v2.40\pic\sources\c99\common\Umul32.c
		___lmul        		CODE           	24E8	0000	106

C:\Program Files\Microchip\xc8\v2.40\pic\sources\c99\common\Umul32.c estimated size: 106

C:\Program Files\Microchip\xc8\v2.40\pic\sources\c99\common\nf_fputs.c
		_fputs         		CODE           	29A8	0000	68

C:\Program Files\Microchip\xc8\v2.40\pic\sources\c99\common\nf_fputs.c estimated size: 68

C:\Program Files\Microchip\xc8\v2.40\pic\sources\c99\common\__strtoxl.c
		___strtoxl     		CODE           	059C	0000	1188

C:\Program Files\Microchip\xc8\v2.40\pic\sources\c99\common\__strtoxl.c estimated size: 1188

C:\Program Files\Microchip\xc8\v2.40\pic\sources\c99\common\isalnum.c
		_isalnum       		CODE           	25B8	0000	96

C:\Program Files\Microchip\xc8\v2.40\pic\sources\c99\common\isalnum.c estimated size: 96

C:\Program Files\Microchip\xc8\v2.40\pic\sources\c99\common\aomod.c
		___aomod       		CODE           	1458	0000	356

C:\Program Files\Microchip\xc8\v2.40\pic\sources\c99\common\aomod.c estimated size: 356

C:\Program Files\Microchip\xc8\v2.40\pic\sources\c99\common\strlen.c
		_strlen        		CODE           	28C2	0000	80

C:\Program Files\Microchip\xc8\v2.40\pic\sources\c99\common\strlen.c estimated size: 80

shared
		__initialization		CODE           	2726	0000	74
		i2_clear_buffer		CODE           	2A30	0000	68
		i2_strlen      		CODE           	2912	0000	80

shared estimated size: 222

mcc_generated_files/eusart1.c
		_EUSART1_SetRxInterruptHandler		CODE           	2DEC	0000	10
		_EUSART1_is_tx_ready		CODE           	2C48	0000	40
		_EUSART1_Initialize		CODE           	2676	0000	90
		_putch         		CODE           	2E1E	0000	10
		_EUSART1_DefaultErrorHandler		CODE           	2E46	0000	6
		_EUSART1_SetFramingErrorHandler		CODE           	2E00	0000	10
		_send_string   		CODE           	2222	0000	126
		_EUSART1_Read  		CODE           	2C70	0000	40
		_EUSART1_SetOverrunErrorHandler		CODE           	2DF6	0000	10
		_EUSART1_SetErrorHandler		CODE           	2E0A	0000	10
		_EUSART1_Write 		CODE           	2D48	0000	22
		_EUSART1_Receive_ISR		CODE           	1DB4	0000	188
		_EUSART1_RxDataHandler		CODE           	2C1E	0000	42
		_EUSART1_DefaultOverrunErrorHandler		CODE           	2E40	0000	6
		_EUSART1_DefaultFramingErrorHandler		CODE           	2E58	0000	2

mcc_generated_files/eusart1.c estimated size: 612

mcc_generated_files/mcc.c
		_OSCILLATOR_Initialize		CODE           	2DD2	0000	14
		_SYSTEM_Initialize		CODE           	2DB0	0000	18

mcc_generated_files/mcc.c estimated size: 32

C:\Program Files\Microchip\xc8\v2.40\pic\sources\c99\common\strtol.c
		_strtol        		CODE           	2B64	0000	50

C:\Program Files\Microchip\xc8\v2.40\pic\sources\c99\common\strtol.c estimated size: 50

C:\Program Files\Microchip\xc8\v2.40\pic\sources\c99\common\doprnt.c
		_vfpfcnvrt     		CODE           	00A6	0000	1270
		_pad           		CODE           	231C	0000	122
		_ctoa          		CODE           	2074	0000	154
		_dtoa          		CODE           	0E44	0000	698
		_vfprintf      		CODE           	277A	0000	84
		_stoa          		CODE           	1860	0000	300
		_xtoa          		CODE           	10FE	0000	466

C:\Program Files\Microchip\xc8\v2.40\pic\sources\c99\common\doprnt.c estimated size: 3094

main.c
		_my_RX_ISR     		CODE           	1CEC	0000	200
		_Parse         		CODE           	2618	0000	94
		_TrimAckFrame  		CODE           	2408	0000	114
		_main          		CODE           	1F26	0000	172
		_TrimFrame     		CODE           	2396	0000	114
		_Idle          		CODE           	2D32	0000	22
		_ACKframeChecksum		CODE           	1E70	0000	182
		_ReceivedFrameChecksum		CODE           	1A76	0000	214
		_ChecksumCalc  		CODE           	247A	0000	110
		_get_ID        		CODE           	1B4C	0000	214
		_Initialize    		CODE           	2E14	0000	10
		_parse_frame_ID		CODE           	2CBE	0000	36
		_GetChecksumValue		CODE           	21A2	0000	128
		_Decode        		CODE           	1710	0000	336
		_Destination_Check		CODE           	27CE	0000	82
		_Execute       		CODE           	0A40	0000	1028
		_clear_buffer  		CODE           	29EC	0000	68
		_fill_buffer   		CODE           	2D00	0000	26

main.c estimated size: 3150

C:\Program Files\Microchip\xc8\v2.40\pic\sources\c99\common\islower.c
		_islower       		CODE           	2BC6	0000	44

C:\Program Files\Microchip\xc8\v2.40\pic\sources\c99\common\islower.c estimated size: 44

ADC_driver.c
		_ADC_read      		CODE           	210E	0000	148
		_ADC_init      		CODE           	2CE2	0000	30
		_ADC_reset     		CODE           	2DC2	0000	16

ADC_driver.c estimated size: 194

C:\Program Files\Microchip\xc8\v2.40\pic\sources\c99\common\aodiv.c
		___aodiv       		CODE           	12D0	0000	392

C:\Program Files\Microchip\xc8\v2.40\pic\sources\c99\common\aodiv.c estimated size: 392

